Archive member included to satisfy reference by file (symbol)

/Applications/STM32CubeIDE.app/Contents/Eclipse/plugins/com.st.stm32cube.ide.mcu.externaltools.gnu-tools-for-stm32.10.3-2021.10.macos64_1.0.0.202111181127/tools/bin/../lib/gcc/arm-none-eabi/10.3.1/../../../../arm-none-eabi/lib/thumb/v6-m/nofp/libc_nano.a(lib_a-errno.o)
                              ./Core/Src/syscalls.o (__errno)
/Applications/STM32CubeIDE.app/Contents/Eclipse/plugins/com.st.stm32cube.ide.mcu.externaltools.gnu-tools-for-stm32.10.3-2021.10.macos64_1.0.0.202111181127/tools/bin/../lib/gcc/arm-none-eabi/10.3.1/../../../../arm-none-eabi/lib/thumb/v6-m/nofp/libc_nano.a(lib_a-exit.o)
                              /Applications/STM32CubeIDE.app/Contents/Eclipse/plugins/com.st.stm32cube.ide.mcu.externaltools.gnu-tools-for-stm32.10.3-2021.10.macos64_1.0.0.202111181127/tools/bin/../lib/gcc/arm-none-eabi/10.3.1/../../../../arm-none-eabi/lib/thumb/v6-m/nofp/crt0.o (exit)
/Applications/STM32CubeIDE.app/Contents/Eclipse/plugins/com.st.stm32cube.ide.mcu.externaltools.gnu-tools-for-stm32.10.3-2021.10.macos64_1.0.0.202111181127/tools/bin/../lib/gcc/arm-none-eabi/10.3.1/../../../../arm-none-eabi/lib/thumb/v6-m/nofp/libc_nano.a(lib_a-impure.o)
                              /Applications/STM32CubeIDE.app/Contents/Eclipse/plugins/com.st.stm32cube.ide.mcu.externaltools.gnu-tools-for-stm32.10.3-2021.10.macos64_1.0.0.202111181127/tools/bin/../lib/gcc/arm-none-eabi/10.3.1/../../../../arm-none-eabi/lib/thumb/v6-m/nofp/libc_nano.a(lib_a-exit.o) (_global_impure_ptr)
/Applications/STM32CubeIDE.app/Contents/Eclipse/plugins/com.st.stm32cube.ide.mcu.externaltools.gnu-tools-for-stm32.10.3-2021.10.macos64_1.0.0.202111181127/tools/bin/../lib/gcc/arm-none-eabi/10.3.1/../../../../arm-none-eabi/lib/thumb/v6-m/nofp/libc_nano.a(lib_a-init.o)
                              /Applications/STM32CubeIDE.app/Contents/Eclipse/plugins/com.st.stm32cube.ide.mcu.externaltools.gnu-tools-for-stm32.10.3-2021.10.macos64_1.0.0.202111181127/tools/bin/../lib/gcc/arm-none-eabi/10.3.1/../../../../arm-none-eabi/lib/thumb/v6-m/nofp/crt0.o (__libc_init_array)
/Applications/STM32CubeIDE.app/Contents/Eclipse/plugins/com.st.stm32cube.ide.mcu.externaltools.gnu-tools-for-stm32.10.3-2021.10.macos64_1.0.0.202111181127/tools/bin/../lib/gcc/arm-none-eabi/10.3.1/../../../../arm-none-eabi/lib/thumb/v6-m/nofp/libc_nano.a(lib_a-malloc.o)
                              ./Core/Src/xl320_driver.o (malloc)
/Applications/STM32CubeIDE.app/Contents/Eclipse/plugins/com.st.stm32cube.ide.mcu.externaltools.gnu-tools-for-stm32.10.3-2021.10.macos64_1.0.0.202111181127/tools/bin/../lib/gcc/arm-none-eabi/10.3.1/../../../../arm-none-eabi/lib/thumb/v6-m/nofp/libc_nano.a(lib_a-memcpy-stub.o)
                              ./Core/Src/xl320_driver.o (memcpy)
/Applications/STM32CubeIDE.app/Contents/Eclipse/plugins/com.st.stm32cube.ide.mcu.externaltools.gnu-tools-for-stm32.10.3-2021.10.macos64_1.0.0.202111181127/tools/bin/../lib/gcc/arm-none-eabi/10.3.1/../../../../arm-none-eabi/lib/thumb/v6-m/nofp/libc_nano.a(lib_a-memset.o)
                              /Applications/STM32CubeIDE.app/Contents/Eclipse/plugins/com.st.stm32cube.ide.mcu.externaltools.gnu-tools-for-stm32.10.3-2021.10.macos64_1.0.0.202111181127/tools/bin/../lib/gcc/arm-none-eabi/10.3.1/../../../../arm-none-eabi/lib/thumb/v6-m/nofp/crt0.o (memset)
/Applications/STM32CubeIDE.app/Contents/Eclipse/plugins/com.st.stm32cube.ide.mcu.externaltools.gnu-tools-for-stm32.10.3-2021.10.macos64_1.0.0.202111181127/tools/bin/../lib/gcc/arm-none-eabi/10.3.1/../../../../arm-none-eabi/lib/thumb/v6-m/nofp/libc_nano.a(lib_a-nano-freer.o)
                              /Applications/STM32CubeIDE.app/Contents/Eclipse/plugins/com.st.stm32cube.ide.mcu.externaltools.gnu-tools-for-stm32.10.3-2021.10.macos64_1.0.0.202111181127/tools/bin/../lib/gcc/arm-none-eabi/10.3.1/../../../../arm-none-eabi/lib/thumb/v6-m/nofp/libc_nano.a(lib_a-malloc.o) (_free_r)
/Applications/STM32CubeIDE.app/Contents/Eclipse/plugins/com.st.stm32cube.ide.mcu.externaltools.gnu-tools-for-stm32.10.3-2021.10.macos64_1.0.0.202111181127/tools/bin/../lib/gcc/arm-none-eabi/10.3.1/../../../../arm-none-eabi/lib/thumb/v6-m/nofp/libc_nano.a(lib_a-nano-mallocr.o)
                              /Applications/STM32CubeIDE.app/Contents/Eclipse/plugins/com.st.stm32cube.ide.mcu.externaltools.gnu-tools-for-stm32.10.3-2021.10.macos64_1.0.0.202111181127/tools/bin/../lib/gcc/arm-none-eabi/10.3.1/../../../../arm-none-eabi/lib/thumb/v6-m/nofp/libc_nano.a(lib_a-malloc.o) (_malloc_r)
/Applications/STM32CubeIDE.app/Contents/Eclipse/plugins/com.st.stm32cube.ide.mcu.externaltools.gnu-tools-for-stm32.10.3-2021.10.macos64_1.0.0.202111181127/tools/bin/../lib/gcc/arm-none-eabi/10.3.1/../../../../arm-none-eabi/lib/thumb/v6-m/nofp/libc_nano.a(lib_a-printf.o)
                              ./Core/Src/xl320_driver.o (printf)
[...]
Memory Configuration

Name             Origin             Length             Attributes
RAM              0x0000000020000000 0x0000000000009000 xrw
FLASH            0x0000000008000000 0x0000000000020000 xr
*default*        0x0000000000000000 0xffffffffffffffff

Linker script and memory map

LOAD /Applications/STM32CubeIDE.app/Contents/Eclipse/plugins/com.st.stm32cube.ide.mcu.externaltools.gnu-tools-for-stm32.10.3-2021.10.macos64_1.0.0.202111181127/tools/bin/../lib/gcc/arm-none-eabi/10.3.1/thumb/v6-m/nofp/crti.o
LOAD /Applications/STM32CubeIDE.app/Contents/Eclipse/plugins/com.st.stm32cube.ide.mcu.externaltools.gnu-tools-for-stm32.10.3-2021.10.macos64_1.0.0.202111181127/tools/bin/../lib/gcc/arm-none-eabi/10.3.1/thumb/v6-m/nofp/crtbegin.o
LOAD /Applications/STM32CubeIDE.app/Contents/Eclipse/plugins/com.st.stm32cube.ide.mcu.externaltools.gnu-tools-for-stm32.10.3-2021.10.macos64_1.0.0.202111181127/tools/bin/../lib/gcc/arm-none-eabi/10.3.1/../../../../arm-none-eabi/lib/thumb/v6-m/nofp/crt0.o
LOAD ./Core/Src/gpio.o
LOAD ./Core/Src/main.o
LOAD ./Core/Src/stm32g0xx_hal_msp.o
LOAD ./Core/Src/stm32g0xx_it.o
LOAD ./Core/Src/syscalls.o
LOAD ./Core/Src/sysmem.o
LOAD ./Core/Src/system_stm32g0xx.o
LOAD ./Core/Src/uart_half_duplex_driver.o
LOAD ./Core/Src/usart.o
LOAD ./Core/Src/xl320_driver.o
LOAD ./Core/Startup/startup_stm32g070rbtx.o
LOAD ./Drivers/STM32G0xx_HAL_Driver/Src/stm32g0xx_hal.o
LOAD ./Drivers/STM32G0xx_HAL_Driver/Src/stm32g0xx_hal_cortex.o
LOAD ./Drivers/STM32G0xx_HAL_Driver/Src/stm32g0xx_hal_dma.o
LOAD ./Drivers/STM32G0xx_HAL_Driver/Src/stm32g0xx_hal_dma_ex.o
LOAD ./Drivers/STM32G0xx_HAL_Driver/Src/stm32g0xx_hal_exti.o
LOAD ./Drivers/STM32G0xx_HAL_Driver/Src/stm32g0xx_hal_flash.o
LOAD ./Drivers/STM32G0xx_HAL_Driver/Src/stm32g0xx_hal_flash_ex.o
LOAD ./Drivers/STM32G0xx_HAL_Driver/Src/stm32g0xx_hal_gpio.o
LOAD ./Drivers/STM32G0xx_HAL_Driver/Src/stm32g0xx_hal_pwr.o
LOAD ./Drivers/STM32G0xx_HAL_Driver/Src/stm32g0xx_hal_pwr_ex.o
LOAD ./Drivers/STM32G0xx_HAL_Driver/Src/stm32g0xx_hal_rcc.o
LOAD ./Drivers/STM32G0xx_HAL_Driver/Src/stm32g0xx_hal_rcc_ex.o
LOAD ./Drivers/STM32G0xx_HAL_Driver/Src/stm32g0xx_hal_tim.o
LOAD ./Drivers/STM32G0xx_HAL_Driver/Src/stm32g0xx_hal_tim_ex.o
LOAD ./Drivers/STM32G0xx_HAL_Driver/Src/stm32g0xx_hal_uart.o
LOAD ./Drivers/STM32G0xx_HAL_Driver/Src/stm32g0xx_hal_uart_ex.o
LOAD ./Drivers/STM32G0xx_HAL_Driver/Src/stm32g0xx_ll_dma.o
LOAD ./Drivers/STM32G0xx_HAL_Driver/Src/stm32g0xx_ll_rcc.o
START GROUP
LOAD /Applications/STM32CubeIDE.app/Contents/Eclipse/plugins/com.st.stm32cube.ide.mcu.externaltools.gnu-tools-for-stm32.10.3-2021.10.macos64_1.0.0.202111181127/tools/bin/../lib/gcc/arm-none-eabi/10.3.1/../../../../arm-none-eabi/lib/thumb/v6-m/nofp/libc_nano.a
LOAD /Applications/STM32CubeIDE.app/Contents/Eclipse/plugins/com.st.stm32cube.ide.mcu.externaltools.gnu-tools-for-stm32.10.3-2021.10.macos64_1.0.0.202111181127/tools/bin/../lib/gcc/arm-none-eabi/10.3.1/../../../../arm-none-eabi/lib/thumb/v6-m/nofp/libm.a
END GROUP
START GROUP
LOAD /Applications/STM32CubeIDE.app/Contents/Eclipse/plugins/com.st.stm32cube.ide.mcu.externaltools.gnu-tools-for-stm32.10.3-2021.10.macos64_1.0.0.202111181127/tools/bin/../lib/gcc/arm-none-eabi/10.3.1/thumb/v6-m/nofp/libgcc.a
LOAD /Applications/STM32CubeIDE.app/Contents/Eclipse/plugins/com.st.stm32cube.ide.mcu.externaltools.gnu-tools-for-stm32.10.3-2021.10.macos64_1.0.0.202111181127/tools/bin/../lib/gcc/arm-none-eabi/10.3.1/../../../../arm-none-eabi/lib/thumb/v6-m/nofp/libc_nano.a
END GROUP
START GROUP
LOAD /Applications/STM32CubeIDE.app/Contents/Eclipse/plugins/com.st.stm32cube.ide.mcu.externaltools.gnu-tools-for-stm32.10.3-2021.10.macos64_1.0.0.202111181127/tools/bin/../lib/gcc/arm-none-eabi/10.3.1/thumb/v6-m/nofp/libgcc.a
LOAD /Applications/STM32CubeIDE.app/Contents/Eclipse/plugins/com.st.stm32cube.ide.mcu.externaltools.gnu-tools-for-stm32.10.3-2021.10.macos64_1.0.0.202111181127/tools/bin/../lib/gcc/arm-none-eabi/10.3.1/../../../../arm-none-eabi/lib/thumb/v6-m/nofp/libc_nano.a
LOAD /Applications/STM32CubeIDE.app/Contents/Eclipse/plugins/com.st.stm32cube.ide.mcu.externaltools.gnu-tools-for-stm32.10.3-2021.10.macos64_1.0.0.202111181127/tools/bin/../lib/gcc/arm-none-eabi/10.3.1/../../../../arm-none-eabi/lib/thumb/v6-m/nofp/libnosys.a
END GROUP
START GROUP
LOAD /Applications/STM32CubeIDE.app/Contents/Eclipse/plugins/com.st.stm32cube.ide.mcu.externaltools.gnu-tools-for-stm32.10.3-2021.10.macos64_1.0.0.202111181127/tools/bin/../lib/gcc/arm-none-eabi/10.3.1/thumb/v6-m/nofp/libgcc.a
LOAD /Applications/STM32CubeIDE.app/Contents/Eclipse/plugins/com.st.stm32cube.ide.mcu.externaltools.gnu-tools-for-stm32.10.3-2021.10.macos64_1.0.0.202111181127/tools/bin/../lib/gcc/arm-none-eabi/10.3.1/../../../../arm-none-eabi/lib/thumb/v6-m/nofp/libc_nano.a
LOAD /Applications/STM32CubeIDE.app/Contents/Eclipse/plugins/com.st.stm32cube.ide.mcu.externaltools.gnu-tools-for-stm32.10.3-2021.10.macos64_1.0.0.202111181127/tools/bin/../lib/gcc/arm-none-eabi/10.3.1/../../../../arm-none-eabi/lib/thumb/v6-m/nofp/libnosys.a
END GROUP
LOAD /Applications/STM32CubeIDE.app/Contents/Eclipse/plugins/com.st.stm32cube.ide.mcu.externaltools.gnu-tools-for-stm32.10.3-2021.10.macos64_1.0.0.202111181127/tools/bin/../lib/gcc/arm-none-eabi/10.3.1/thumb/v6-m/nofp/crtend.o
LOAD /Applications/STM32CubeIDE.app/Contents/Eclipse/plugins/com.st.stm32cube.ide.mcu.externaltools.gnu-tools-for-stm32.10.3-2021.10.macos64_1.0.0.202111181127/tools/bin/../lib/gcc/arm-none-eabi/10.3.1/thumb/v6-m/nofp/crtn.o
                0x0000000020009000                _estack = (ORIGIN (RAM) + LENGTH (RAM))
                0x0000000000000200                _Min_Heap_Size = 0x200
                0x0000000000000400                _Min_Stack_Size = 0x400

.isr_vector     0x0000000008000000       0xb8
                0x0000000008000000                . = ALIGN (0x4)
 *(.isr_vector)
 .isr_vector    0x0000000008000000       0xb8 ./Core/Startup/startup_stm32g070rbtx.o
                0x0000000008000000                g_pfnVectors
                0x00000000080000b8                . = ALIGN (0x4)

.text           0x00000000080000b8     0x4b28
                0x00000000080000b8                . = ALIGN (0x4)
 *(.text)
 .text          0x00000000080000b8       0x48 /Applications/STM32CubeIDE.app/Contents/Eclipse/plugins/com.st.stm32cube.ide.mcu.externaltools.gnu-tools-for-stm32.10.3-2021.10.macos64_1.0.0.202111181127/tools/bin/../lib/gcc/arm-none-eabi/10.3.1/thumb/v6-m/nofp/crtbegin.o
 .text          0x0000000008000100      0x114 /Applications/STM32CubeIDE.app/Contents/Eclipse/plugins/com.st.stm32cube.ide.mcu.externaltools.gnu-tools-for-stm32.10.3-2021.10.macos64_1.0.0.202111181127/tools/bin/../lib/gcc/arm-none-eabi/10.3.1/thumb/v6-m/nofp/libgcc.a(_udivsi3.o)
                0x0000000008000100                __udivsi3
                0x0000000008000100                __aeabi_uidiv
                0x000000000800020c                __aeabi_uidivmod
 .text          0x0000000008000214      0x1d4 /Applications/STM32CubeIDE.app/Contents/Eclipse/plugins/com.st.stm32cube.ide.mcu.externaltools.gnu-tools-for-stm32.10.3-2021.10.macos64_1.0.0.202111181127/tools/bin/../lib/gcc/arm-none-eabi/10.3.1/thumb/v6-m/nofp/libgcc.a(_divsi3.o)
                0x0000000008000214                __aeabi_idiv
                0x0000000008000214                __divsi3
                0x00000000080003e0                __aeabi_idivmod
 .text          0x00000000080003e8        0x4 /Applications/STM32CubeIDE.app/Contents/Eclipse/plugins/com.st.stm32cube.ide.mcu.externaltools.gnu-tools-for-stm32.10.3-2021.10.macos64_1.0.0.202111181127/tools/bin/../lib/gcc/arm-none-eabi/10.3.1/thumb/v6-m/nofp/libgcc.a(_dvmd_tls.o)
                0x00000000080003e8                __aeabi_ldiv0
                0x00000000080003e8                __aeabi_idiv0
 .text          0x00000000080003ec       0x3c /Applications/STM32CubeIDE.app/Contents/Eclipse/plugins/com.st.stm32cube.ide.mcu.externaltools.gnu-tools-for-stm32.10.3-2021.10.macos64_1.0.0.202111181127/tools/bin/../lib/gcc/arm-none-eabi/10.3.1/thumb/v6-m/nofp/libgcc.a(_fixunsdfsi.o)
                0x00000000080003ec                __fixunsdfsi
                0x00000000080003ec                __aeabi_d2uiz
 .text          0x0000000008000428      0x5ec /Applications/STM32CubeIDE.app/Contents/Eclipse/plugins/com.st.stm32cube.ide.mcu.externaltools.gnu-tools-for-stm32.10.3-2021.10.macos64_1.0.0.202111181127/tools/bin/../lib/gcc/arm-none-eabi/10.3.1/thumb/v6-m/nofp/libgcc.a(divdf3.o)
                0x0000000008000428                __aeabi_ddiv
 .text          0x0000000008000a14      0x724 /Applications/STM32CubeIDE.app/Contents/Eclipse/plugins/com.st.stm32cube.ide.mcu.externaltools.gnu-tools-for-stm32.10.3-2021.10.macos64_1.0.0.202111181127/tools/bin/../lib/gcc/arm-none-eabi/10.3.1/thumb/v6-m/nofp/libgcc.a(subdf3.o)
                0x0000000008000a14                __aeabi_dsub
 .text          0x0000000008001138       0x6c /Applications/STM32CubeIDE.app/Contents/Eclipse/plugins/com.st.stm32cube.ide.mcu.externaltools.gnu-tools-for-stm32.10.3-2021.10.macos64_1.0.0.202111181127/tools/bin/../lib/gcc/arm-none-eabi/10.3.1/thumb/v6-m/nofp/libgcc.a(fixdfsi.o)
                0x0000000008001138                __aeabi_d2iz
 .text          0x00000000080011a4       0x90 /Applications/STM32CubeIDE.app/Contents/Eclipse/plugins/com.st.stm32cube.ide.mcu.externaltools.gnu-tools-for-stm32.10.3-2021.10.macos64_1.0.0.202111181127/tools/bin/../lib/gcc/arm-none-eabi/10.3.1/thumb/v6-m/nofp/libgcc.a(extendsfdf2.o)
                0x00000000080011a4                __aeabi_f2d
 .text          0x0000000008001234       0x7c /Applications/STM32CubeIDE.app/Contents/Eclipse/plugins/com.st.stm32cube.ide.mcu.externaltools.gnu-tools-for-stm32.10.3-2021.10.macos64_1.0.0.202111181127/tools/bin/../lib/gcc/arm-none-eabi/10.3.1/thumb/v6-m/nofp/libgcc.a(_arm_cmpdf2.o)
                0x0000000008001234                __aeabi_cdrcmple
                0x0000000008001244                __aeabi_cdcmple
                0x0000000008001244                __aeabi_cdcmpeq
                0x0000000008001254                __aeabi_dcmpeq
                0x0000000008001260                __aeabi_dcmplt
                0x0000000008001274                __aeabi_dcmple
                0x0000000008001288                __aeabi_dcmpgt
                0x000000000800129c                __aeabi_dcmpge
 .text          0x00000000080012b0       0x3c /Applications/STM32CubeIDE.app/Contents/Eclipse/plugins/com.st.stm32cube.ide.mcu.externaltools.gnu-tools-for-stm32.10.3-2021.10.macos64_1.0.0.202111181127/tools/bin/../lib/gcc/arm-none-eabi/10.3.1/thumb/v6-m/nofp/libgcc.a(_clzsi2.o)
                0x00000000080012b0                __clzsi2
 .text          0x00000000080012ec       0x84 /Applications/STM32CubeIDE.app/Contents/Eclipse/plugins/com.st.stm32cube.ide.mcu.externaltools.gnu-tools-for-stm32.10.3-2021.10.macos64_1.0.0.202111181127/tools/bin/../lib/gcc/arm-none-eabi/10.3.1/thumb/v6-m/nofp/libgcc.a(eqdf2.o)
                0x00000000080012ec                __eqdf2
                0x00000000080012ec                __nedf2
 .text          0x0000000008001370       0xcc /Applications/STM32CubeIDE.app/Contents/Eclipse/plugins/com.st.stm32cube.ide.mcu.externaltools.gnu-tools-for-stm32.10.3-2021.10.macos64_1.0.0.202111181127/tools/bin/../lib/gcc/arm-none-eabi/10.3.1/thumb/v6-m/nofp/libgcc.a(gedf2.o)
                0x0000000008001370                __gtdf2
                0x0000000008001370                __gedf2
 .text          0x000000000800143c       0xc8 /Applications/STM32CubeIDE.app/Contents/Eclipse/plugins/com.st.stm32cube.ide.mcu.externaltools.gnu-tools-for-stm32.10.3-2021.10.macos64_1.0.0.202111181127/tools/bin/../lib/gcc/arm-none-eabi/10.3.1/thumb/v6-m/nofp/libgcc.a(ledf2.o)
                0x000000000800143c                __ltdf2
                0x000000000800143c                __ledf2
 *(.text*)
 .text.MX_GPIO_Init
                0x0000000008001504       0x80 ./Core/Src/gpio.o
                0x0000000008001504                MX_GPIO_Init
 .text.__io_putchar
                0x0000000008001584       0x28 ./Core/Src/main.o
                0x0000000008001584                __io_putchar
 .text.main     0x00000000080015ac       0x9c ./Core/Src/main.o
                0x00000000080015ac                main
 .text.SystemClock_Config
                0x0000000008001648       0x90 ./Core/Src/main.o
                0x0000000008001648                SystemClock_Config
 .text.Error_Handler
                0x00000000080016d8        0xa ./Core/Src/main.o
                0x00000000080016d8                Error_Handler
 *fill*         0x00000000080016e2        0x2 
 .text.HAL_MspInit
                0x00000000080016e4       0x48 ./Core/Src/stm32g0xx_hal_msp.o
                0x00000000080016e4                HAL_MspInit
 .text.NMI_Handler
                0x000000000800172c        0x6 ./Core/Src/stm32g0xx_it.o
                0x000000000800172c                NMI_Handler
 .text.HardFault_Handler
                0x0000000008001732        0x6 ./Core/Src/stm32g0xx_it.o
                0x0000000008001732                HardFault_Handler
 .text.SVC_Handler
                0x0000000008001738        0xa ./Core/Src/stm32g0xx_it.o
                0x0000000008001738                SVC_Handler
 .text.PendSV_Handler
                0x0000000008001742        0xa ./Core/Src/stm32g0xx_it.o
                0x0000000008001742                PendSV_Handler
 .text.SysTick_Handler
                0x000000000800174c        0xe ./Core/Src/stm32g0xx_it.o
                0x000000000800174c                SysTick_Handler
 .text._read    0x000000000800175a       0x3a ./Core/Src/syscalls.o
                0x000000000800175a                _read
 .text._write   0x0000000008001794       0x38 ./Core/Src/syscalls.o
                0x0000000008001794                _write
 .text._close   0x00000000080017cc       0x14 ./Core/Src/syscalls.o
                0x00000000080017cc                _close
 .text._fstat   0x00000000080017e0       0x1c ./Core/Src/syscalls.o
                0x00000000080017e0                _fstat
 .text._isatty  0x00000000080017fc       0x12 ./Core/Src/syscalls.o
                0x00000000080017fc                _isatty
 .text._lseek   0x000000000800180e       0x16 ./Core/Src/syscalls.o
                0x000000000800180e                _lseek
 .text._sbrk    0x0000000008001824       0x6c ./Core/Src/sysmem.o
                0x0000000008001824                _sbrk
 .text.SystemInit
                0x0000000008001890        0xa ./Core/Src/system_stm32g0xx.o
                0x0000000008001890                SystemInit
 *fill*         0x000000000800189a        0x2 
 .text.uart_half_duplex_transmit
                0x000000000800189c       0x38 ./Core/Src/uart_half_duplex_driver.o
                0x000000000800189c                uart_half_duplex_transmit
 .text.uart_half_duplex_receive
                0x00000000080018d4       0x38 ./Core/Src/uart_half_duplex_driver.o
                0x00000000080018d4                uart_half_duplex_receive
 .text.MX_USART1_UART_Init
                0x000000000800190c       0x9c ./Core/Src/usart.o
                0x000000000800190c                MX_USART1_UART_Init
 .text.MX_USART2_UART_Init
                0x00000000080019a8       0x9c ./Core/Src/usart.o
                0x00000000080019a8                MX_USART2_UART_Init
 .text.HAL_UART_MspInit
                0x0000000008001a44      0x154 ./Core/Src/usart.o
                0x0000000008001a44                HAL_UART_MspInit
 .text.xl320_init
                0x0000000008001b98       0x32 ./Core/Src/xl320_driver.o
                0x0000000008001b98                xl320_init
 .text.xl320_addHeader2Buff
                0x0000000008001bca       0x2e ./Core/Src/xl320_driver.o
                0x0000000008001bca                xl320_addHeader2Buff
 .text.xl320_updateCrc
                0x0000000008001bf8       0xe8 ./Core/Src/xl320_driver.o
                0x0000000008001bf8                xl320_updateCrc
 .text.xl320_copyParams2Buff
                0x0000000008001ce0       0x58 ./Core/Src/xl320_driver.o
                0x0000000008001ce0                xl320_copyParams2Buff
 .text.xl320_sendCommand
                0x0000000008001d38      0x110 ./Core/Src/xl320_driver.o
                0x0000000008001d38                xl320_sendCommand
 .text.xl320_setGoalPosition
                0x0000000008001e48       0x70 ./Core/Src/xl320_driver.o
                0x0000000008001e48                xl320_setGoalPosition
 .text.xl320_setSpeed
                0x0000000008001eb8       0x84 ./Core/Src/xl320_driver.o
                0x0000000008001eb8                xl320_setSpeed
 .text.xl320_executeAction
                0x0000000008001f3c       0x1e ./Core/Src/xl320_driver.o
                0x0000000008001f3c                xl320_executeAction
 *fill*         0x0000000008001f5a        0x2 
 .text.xl320_torqueEnable
                0x0000000008001f5c       0x30 ./Core/Src/xl320_driver.o
                0x0000000008001f5c                xl320_torqueEnable
 .text.Reset_Handler
                0x0000000008001f8c       0x50 ./Core/Startup/startup_stm32g070rbtx.o
                0x0000000008001f8c                Reset_Handler
 .text.Default_Handler
                0x0000000008001fdc        0x2 ./Core/Startup/startup_stm32g070rbtx.o
                0x0000000008001fdc                TIM1_BRK_UP_TRG_COM_IRQHandler
                0x0000000008001fdc                TIM6_IRQHandler
                0x0000000008001fdc                I2C1_IRQHandler
                0x0000000008001fdc                RTC_TAMP_IRQHandler
                0x0000000008001fdc                SPI1_IRQHandler
                0x0000000008001fdc                USART3_4_IRQHandler
                0x0000000008001fdc                EXTI2_3_IRQHandler
                0x0000000008001fdc                ADC1_IRQHandler
                0x0000000008001fdc                I2C2_IRQHandler
                0x0000000008001fdc                TIM17_IRQHandler
                0x0000000008001fdc                TIM16_IRQHandler
                0x0000000008001fdc                TIM3_IRQHandler
                0x0000000008001fdc                EXTI4_15_IRQHandler
                0x0000000008001fdc                RCC_IRQHandler
                0x0000000008001fdc                DMA1_Channel1_IRQHandler
                0x0000000008001fdc                Default_Handler
                0x0000000008001fdc                TIM14_IRQHandler
                0x0000000008001fdc                TIM7_IRQHandler
                0x0000000008001fdc                TIM15_IRQHandler
                0x0000000008001fdc                EXTI0_1_IRQHandler
                0x0000000008001fdc                SPI2_IRQHandler
                0x0000000008001fdc                WWDG_IRQHandler
                0x0000000008001fdc                DMA1_Ch4_7_DMAMUX1_OVR_IRQHandler
                0x0000000008001fdc                DMA1_Channel2_3_IRQHandler
                0x0000000008001fdc                USART2_IRQHandler
                0x0000000008001fdc                FLASH_IRQHandler
                0x0000000008001fdc                USART1_IRQHandler
                0x0000000008001fdc                TIM1_CC_IRQHandler
 *fill*         0x0000000008001fde        0x2 
 .text.HAL_Init
                0x0000000008001fe0       0x40 ./Drivers/STM32G0xx_HAL_Driver/Src/stm32g0xx_hal.o
                0x0000000008001fe0                HAL_Init
 .text.HAL_InitTick
                0x0000000008002020       0x94 ./Drivers/STM32G0xx_HAL_Driver/Src/stm32g0xx_hal.o
                0x0000000008002020                HAL_InitTick
 .text.HAL_IncTick
                0x00000000080020b4       0x24 ./Drivers/STM32G0xx_HAL_Driver/Src/stm32g0xx_hal.o
                0x00000000080020b4                HAL_IncTick
 .text.HAL_GetTick
                0x00000000080020d8       0x14 ./Drivers/STM32G0xx_HAL_Driver/Src/stm32g0xx_hal.o
                0x00000000080020d8                HAL_GetTick
 .text.HAL_Delay
                0x00000000080020ec       0x48 ./Drivers/STM32G0xx_HAL_Driver/Src/stm32g0xx_hal.o
                0x00000000080020ec                HAL_Delay
 .text.__NVIC_SetPriority
                0x0000000008002134       0xdc ./Drivers/STM32G0xx_HAL_Driver/Src/stm32g0xx_hal_cortex.o
 .text.SysTick_Config
                0x0000000008002210       0x48 ./Drivers/STM32G0xx_HAL_Driver/Src/stm32g0xx_hal_cortex.o
 .text.HAL_NVIC_SetPriority
                0x0000000008002258       0x2a ./Drivers/STM32G0xx_HAL_Driver/Src/stm32g0xx_hal_cortex.o
                0x0000000008002258                HAL_NVIC_SetPriority
 .text.HAL_SYSTICK_Config
                0x0000000008002282       0x1a ./Drivers/STM32G0xx_HAL_Driver/Src/stm32g0xx_hal_cortex.o
                0x0000000008002282                HAL_SYSTICK_Config
 .text.HAL_GPIO_Init
                0x000000000800229c      0x2c8 ./Drivers/STM32G0xx_HAL_Driver/Src/stm32g0xx_hal_gpio.o
                0x000000000800229c                HAL_GPIO_Init
 .text.HAL_PWREx_ControlVoltageScaling
                0x0000000008002564       0x80 ./Drivers/STM32G0xx_HAL_Driver/Src/stm32g0xx_hal_pwr_ex.o
                0x0000000008002564                HAL_PWREx_ControlVoltageScaling
 .text.LL_RCC_GetAPB1Prescaler
                0x00000000080025e4       0x18 ./Drivers/STM32G0xx_HAL_Driver/Src/stm32g0xx_hal_rcc.o
 .text.HAL_RCC_OscConfig
                0x00000000080025fc      0x620 ./Drivers/STM32G0xx_HAL_Driver/Src/stm32g0xx_hal_rcc.o
                0x00000000080025fc                HAL_RCC_OscConfig
 .text.HAL_RCC_ClockConfig
                0x0000000008002c1c      0x210 ./Drivers/STM32G0xx_HAL_Driver/Src/stm32g0xx_hal_rcc.o
                0x0000000008002c1c                HAL_RCC_ClockConfig
 .text.HAL_RCC_GetSysClockFreq
                0x0000000008002e2c      0x104 ./Drivers/STM32G0xx_HAL_Driver/Src/stm32g0xx_hal_rcc.o
                0x0000000008002e2c                HAL_RCC_GetSysClockFreq
 .text.HAL_RCC_GetHCLKFreq
                0x0000000008002f30       0x14 ./Drivers/STM32G0xx_HAL_Driver/Src/stm32g0xx_hal_rcc.o
                0x0000000008002f30                HAL_RCC_GetHCLKFreq
 .text.HAL_RCC_GetPCLK1Freq
                0x0000000008002f44       0x2c ./Drivers/STM32G0xx_HAL_Driver/Src/stm32g0xx_hal_rcc.o
                0x0000000008002f44                HAL_RCC_GetPCLK1Freq
 .text.HAL_RCCEx_PeriphCLKConfig
                0x0000000008002f70      0x268 ./Drivers/STM32G0xx_HAL_Driver/Src/stm32g0xx_hal_rcc_ex.o
                0x0000000008002f70                HAL_RCCEx_PeriphCLKConfig
 .text.HAL_UART_Init
                0x00000000080031d8       0xac ./Drivers/STM32G0xx_HAL_Driver/Src/stm32g0xx_hal_uart.o
                0x00000000080031d8                HAL_UART_Init
 .text.HAL_HalfDuplex_Init
                0x0000000008003284       0xbc ./Drivers/STM32G0xx_HAL_Driver/Src/stm32g0xx_hal_uart.o
                0x0000000008003284                HAL_HalfDuplex_Init
 .text.HAL_UART_Transmit
                0x0000000008003340      0x138 ./Drivers/STM32G0xx_HAL_Driver/Src/stm32g0xx_hal_uart.o
                0x0000000008003340                HAL_UART_Transmit
 .text.HAL_UART_Receive
                0x0000000008003478      0x1c4 ./Drivers/STM32G0xx_HAL_Driver/Src/stm32g0xx_hal_uart.o
                0x0000000008003478                HAL_UART_Receive
 .text.HAL_HalfDuplex_EnableTransmitter
                0x000000000800363c       0xa4 ./Drivers/STM32G0xx_HAL_Driver/Src/stm32g0xx_hal_uart.o
                0x000000000800363c                HAL_HalfDuplex_EnableTransmitter
 .text.HAL_HalfDuplex_EnableReceiver
                0x00000000080036e0       0xa4 ./Drivers/STM32G0xx_HAL_Driver/Src/stm32g0xx_hal_uart.o
                0x00000000080036e0                HAL_HalfDuplex_EnableReceiver
 .text.UART_SetConfig
                0x0000000008003784      0x348 ./Drivers/STM32G0xx_HAL_Driver/Src/stm32g0xx_hal_uart.o
                0x0000000008003784                UART_SetConfig
 .text.UART_AdvFeatureConfig
                0x0000000008003acc      0x168 ./Drivers/STM32G0xx_HAL_Driver/Src/stm32g0xx_hal_uart.o
                0x0000000008003acc                UART_AdvFeatureConfig
 .text.UART_CheckIdleState
                0x0000000008003c34       0x9c ./Drivers/STM32G0xx_HAL_Driver/Src/stm32g0xx_hal_uart.o
                0x0000000008003c34                UART_CheckIdleState
 .text.UART_WaitOnFlagUntilTimeout
                0x0000000008003cd0      0x190 ./Drivers/STM32G0xx_HAL_Driver/Src/stm32g0xx_hal_uart.o
                0x0000000008003cd0                UART_WaitOnFlagUntilTimeout
 .text.HAL_UARTEx_DisableFifoMode
                0x0000000008003e60       0x74 ./Drivers/STM32G0xx_HAL_Driver/Src/stm32g0xx_hal_uart_ex.o
                0x0000000008003e60                HAL_UARTEx_DisableFifoMode
 .text.HAL_UARTEx_SetTxFifoThreshold
                0x0000000008003ed4       0x7e ./Drivers/STM32G0xx_HAL_Driver/Src/stm32g0xx_hal_uart_ex.o
                0x0000000008003ed4                HAL_UARTEx_SetTxFifoThreshold
 *fill*         0x0000000008003f52        0x2 
 .text.HAL_UARTEx_SetRxFifoThreshold
                0x0000000008003f54       0x84 ./Drivers/STM32G0xx_HAL_Driver/Src/stm32g0xx_hal_uart_ex.o
                0x0000000008003f54                HAL_UARTEx_SetRxFifoThreshold
 .text.UARTEx_SetNbDataToProcess
                0x0000000008003fd8       0xbc ./Drivers/STM32G0xx_HAL_Driver/Src/stm32g0xx_hal_uart_ex.o
 .text.__errno  0x0000000008004094        0xc /Applications/STM32CubeIDE.app/Contents/Eclipse/plugins/com.st.stm32cube.ide.mcu.externaltools.gnu-tools-for-stm32.10.3-2021.10.macos64_1.0.0.202111181127/tools/bin/../lib/gcc/arm-none-eabi/10.3.1/../../../../arm-none-eabi/lib/thumb/v6-m/nofp/libc_nano.a(lib_a-errno.o)
                0x0000000008004094                __errno
 .text.__libc_init_array
                0x00000000080040a0       0x48 /Applications/STM32CubeIDE.app/Contents/Eclipse/plugins/com.st.stm32cube.ide.mcu.externaltools.gnu-tools-for-stm32.10.3-2021.10.macos64_1.0.0.202111181127/tools/bin/../lib/gcc/arm-none-eabi/10.3.1/../../../../arm-none-eabi/lib/thumb/v6-m/nofp/libc_nano.a(lib_a-init.o)
                0x00000000080040a0                __libc_init_array
 .text.malloc   0x00000000080040e8       0x14 /Applications/STM32CubeIDE.app/Contents/Eclipse/plugins/com.st.stm32cube.ide.mcu.externaltools.gnu-tools-for-stm32.10.3-2021.10.macos64_1.0.0.202111181127/tools/bin/../lib/gcc/arm-none-eabi/10.3.1/../../../../arm-none-eabi/lib/thumb/v6-m/nofp/libc_nano.a(lib_a-malloc.o)
                0x00000000080040e8                malloc
 .text.free     0x00000000080040fc       0x14 /Applications/STM32CubeIDE.app/Contents/Eclipse/plugins/com.st.stm32cube.ide.mcu.externaltools.gnu-tools-for-stm32.10.3-2021.10.macos64_1.0.0.202111181127/tools/bin/../lib/gcc/arm-none-eabi/10.3.1/../../../../arm-none-eabi/lib/thumb/v6-m/nofp/libc_nano.a(lib_a-malloc.o)
                0x00000000080040fc                free
 .text.memcpy   0x0000000008004110       0x12 /Applications/STM32CubeIDE.app/Contents/Eclipse/plugins/com.st.stm32cube.ide.mcu.externaltools.gnu-tools-for-stm32.10.3-2021.10.macos64_1.0.0.202111181127/tools/bin/../lib/gcc/arm-none-eabi/10.3.1/../../../../arm-none-eabi/lib/thumb/v6-m/nofp/libc_nano.a(lib_a-memcpy-stub.o)
                0x0000000008004110                memcpy
 .text.memset   0x0000000008004122       0x10 /Applications/STM32CubeIDE.app/Contents/Eclipse/plugins/com.st.stm32cube.ide.mcu.externaltools.gnu-tools-for-stm32.10.3-2021.10.macos64_1.0.0.202111181127/tools/bin/../lib/gcc/arm-none-eabi/10.3.1/../../../../arm-none-eabi/lib/thumb/v6-m/nofp/libc_nano.a(lib_a-memset.o)
                0x0000000008004122                memset
 *fill*         0x0000000008004132        0x2 
 .text._free_r  0x0000000008004134       0x94 /Applications/STM32CubeIDE.app/Contents/Eclipse/plugins/com.st.stm32cube.ide.mcu.externaltools.gnu-tools-for-stm32.10.3-2021.10.macos64_1.0.0.202111181127/tools/bin/../lib/gcc/arm-none-eabi/10.3.1/../../../../arm-none-eabi/lib/thumb/v6-m/nofp/libc_nano.a(lib_a-nano-freer.o)
                0x0000000008004134                _free_r
 .text.sbrk_aligned
                0x00000000080041c8       0x44 /Applications/STM32CubeIDE.app/Contents/Eclipse/plugins/com.st.stm32cube.ide.mcu.externaltools.gnu-tools-for-stm32.10.3-2021.10.macos64_1.0.0.202111181127/tools/bin/../lib/gcc/arm-none-eabi/10.3.1/../../../../arm-none-eabi/lib/thumb/v6-m/nofp/libc_nano.a(lib_a-nano-mallocr.o)
 .text._malloc_r
                0x000000000800420c       0xec /Applications/STM32CubeIDE.app/Contents/Eclipse/plugins/com.st.stm32cube.ide.mcu.externaltools.gnu-tools-for-stm32.10.3-2021.10.macos64_1.0.0.202111181127/tools/bin/../lib/gcc/arm-none-eabi/10.3.1/../../../../arm-none-eabi/lib/thumb/v6-m/nofp/libc_nano.a(lib_a-nano-mallocr.o)
                0x000000000800420c                _malloc_r
 .text._puts_r  0x00000000080042f8       0xe4 /Applications/STM32CubeIDE.app/Contents/Eclipse/plugins/com.st.stm32cube.ide.mcu.externaltools.gnu-tools-for-stm32.10.3-2021.10.macos64_1.0.0.202111181127/tools/bin/../lib/gcc/arm-none-eabi/10.3.1/../../../../arm-none-eabi/lib/thumb/v6-m/nofp/libc_nano.a(lib_a-puts.o)
                0x00000000080042f8                _puts_r
 .text.puts     0x00000000080043dc       0x14 /Applications/STM32CubeIDE.app/Contents/Eclipse/plugins/com.st.stm32cube.ide.mcu.externaltools.gnu-tools-for-stm32.10.3-2021.10.macos64_1.0.0.202111181127/tools/bin/../lib/gcc/arm-none-eabi/10.3.1/../../../../arm-none-eabi/lib/thumb/v6-m/nofp/libc_nano.a(lib_a-puts.o)
                0x00000000080043dc                puts
 .text._sbrk_r  0x00000000080043f0       0x24 /Applications/STM32CubeIDE.app/Contents/Eclipse/plugins/com.st.stm32cube.ide.mcu.externaltools.gnu-tools-for-stm32.10.3-2021.10.macos64_1.0.0.202111181127/tools/bin/../lib/gcc/arm-none-eabi/10.3.1/../../../../arm-none-eabi/lib/thumb/v6-m/nofp/libc_nano.a(lib_a-sbrkr.o)
                0x00000000080043f0                _sbrk_r
 .text.__swbuf_r
                0x0000000008004414       0xac /Applications/STM32CubeIDE.app/Contents/Eclipse/plugins/com.st.stm32cube.ide.mcu.externaltools.gnu-tools-for-stm32.10.3-2021.10.macos64_1.0.0.202111181127/tools/bin/../lib/gcc/arm-none-eabi/10.3.1/../../../../arm-none-eabi/lib/thumb/v6-m/nofp/libc_nano.a(lib_a-wbuf.o)
                0x0000000008004414                __swbuf_r
 .text.__swsetup_r
                0x00000000080044c0       0xf0 /Applications/STM32CubeIDE.app/Contents/Eclipse/plugins/com.st.stm32cube.ide.mcu.externaltools.gnu-tools-for-stm32.10.3-2021.10.macos64_1.0.0.202111181127/tools/bin/../lib/gcc/arm-none-eabi/10.3.1/../../../../arm-none-eabi/lib/thumb/v6-m/nofp/libc_nano.a(lib_a-wsetup.o)
                0x00000000080044c0                __swsetup_r
 .text.__sflush_r
                0x00000000080045b0      0x118 /Applications/STM32CubeIDE.app/Contents/Eclipse/plugins/com.st.stm32cube.ide.mcu.externaltools.gnu-tools-for-stm32.10.3-2021.10.macos64_1.0.0.202111181127/tools/bin/../lib/gcc/arm-none-eabi/10.3.1/../../../../arm-none-eabi/lib/thumb/v6-m/nofp/libc_nano.a(lib_a-fflush.o)
                0x00000000080045b0                __sflush_r
 .text._fflush_r
                0x00000000080046c8       0x80 /Applications/STM32CubeIDE.app/Contents/Eclipse/plugins/com.st.stm32cube.ide.mcu.externaltools.gnu-tools-for-stm32.10.3-2021.10.macos64_1.0.0.202111181127/tools/bin/../lib/gcc/arm-none-eabi/10.3.1/../../../../arm-none-eabi/lib/thumb/v6-m/nofp/libc_nano.a(lib_a-fflush.o)
                0x00000000080046c8                _fflush_r
 .text.std      0x0000000008004748       0x48 /Applications/STM32CubeIDE.app/Contents/Eclipse/plugins/com.st.stm32cube.ide.mcu.externaltools.gnu-tools-for-stm32.10.3-2021.10.macos64_1.0.0.202111181127/tools/bin/../lib/gcc/arm-none-eabi/10.3.1/../../../../arm-none-eabi/lib/thumb/v6-m/nofp/libc_nano.a(lib_a-findfp.o)
 .text._cleanup_r
                0x0000000008004790       0x10 /Applications/STM32CubeIDE.app/Contents/Eclipse/plugins/com.st.stm32cube.ide.mcu.externaltools.gnu-tools-for-stm32.10.3-2021.10.macos64_1.0.0.202111181127/tools/bin/../lib/gcc/arm-none-eabi/10.3.1/../../../../arm-none-eabi/lib/thumb/v6-m/nofp/libc_nano.a(lib_a-findfp.o)
                0x0000000008004790                _cleanup_r
 .text.__sfmoreglue
                0x00000000080047a0       0x2c /Applications/STM32CubeIDE.app/Contents/Eclipse/plugins/com.st.stm32cube.ide.mcu.externaltools.gnu-tools-for-stm32.10.3-2021.10.macos64_1.0.0.202111181127/tools/bin/../lib/gcc/arm-none-eabi/10.3.1/../../../../arm-none-eabi/lib/thumb/v6-m/nofp/libc_nano.a(lib_a-findfp.o)
                0x00000000080047a0                __sfmoreglue
 .text.__sfp_lock_acquire
                0x00000000080047cc       0x10 /Applications/STM32CubeIDE.app/Contents/Eclipse/plugins/com.st.stm32cube.ide.mcu.externaltools.gnu-tools-for-stm32.10.3-2021.10.macos64_1.0.0.202111181127/tools/bin/../lib/gcc/arm-none-eabi/10.3.1/../../../../arm-none-eabi/lib/thumb/v6-m/nofp/libc_nano.a(lib_a-findfp.o)
                0x00000000080047cc                __sfp_lock_acquire
 .text.__sfp_lock_release
                0x00000000080047dc       0x10 /Applications/STM32CubeIDE.app/Contents/Eclipse/plugins/com.st.stm32cube.ide.mcu.externaltools.gnu-tools-for-stm32.10.3-2021.10.macos64_1.0.0.202111181127/tools/bin/../lib/gcc/arm-none-eabi/10.3.1/../../../../arm-none-eabi/lib/thumb/v6-m/nofp/libc_nano.a(lib_a-findfp.o)
                0x00000000080047dc                __sfp_lock_release
 .text.__sinit_lock_acquire
                0x00000000080047ec       0x10 /Applications/STM32CubeIDE.app/Contents/Eclipse/plugins/com.st.stm32cube.ide.mcu.externaltools.gnu-tools-for-stm32.10.3-2021.10.macos64_1.0.0.202111181127/tools/bin/../lib/gcc/arm-none-eabi/10.3.1/../../../../arm-none-eabi/lib/thumb/v6-m/nofp/libc_nano.a(lib_a-findfp.o)
                0x00000000080047ec                __sinit_lock_acquire
 .text.__sinit_lock_release
                0x00000000080047fc       0x10 /Applications/STM32CubeIDE.app/Contents/Eclipse/plugins/com.st.stm32cube.ide.mcu.externaltools.gnu-tools-for-stm32.10.3-2021.10.macos64_1.0.0.202111181127/tools/bin/../lib/gcc/arm-none-eabi/10.3.1/../../../../arm-none-eabi/lib/thumb/v6-m/nofp/libc_nano.a(lib_a-findfp.o)
                0x00000000080047fc                __sinit_lock_release
 .text.__sinit  0x000000000800480c       0x70 /Applications/STM32CubeIDE.app/Contents/Eclipse/plugins/com.st.stm32cube.ide.mcu.externaltools.gnu-tools-for-stm32.10.3-2021.10.macos64_1.0.0.202111181127/tools/bin/../lib/gcc/arm-none-eabi/10.3.1/../../../../arm-none-eabi/lib/thumb/v6-m/nofp/libc_nano.a(lib_a-findfp.o)
                0x000000000800480c                __sinit
 .text.__sfp    0x000000000800487c       0x90 /Applications/STM32CubeIDE.app/Contents/Eclipse/plugins/com.st.stm32cube.ide.mcu.externaltools.gnu-tools-for-stm32.10.3-2021.10.macos64_1.0.0.202111181127/tools/bin/../lib/gcc/arm-none-eabi/10.3.1/../../../../arm-none-eabi/lib/thumb/v6-m/nofp/libc_nano.a(lib_a-findfp.o)
                0x000000000800487c                __sfp
 .text._fwalk_reent
                0x000000000800490c       0x40 /Applications/STM32CubeIDE.app/Contents/Eclipse/plugins/com.st.stm32cube.ide.mcu.externaltools.gnu-tools-for-stm32.10.3-2021.10.macos64_1.0.0.202111181127/tools/bin/../lib/gcc/arm-none-eabi/10.3.1/../../../../arm-none-eabi/lib/thumb/v6-m/nofp/libc_nano.a(lib_a-fwalk.o)
                0x000000000800490c                _fwalk_reent
 .text.__retarget_lock_init_recursive
                0x000000000800494c        0x2 /Applications/STM32CubeIDE.app/Contents/Eclipse/plugins/com.st.stm32cube.ide.mcu.externaltools.gnu-tools-for-stm32.10.3-2021.10.macos64_1.0.0.202111181127/tools/bin/../lib/gcc/arm-none-eabi/10.3.1/../../../../arm-none-eabi/lib/thumb/v6-m/nofp/libc_nano.a(lib_a-lock.o)
                0x000000000800494c                __retarget_lock_init_recursive
 .text.__retarget_lock_acquire_recursive
                0x000000000800494e        0x2 /Applications/STM32CubeIDE.app/Contents/Eclipse/plugins/com.st.stm32cube.ide.mcu.externaltools.gnu-tools-for-stm32.10.3-2021.10.macos64_1.0.0.202111181127/tools/bin/../lib/gcc/arm-none-eabi/10.3.1/../../../../arm-none-eabi/lib/thumb/v6-m/nofp/libc_nano.a(lib_a-lock.o)
                0x000000000800494e                __retarget_lock_acquire_recursive
 .text.__retarget_lock_release_recursive
                0x0000000008004950        0x2 /Applications/STM32CubeIDE.app/Contents/Eclipse/plugins/com.st.stm32cube.ide.mcu.externaltools.gnu-tools-for-stm32.10.3-2021.10.macos64_1.0.0.202111181127/tools/bin/../lib/gcc/arm-none-eabi/10.3.1/../../../../arm-none-eabi/lib/thumb/v6-m/nofp/libc_nano.a(lib_a-lock.o)
                0x0000000008004950                __retarget_lock_release_recursive
 *fill*         0x0000000008004952        0x2 
 .text.__swhatbuf_r
                0x0000000008004954       0x50 /Applications/STM32CubeIDE.app/Contents/Eclipse/plugins/com.st.stm32cube.ide.mcu.externaltools.gnu-tools-for-stm32.10.3-2021.10.macos64_1.0.0.202111181127/tools/bin/../lib/gcc/arm-none-eabi/10.3.1/../../../../arm-none-eabi/lib/thumb/v6-m/nofp/libc_nano.a(lib_a-makebuf.o)
                0x0000000008004954                __swhatbuf_r
 .text.__smakebuf_r
                0x00000000080049a4       0x88 /Applications/STM32CubeIDE.app/Contents/Eclipse/plugins/com.st.stm32cube.ide.mcu.externaltools.gnu-tools-for-stm32.10.3-2021.10.macos64_1.0.0.202111181127/tools/bin/../lib/gcc/arm-none-eabi/10.3.1/../../../../arm-none-eabi/lib/thumb/v6-m/nofp/libc_nano.a(lib_a-makebuf.o)
                0x00000000080049a4                __smakebuf_r
 .text.__malloc_lock
                0x0000000008004a2c       0x10 /Applications/STM32CubeIDE.app/Contents/Eclipse/plugins/com.st.stm32cube.ide.mcu.externaltools.gnu-tools-for-stm32.10.3-2021.10.macos64_1.0.0.202111181127/tools/bin/../lib/gcc/arm-none-eabi/10.3.1/../../../../arm-none-eabi/lib/thumb/v6-m/nofp/libc_nano.a(lib_a-mlock.o)
                0x0000000008004a2c                __malloc_lock
 .text.__malloc_unlock
                0x0000000008004a3c       0x10 /Applications/STM32CubeIDE.app/Contents/Eclipse/plugins/com.st.stm32cube.ide.mcu.externaltools.gnu-tools-for-stm32.10.3-2021.10.macos64_1.0.0.202111181127/tools/bin/../lib/gcc/arm-none-eabi/10.3.1/../../../../arm-none-eabi/lib/thumb/v6-m/nofp/libc_nano.a(lib_a-mlock.o)
                0x0000000008004a3c                __malloc_unlock
 .text.__sread  0x0000000008004a4c       0x28 /Applications/STM32CubeIDE.app/Contents/Eclipse/plugins/com.st.stm32cube.ide.mcu.externaltools.gnu-tools-for-stm32.10.3-2021.10.macos64_1.0.0.202111181127/tools/bin/../lib/gcc/arm-none-eabi/10.3.1/../../../../arm-none-eabi/lib/thumb/v6-m/nofp/libc_nano.a(lib_a-stdio.o)
                0x0000000008004a4c                __sread
 .text.__swrite
                0x0000000008004a74       0x38 /Applications/STM32CubeIDE.app/Contents/Eclipse/plugins/com.st.stm32cube.ide.mcu.externaltools.gnu-tools-for-stm32.10.3-2021.10.macos64_1.0.0.202111181127/tools/bin/../lib/gcc/arm-none-eabi/10.3.1/../../../../arm-none-eabi/lib/thumb/v6-m/nofp/libc_nano.a(lib_a-stdio.o)
                0x0000000008004a74                __swrite
 .text.__sseek  0x0000000008004aac       0x2c /Applications/STM32CubeIDE.app/Contents/Eclipse/plugins/com.st.stm32cube.ide.mcu.externaltools.gnu-tools-for-stm32.10.3-2021.10.macos64_1.0.0.202111181127/tools/bin/../lib/gcc/arm-none-eabi/10.3.1/../../../../arm-none-eabi/lib/thumb/v6-m/nofp/libc_nano.a(lib_a-stdio.o)
                0x0000000008004aac                __sseek
 .text.__sclose
                0x0000000008004ad8        0xc /Applications/STM32CubeIDE.app/Contents/Eclipse/plugins/com.st.stm32cube.ide.mcu.externaltools.gnu-tools-for-stm32.10.3-2021.10.macos64_1.0.0.202111181127/tools/bin/../lib/gcc/arm-none-eabi/10.3.1/../../../../arm-none-eabi/lib/thumb/v6-m/nofp/libc_nano.a(lib_a-stdio.o)
                0x0000000008004ad8                __sclose
 .text._write_r
                0x0000000008004ae4       0x28 /Applications/STM32CubeIDE.app/Contents/Eclipse/plugins/com.st.stm32cube.ide.mcu.externaltools.gnu-tools-for-stm32.10.3-2021.10.macos64_1.0.0.202111181127/tools/bin/../lib/gcc/arm-none-eabi/10.3.1/../../../../arm-none-eabi/lib/thumb/v6-m/nofp/libc_nano.a(lib_a-writer.o)
                0x0000000008004ae4                _write_r
 .text._close_r
                0x0000000008004b0c       0x24 /Applications/STM32CubeIDE.app/Contents/Eclipse/plugins/com.st.stm32cube.ide.mcu.externaltools.gnu-tools-for-stm32.10.3-2021.10.macos64_1.0.0.202111181127/tools/bin/../lib/gcc/arm-none-eabi/10.3.1/../../../../arm-none-eabi/lib/thumb/v6-m/nofp/libc_nano.a(lib_a-closer.o)
                0x0000000008004b0c                _close_r
 .text._fstat_r
                0x0000000008004b30       0x24 /Applications/STM32CubeIDE.app/Contents/Eclipse/plugins/com.st.stm32cube.ide.mcu.externaltools.gnu-tools-for-stm32.10.3-2021.10.macos64_1.0.0.202111181127/tools/bin/../lib/gcc/arm-none-eabi/10.3.1/../../../../arm-none-eabi/lib/thumb/v6-m/nofp/libc_nano.a(lib_a-fstatr.o)
                0x0000000008004b30                _fstat_r
 .text._isatty_r
                0x0000000008004b54       0x24 /Applications/STM32CubeIDE.app/Contents/Eclipse/plugins/com.st.stm32cube.ide.mcu.externaltools.gnu-tools-for-stm32.10.3-2021.10.macos64_1.0.0.202111181127/tools/bin/../lib/gcc/arm-none-eabi/10.3.1/../../../../arm-none-eabi/lib/thumb/v6-m/nofp/libc_nano.a(lib_a-isattyr.o)
                0x0000000008004b54                _isatty_r
 .text._lseek_r
                0x0000000008004b78       0x28 /Applications/STM32CubeIDE.app/Contents/Eclipse/plugins/com.st.stm32cube.ide.mcu.externaltools.gnu-tools-for-stm32.10.3-2021.10.macos64_1.0.0.202111181127/tools/bin/../lib/gcc/arm-none-eabi/10.3.1/../../../../arm-none-eabi/lib/thumb/v6-m/nofp/libc_nano.a(lib_a-lseekr.o)
                0x0000000008004b78                _lseek_r
 .text._read_r  0x0000000008004ba0       0x28 /Applications/STM32CubeIDE.app/Contents/Eclipse/plugins/com.st.stm32cube.ide.mcu.externaltools.gnu-tools-for-stm32.10.3-2021.10.macos64_1.0.0.202111181127/tools/bin/../lib/gcc/arm-none-eabi/10.3.1/../../../../arm-none-eabi/lib/thumb/v6-m/nofp/libc_nano.a(lib_a-readr.o)
                0x0000000008004ba0                _read_r
 *(.glue_7)
 .glue_7        0x0000000008004bc8        0x0 linker stubs
 *(.glue_7t)
 .glue_7t       0x0000000008004bc8        0x0 linker stubs
 *(.eh_frame)
 .eh_frame      0x0000000008004bc8        0x0 /Applications/STM32CubeIDE.app/Contents/Eclipse/plugins/com.st.stm32cube.ide.mcu.externaltools.gnu-tools-for-stm32.10.3-2021.10.macos64_1.0.0.202111181127/tools/bin/../lib/gcc/arm-none-eabi/10.3.1/thumb/v6-m/nofp/crtbegin.o
 *(.init)
 .init          0x0000000008004bc8        0x4 /Applications/STM32CubeIDE.app/Contents/Eclipse/plugins/com.st.stm32cube.ide.mcu.externaltools.gnu-tools-for-stm32.10.3-2021.10.macos64_1.0.0.202111181127/tools/bin/../lib/gcc/arm-none-eabi/10.3.1/thumb/v6-m/nofp/crti.o
                0x0000000008004bc8                _init
 .init          0x0000000008004bcc        0x8 /Applications/STM32CubeIDE.app/Contents/Eclipse/plugins/com.st.stm32cube.ide.mcu.externaltools.gnu-tools-for-stm32.10.3-2021.10.macos64_1.0.0.202111181127/tools/bin/../lib/gcc/arm-none-eabi/10.3.1/thumb/v6-m/nofp/crtn.o
 *(.fini)
 .fini          0x0000000008004bd4        0x4 /Applications/STM32CubeIDE.app/Contents/Eclipse/plugins/com.st.stm32cube.ide.mcu.externaltools.gnu-tools-for-stm32.10.3-2021.10.macos64_1.0.0.202111181127/tools/bin/../lib/gcc/arm-none-eabi/10.3.1/thumb/v6-m/nofp/crti.o
                0x0000000008004bd4                _fini
 .fini          0x0000000008004bd8        0x8 /Applications/STM32CubeIDE.app/Contents/Eclipse/plugins/com.st.stm32cube.ide.mcu.externaltools.gnu-tools-for-stm32.10.3-2021.10.macos64_1.0.0.202111181127/tools/bin/../lib/gcc/arm-none-eabi/10.3.1/thumb/v6-m/nofp/crtn.o
                0x0000000008004be0                . = ALIGN (0x4)
                0x0000000008004be0                _etext = .

.vfp11_veneer   0x0000000008004be0        0x0
 .vfp11_veneer  0x0000000008004be0        0x0 linker stubs

.v4_bx          0x0000000008004be0        0x0
 .v4_bx         0x0000000008004be0        0x0 linker stubs

.iplt           0x0000000008004be0        0x0
 .iplt          0x0000000008004be0        0x0 /Applications/STM32CubeIDE.app/Contents/Eclipse/plugins/com.st.stm32cube.ide.mcu.externaltools.gnu-tools-for-stm32.10.3-2021.10.macos64_1.0.0.202111181127/tools/bin/../lib/gcc/arm-none-eabi/10.3.1/thumb/v6-m/nofp/crtbegin.o

.rodata         0x0000000008004be0      0x6e0
                0x0000000008004be0                . = ALIGN (0x4)
 *(.rodata)
 .rodata        0x0000000008004be0      0x5b3 ./Core/Src/xl320_driver.o
 *fill*         0x0000000008005193        0x1 
 .rodata        0x0000000008005194       0x40 /Applications/STM32CubeIDE.app/Contents/Eclipse/plugins/com.st.stm32cube.ide.mcu.externaltools.gnu-tools-for-stm32.10.3-2021.10.macos64_1.0.0.202111181127/tools/bin/../lib/gcc/arm-none-eabi/10.3.1/thumb/v6-m/nofp/libgcc.a(divdf3.o)
 *(.rodata*)
 .rodata.AHBPrescTable
                0x00000000080051d4       0x40 ./Core/Src/system_stm32g0xx.o
                0x00000000080051d4                AHBPrescTable
 .rodata.APBPrescTable
                0x0000000008005214       0x20 ./Core/Src/system_stm32g0xx.o
                0x0000000008005214                APBPrescTable
 .rodata.UARTPrescTable
                0x0000000008005234       0x18 ./Drivers/STM32G0xx_HAL_Driver/Src/stm32g0xx_hal_uart.o
                0x0000000008005234                UARTPrescTable
 .rodata.numerator.1
                0x000000000800524c        0x8 ./Drivers/STM32G0xx_HAL_Driver/Src/stm32g0xx_hal_uart_ex.o
 .rodata.denominator.0
                0x0000000008005254        0x8 ./Drivers/STM32G0xx_HAL_Driver/Src/stm32g0xx_hal_uart_ex.o
 .rodata._global_impure_ptr
                0x000000000800525c        0x4 /Applications/STM32CubeIDE.app/Contents/Eclipse/plugins/com.st.stm32cube.ide.mcu.externaltools.gnu-tools-for-stm32.10.3-2021.10.macos64_1.0.0.202111181127/tools/bin/../lib/gcc/arm-none-eabi/10.3.1/../../../../arm-none-eabi/lib/thumb/v6-m/nofp/libc_nano.a(lib_a-impure.o)
                0x000000000800525c                _global_impure_ptr
 .rodata.__sf_fake_stderr
                0x0000000008005260       0x20 /Applications/STM32CubeIDE.app/Contents/Eclipse/plugins/com.st.stm32cube.ide.mcu.externaltools.gnu-tools-for-stm32.10.3-2021.10.macos64_1.0.0.202111181127/tools/bin/../lib/gcc/arm-none-eabi/10.3.1/../../../../arm-none-eabi/lib/thumb/v6-m/nofp/libc_nano.a(lib_a-findfp.o)
                0x0000000008005260                __sf_fake_stderr
 .rodata.__sf_fake_stdin
                0x0000000008005280       0x20 /Applications/STM32CubeIDE.app/Contents/Eclipse/plugins/com.st.stm32cube.ide.mcu.externaltools.gnu-tools-for-stm32.10.3-2021.10.macos64_1.0.0.202111181127/tools/bin/../lib/gcc/arm-none-eabi/10.3.1/../../../../arm-none-eabi/lib/thumb/v6-m/nofp/libc_nano.a(lib_a-findfp.o)
                0x0000000008005280                __sf_fake_stdin
 .rodata.__sf_fake_stdout
                0x00000000080052a0       0x20 /Applications/STM32CubeIDE.app/Contents/Eclipse/plugins/com.st.stm32cube.ide.mcu.externaltools.gnu-tools-for-stm32.10.3-2021.10.macos64_1.0.0.202111181127/tools/bin/../lib/gcc/arm-none-eabi/10.3.1/../../../../arm-none-eabi/lib/thumb/v6-m/nofp/libc_nano.a(lib_a-findfp.o)
                0x00000000080052a0                __sf_fake_stdout
                0x00000000080052c0                . = ALIGN (0x4)

.rel.dyn        0x00000000080052c0        0x0
 .rel.iplt      0x00000000080052c0        0x0 /Applications/STM32CubeIDE.app/Contents/Eclipse/plugins/com.st.stm32cube.ide.mcu.externaltools.gnu-tools-for-stm32.10.3-2021.10.macos64_1.0.0.202111181127/tools/bin/../lib/gcc/arm-none-eabi/10.3.1/thumb/v6-m/nofp/crtbegin.o

.ARM.extab      0x00000000080052c0        0x0
                0x00000000080052c0                . = ALIGN (0x4)
 *(.ARM.extab* .gnu.linkonce.armextab.*)
                0x00000000080052c0                . = ALIGN (0x4)

.ARM            0x00000000080052c0        0x0
                0x00000000080052c0                . = ALIGN (0x4)
                0x00000000080052c0                __exidx_start = .
 *(.ARM.exidx*)
                0x00000000080052c0                __exidx_end = .
                0x00000000080052c0                . = ALIGN (0x4)

.preinit_array  0x00000000080052c0        0x0
                0x00000000080052c0                . = ALIGN (0x4)
                0x00000000080052c0                PROVIDE (__preinit_array_start = .)
 *(.preinit_array*)
                0x00000000080052c0                PROVIDE (__preinit_array_end = .)
                0x00000000080052c0                . = ALIGN (0x4)

.init_array     0x00000000080052c0        0x4
                0x00000000080052c0                . = ALIGN (0x4)
                0x00000000080052c0                PROVIDE (__init_array_start = .)
 *(SORT_BY_NAME(.init_array.*))
 *(.init_array*)
 .init_array    0x00000000080052c0        0x4 /Applications/STM32CubeIDE.app/Contents/Eclipse/plugins/com.st.stm32cube.ide.mcu.externaltools.gnu-tools-for-stm32.10.3-2021.10.macos64_1.0.0.202111181127/tools/bin/../lib/gcc/arm-none-eabi/10.3.1/thumb/v6-m/nofp/crtbegin.o
                0x00000000080052c4                PROVIDE (__init_array_end = .)
                0x00000000080052c4                . = ALIGN (0x4)

.fini_array     0x00000000080052c4        0x4
                0x00000000080052c4                . = ALIGN (0x4)
                [!provide]                        PROVIDE (__fini_array_start = .)
 *(SORT_BY_NAME(.fini_array.*))
 *(.fini_array*)
 .fini_array    0x00000000080052c4        0x4 /Applications/STM32CubeIDE.app/Contents/Eclipse/plugins/com.st.stm32cube.ide.mcu.externaltools.gnu-tools-for-stm32.10.3-2021.10.macos64_1.0.0.202111181127/tools/bin/../lib/gcc/arm-none-eabi/10.3.1/thumb/v6-m/nofp/crtbegin.o
                [!provide]                        PROVIDE (__fini_array_end = .)
                0x00000000080052c8                . = ALIGN (0x4)
                0x00000000080052c8                _sidata = LOADADDR (.data)

.data           0x0000000020000000       0x70 load address 0x00000000080052c8
                0x0000000020000000                . = ALIGN (0x4)
                0x0000000020000000                _sdata = .
 *(.data)
 *(.data*)
 .data.SystemCoreClock
                0x0000000020000000        0x4 ./Core/Src/system_stm32g0xx.o
                0x0000000020000000                SystemCoreClock
 .data.uwTickPrio
                0x0000000020000004        0x4 ./Drivers/STM32G0xx_HAL_Driver/Src/stm32g0xx_hal.o
                0x0000000020000004                uwTickPrio
 .data.uwTickFreq
                0x0000000020000008        0x1 ./Drivers/STM32G0xx_HAL_Driver/Src/stm32g0xx_hal.o
                0x0000000020000008                uwTickFreq
 *fill*         0x0000000020000009        0x3 
 .data._impure_ptr
                0x000000002000000c        0x4 /Applications/STM32CubeIDE.app/Contents/Eclipse/plugins/com.st.stm32cube.ide.mcu.externaltools.gnu-tools-for-stm32.10.3-2021.10.macos64_1.0.0.202111181127/tools/bin/../lib/gcc/arm-none-eabi/10.3.1/../../../../arm-none-eabi/lib/thumb/v6-m/nofp/libc_nano.a(lib_a-impure.o)
                0x000000002000000c                _impure_ptr
 .data.impure_data
                0x0000000020000010       0x60 /Applications/STM32CubeIDE.app/Contents/Eclipse/plugins/com.st.stm32cube.ide.mcu.externaltools.gnu-tools-for-stm32.10.3-2021.10.macos64_1.0.0.202111181127/tools/bin/../lib/gcc/arm-none-eabi/10.3.1/../../../../arm-none-eabi/lib/thumb/v6-m/nofp/libc_nano.a(lib_a-impure.o)
 *(.RamFunc)
 *(.RamFunc*)
                0x0000000020000070                . = ALIGN (0x4)
                0x0000000020000070                _edata = .

.igot.plt       0x0000000020000070        0x0 load address 0x0000000008005338
 .igot.plt      0x0000000020000070        0x0 /Applications/STM32CubeIDE.app/Contents/Eclipse/plugins/com.st.stm32cube.ide.mcu.externaltools.gnu-tools-for-stm32.10.3-2021.10.macos64_1.0.0.202111181127/tools/bin/../lib/gcc/arm-none-eabi/10.3.1/thumb/v6-m/nofp/crtbegin.o
                0x0000000020000070                . = ALIGN (0x4)

.bss            0x0000000020000070      0x168 load address 0x0000000008005338
                0x0000000020000070                _sbss = .
                0x0000000020000070                __bss_start__ = _sbss
 *(.bss)
 .bss           0x0000000020000070       0x1c /Applications/STM32CubeIDE.app/Contents/Eclipse/plugins/com.st.stm32cube.ide.mcu.externaltools.gnu-tools-for-stm32.10.3-2021.10.macos64_1.0.0.202111181127/tools/bin/../lib/gcc/arm-none-eabi/10.3.1/thumb/v6-m/nofp/crtbegin.o
 *(.bss*)
 .bss.xl320     0x000000002000008c        0xc ./Core/Src/main.o
                0x000000002000008c                xl320
 .bss.__sbrk_heap_end
                0x0000000020000098        0x4 ./Core/Src/sysmem.o
 .bss.huart1    0x000000002000009c       0x94 ./Core/Src/usart.o
                0x000000002000009c                huart1
 .bss.huart2    0x0000000020000130       0x94 ./Core/Src/usart.o
                0x0000000020000130                huart2
 .bss.uwTick    0x00000000200001c4        0x4 ./Drivers/STM32G0xx_HAL_Driver/Src/stm32g0xx_hal.o
                0x00000000200001c4                uwTick
 .bss.__malloc_free_list
                0x00000000200001c8        0x4 /Applications/STM32CubeIDE.app/Contents/Eclipse/plugins/com.st.stm32cube.ide.mcu.externaltools.gnu-tools-for-stm32.10.3-2021.10.macos64_1.0.0.202111181127/tools/bin/../lib/gcc/arm-none-eabi/10.3.1/../../../../arm-none-eabi/lib/thumb/v6-m/nofp/libc_nano.a(lib_a-nano-mallocr.o)
                0x00000000200001c8                __malloc_free_list
 .bss.__malloc_sbrk_start
                0x00000000200001cc        0x4 /Applications/STM32CubeIDE.app/Contents/Eclipse/plugins/com.st.stm32cube.ide.mcu.externaltools.gnu-tools-for-stm32.10.3-2021.10.macos64_1.0.0.202111181127/tools/bin/../lib/gcc/arm-none-eabi/10.3.1/../../../../arm-none-eabi/lib/thumb/v6-m/nofp/libc_nano.a(lib_a-nano-mallocr.o)
                0x00000000200001cc                __malloc_sbrk_start
 .bss.__lock___malloc_recursive_mutex
                0x00000000200001d0        0x1 /Applications/STM32CubeIDE.app/Contents/Eclipse/plugins/com.st.stm32cube.ide.mcu.externaltools.gnu-tools-for-stm32.10.3-2021.10.macos64_1.0.0.202111181127/tools/bin/../lib/gcc/arm-none-eabi/10.3.1/../../../../arm-none-eabi/lib/thumb/v6-m/nofp/libc_nano.a(lib_a-lock.o)
                0x00000000200001d0                __lock___malloc_recursive_mutex
 .bss.__lock___sfp_recursive_mutex
                0x00000000200001d1        0x1 /Applications/STM32CubeIDE.app/Contents/Eclipse/plugins/com.st.stm32cube.ide.mcu.externaltools.gnu-tools-for-stm32.10.3-2021.10.macos64_1.0.0.202111181127/tools/bin/../lib/gcc/arm-none-eabi/10.3.1/../../../../arm-none-eabi/lib/thumb/v6-m/nofp/libc_nano.a(lib_a-lock.o)
                0x00000000200001d1                __lock___sfp_recursive_mutex
 .bss.__lock___sinit_recursive_mutex
                0x00000000200001d2        0x1 /Applications/STM32CubeIDE.app/Contents/Eclipse/plugins/com.st.stm32cube.ide.mcu.externaltools.gnu-tools-for-stm32.10.3-2021.10.macos64_1.0.0.202111181127/tools/bin/../lib/gcc/arm-none-eabi/10.3.1/../../../../arm-none-eabi/lib/thumb/v6-m/nofp/libc_nano.a(lib_a-lock.o)
                0x00000000200001d2                __lock___sinit_recursive_mutex
 *fill*         0x00000000200001d3        0x1 
 .bss.errno     0x00000000200001d4        0x4 /Applications/STM32CubeIDE.app/Contents/Eclipse/plugins/com.st.stm32cube.ide.mcu.externaltools.gnu-tools-for-stm32.10.3-2021.10.macos64_1.0.0.202111181127/tools/bin/../lib/gcc/arm-none-eabi/10.3.1/../../../../arm-none-eabi/lib/thumb/v6-m/nofp/libc_nano.a(lib_a-reent.o)
                0x00000000200001d4                errno
 *(COMMON)
                0x00000000200001d8                . = ALIGN (0x4)
                0x00000000200001d8                _ebss = .
                0x00000000200001d8                __bss_end__ = _ebss

._user_heap_stack
                0x00000000200001d8      0x600 load address 0x0000000008005338
                0x00000000200001d8                . = ALIGN (0x8)
                [!provide]                        PROVIDE (end = .)
                0x00000000200001d8                PROVIDE (_end = .)
                0x00000000200003d8                . = (. + _Min_Heap_Size)
 *fill*         0x00000000200001d8      0x200 
                0x00000000200007d8                . = (. + _Min_Stack_Size)
 *fill*         0x00000000200003d8      0x400 
                0x00000000200007d8                . = ALIGN (0x8)

/DISCARD/
 libc.a(*)
 libm.a(*)
 libgcc.a(*)

.ARM.attributes
                0x0000000000000000       0x28
 *(.ARM.attributes)
 .ARM.attributes
                0x0000000000000000       0x1e /Applications/STM32CubeIDE.app/Contents/Eclipse/plugins/com.st.stm32cube.ide.mcu.externaltools.gnu-tools-for-stm32.10.3-2021.10.macos64_1.0.0.202111181127/tools/bin/../lib/gcc/arm-none-eabi/10.3.1/thumb/v6-m/nofp/crti.o
 .ARM.attributes
                0x000000000000001e       0x2c /Applications/STM32CubeIDE.app/Contents/Eclipse/plugins/com.st.stm32cube.ide.mcu.externaltools.gnu-tools-for-stm32.10.3-2021.10.macos64_1.0.0.202111181127/tools/bin/../lib/gcc/arm-none-eabi/10.3.1/thumb/v6-m/nofp/crtbegin.o
 .ARM.attributes
                0x000000000000004a       0x2c ./Core/Src/gpio.o
 .ARM.attributes
                0x0000000000000076       0x2c ./Core/Src/main.o
 .ARM.attributes
                0x00000000000000a2       0x2c ./Core/Src/stm32g0xx_hal_msp.o
 .ARM.attributes
                0x00000000000000ce       0x2c ./Core/Src/stm32g0xx_it.o
 .ARM.attributes
                0x00000000000000fa       0x2c ./Core/Src/syscalls.o
 .ARM.attributes
                0x0000000000000126       0x2c ./Core/Src/sysmem.o
 .ARM.attributes
                0x0000000000000152       0x2c ./Core/Src/system_stm32g0xx.o
 .ARM.attributes
                0x000000000000017e       0x2c ./Core/Src/uart_half_duplex_driver.o
 .ARM.attributes
                0x00000000000001aa       0x2c ./Core/Src/usart.o
 .ARM.attributes
                0x00000000000001d6       0x2c ./Core/Src/xl320_driver.o
 .ARM.attributes
                0x0000000000000202       0x22 ./Core/Startup/startup_stm32g070rbtx.o
 .ARM.attributes
                0x0000000000000224       0x2c ./Drivers/STM32G0xx_HAL_Driver/Src/stm32g0xx_hal.o
 .ARM.attributes
                0x0000000000000250       0x2c ./Drivers/STM32G0xx_HAL_Driver/Src/stm32g0xx_hal_cortex.o
 .ARM.attributes
                0x000000000000027c       0x2c ./Drivers/STM32G0xx_HAL_Driver/Src/stm32g0xx_hal_gpio.o
 .ARM.attributes
                0x00000000000002a8       0x2c ./Drivers/STM32G0xx_HAL_Driver/Src/stm32g0xx_hal_pwr_ex.o
 .ARM.attributes
                0x00000000000002d4       0x2c ./Drivers/STM32G0xx_HAL_Driver/Src/stm32g0xx_hal_rcc.o
 .ARM.attributes
                0x0000000000000300       0x2c ./Drivers/STM32G0xx_HAL_Driver/Src/stm32g0xx_hal_rcc_ex.o
 .ARM.attributes
                0x000000000000032c       0x2c ./Drivers/STM32G0xx_HAL_Driver/Src/stm32g0xx_hal_uart.o
 .ARM.attributes
                0x0000000000000358       0x2c ./Drivers/STM32G0xx_HAL_Driver/Src/stm32g0xx_hal_uart_ex.o
 .ARM.attributes
                0x0000000000000384       0x2c /Applications/STM32CubeIDE.app/Contents/Eclipse/plugins/com.st.stm32cube.ide.mcu.externaltools.gnu-tools-for-stm32.10.3-2021.10.macos64_1.0.0.202111181127/tools/bin/../lib/gcc/arm-none-eabi/10.3.1/../../../../arm-none-eabi/lib/thumb/v6-m/nofp/libc_nano.a(lib_a-errno.o)
 .ARM.attributes
                0x00000000000003b0       0x2c /Applications/STM32CubeIDE.app/Contents/Eclipse/plugins/com.st.stm32cube.ide.mcu.externaltools.gnu-tools-for-stm32.10.3-2021.10.macos64_1.0.0.202111181127/tools/bin/../lib/gcc/arm-none-eabi/10.3.1/../../../../arm-none-eabi/lib/thumb/v6-m/nofp/libc_nano.a(lib_a-impure.o)
 .ARM.attributes
                0x00000000000003dc       0x2c /Applications/STM32CubeIDE.app/Contents/Eclipse/plugins/com.st.stm32cube.ide.mcu.externaltools.gnu-tools-for-stm32.10.3-2021.10.macos64_1.0.0.202111181127/tools/bin/../lib/gcc/arm-none-eabi/10.3.1/../../../../arm-none-eabi/lib/thumb/v6-m/nofp/libc_nano.a(lib_a-init.o)
 .ARM.attributes
                0x0000000000000408       0x2c /Applications/STM32CubeIDE.app/Contents/Eclipse/plugins/com.st.stm32cube.ide.mcu.externaltools.gnu-tools-for-stm32.10.3-2021.10.macos64_1.0.0.202111181127/tools/bin/../lib/gcc/arm-none-eabi/10.3.1/../../../../arm-none-eabi/lib/thumb/v6-m/nofp/libc_nano.a(lib_a-malloc.o)
 .ARM.attributes
                0x0000000000000434       0x2c /Applications/STM32CubeIDE.app/Contents/Eclipse/plugins/com.st.stm32cube.ide.mcu.externaltools.gnu-tools-for-stm32.10.3-2021.10.macos64_1.0.0.202111181127/tools/bin/../lib/gcc/arm-none-eabi/10.3.1/../../../../arm-none-eabi/lib/thumb/v6-m/nofp/libc_nano.a(lib_a-memcpy-stub.o)
 .ARM.attributes
                0x0000000000000460       0x2c /Applications/STM32CubeIDE.app/Contents/Eclipse/plugins/com.st.stm32cube.ide.mcu.externaltools.gnu-tools-for-stm32.10.3-2021.10.macos64_1.0.0.202111181127/tools/bin/../lib/gcc/arm-none-eabi/10.3.1/../../../../arm-none-eabi/lib/thumb/v6-m/nofp/libc_nano.a(lib_a-memset.o)
 .ARM.attributes
                0x000000000000048c       0x2c /Applications/STM32CubeIDE.app/Contents/Eclipse/plugins/com.st.stm32cube.ide.mcu.externaltools.gnu-tools-for-stm32.10.3-2021.10.macos64_1.0.0.202111181127/tools/bin/../lib/gcc/arm-none-eabi/10.3.1/../../../../arm-none-eabi/lib/thumb/v6-m/nofp/libc_nano.a(lib_a-nano-freer.o)
 .ARM.attributes
                0x00000000000004b8       0x2c /Applications/STM32CubeIDE.app/Contents/Eclipse/plugins/com.st.stm32cube.ide.mcu.externaltools.gnu-tools-for-stm32.10.3-2021.10.macos64_1.0.0.202111181127/tools/bin/../lib/gcc/arm-none-eabi/10.3.1/../../../../arm-none-eabi/lib/thumb/v6-m/nofp/libc_nano.a(lib_a-nano-mallocr.o)
 .ARM.attributes
                0x00000000000004e4       0x2c /Applications/STM32CubeIDE.app/Contents/Eclipse/plugins/com.st.stm32cube.ide.mcu.externaltools.gnu-tools-for-stm32.10.3-2021.10.macos64_1.0.0.202111181127/tools/bin/../lib/gcc/arm-none-eabi/10.3.1/../../../../arm-none-eabi/lib/thumb/v6-m/nofp/libc_nano.a(lib_a-puts.o)
 .ARM.attributes
                0x0000000000000510       0x2c /Applications/STM32CubeIDE.app/Contents/Eclipse/plugins/com.st.stm32cube.ide.mcu.externaltools.gnu-tools-for-stm32.10.3-2021.10.macos64_1.0.0.202111181127/tools/bin/../lib/gcc/arm-none-eabi/10.3.1/../../../../arm-none-eabi/lib/thumb/v6-m/nofp/libc_nano.a(lib_a-sbrkr.o)
 .ARM.attributes
                0x000000000000053c       0x2c /Applications/STM32CubeIDE.app/Contents/Eclipse/plugins/com.st.stm32cube.ide.mcu.externaltools.gnu-tools-for-stm32.10.3-2021.10.macos64_1.0.0.202111181127/tools/bin/../lib/gcc/arm-none-eabi/10.3.1/../../../../arm-none-eabi/lib/thumb/v6-m/nofp/libc_nano.a(lib_a-wbuf.o)
 .ARM.attributes
                0x0000000000000568       0x2c /Applications/STM32CubeIDE.app/Contents/Eclipse/plugins/com.st.stm32cube.ide.mcu.externaltools.gnu-tools-for-stm32.10.3-2021.10.macos64_1.0.0.202111181127/tools/bin/../lib/gcc/arm-none-eabi/10.3.1/../../../../arm-none-eabi/lib/thumb/v6-m/nofp/libc_nano.a(lib_a-wsetup.o)
 .ARM.attributes
                0x0000000000000594       0x2c /Applications/STM32CubeIDE.app/Contents/Eclipse/plugins/com.st.stm32cube.ide.mcu.externaltools.gnu-tools-for-stm32.10.3-2021.10.macos64_1.0.0.202111181127/tools/bin/../lib/gcc/arm-none-eabi/10.3.1/../../../../arm-none-eabi/lib/thumb/v6-m/nofp/libc_nano.a(lib_a-fflush.o)
 .ARM.attributes
                0x00000000000005c0       0x2c /Applications/STM32CubeIDE.app/Contents/Eclipse/plugins/com.st.stm32cube.ide.mcu.externaltools.gnu-tools-for-stm32.10.3-2021.10.macos64_1.0.0.202111181127/tools/bin/../lib/gcc/arm-none-eabi/10.3.1/../../../../arm-none-eabi/lib/thumb/v6-m/nofp/libc_nano.a(lib_a-findfp.o)
 .ARM.attributes
                0x00000000000005ec       0x2c /Applications/STM32CubeIDE.app/Contents/Eclipse/plugins/com.st.stm32cube.ide.mcu.externaltools.gnu-tools-for-stm32.10.3-2021.10.macos64_1.0.0.202111181127/tools/bin/../lib/gcc/arm-none-eabi/10.3.1/../../../../arm-none-eabi/lib/thumb/v6-m/nofp/libc_nano.a(lib_a-fwalk.o)
 .ARM.attributes
                0x0000000000000618       0x2c /Applications/STM32CubeIDE.app/Contents/Eclipse/plugins/com.st.stm32cube.ide.mcu.externaltools.gnu-tools-for-stm32.10.3-2021.10.macos64_1.0.0.202111181127/tools/bin/../lib/gcc/arm-none-eabi/10.3.1/../../../../arm-none-eabi/lib/thumb/v6-m/nofp/libc_nano.a(lib_a-lock.o)
 .ARM.attributes
                0x0000000000000644       0x2c /Applications/STM32CubeIDE.app/Contents/Eclipse/plugins/com.st.stm32cube.ide.mcu.externaltools.gnu-tools-for-stm32.10.3-2021.10.macos64_1.0.0.202111181127/tools/bin/../lib/gcc/arm-none-eabi/10.3.1/../../../../arm-none-eabi/lib/thumb/v6-m/nofp/libc_nano.a(lib_a-makebuf.o)
 .ARM.attributes
                0x0000000000000670       0x2c /Applications/STM32CubeIDE.app/Contents/Eclipse/plugins/com.st.stm32cube.ide.mcu.externaltools.gnu-tools-for-stm32.10.3-2021.10.macos64_1.0.0.202111181127/tools/bin/../lib/gcc/arm-none-eabi/10.3.1/../../../../arm-none-eabi/lib/thumb/v6-m/nofp/libc_nano.a(lib_a-mlock.o)
 .ARM.attributes
                0x000000000000069c       0x2c /Applications/STM32CubeIDE.app/Contents/Eclipse/plugins/com.st.stm32cube.ide.mcu.externaltools.gnu-tools-for-stm32.10.3-2021.10.macos64_1.0.0.202111181127/tools/bin/../lib/gcc/arm-none-eabi/10.3.1/../../../../arm-none-eabi/lib/thumb/v6-m/nofp/libc_nano.a(lib_a-reent.o)
 .ARM.attributes
                0x00000000000006c8       0x2c /Applications/STM32CubeIDE.app/Contents/Eclipse/plugins/com.st.stm32cube.ide.mcu.externaltools.gnu-tools-for-stm32.10.3-2021.10.macos64_1.0.0.202111181127/tools/bin/../lib/gcc/arm-none-eabi/10.3.1/../../../../arm-none-eabi/lib/thumb/v6-m/nofp/libc_nano.a(lib_a-stdio.o)
 .ARM.attributes
                0x00000000000006f4       0x2c /Applications/STM32CubeIDE.app/Contents/Eclipse/plugins/com.st.stm32cube.ide.mcu.externaltools.gnu-tools-for-stm32.10.3-2021.10.macos64_1.0.0.202111181127/tools/bin/../lib/gcc/arm-none-eabi/10.3.1/../../../../arm-none-eabi/lib/thumb/v6-m/nofp/libc_nano.a(lib_a-writer.o)
 .ARM.attributes
                0x0000000000000720       0x2c /Applications/STM32CubeIDE.app/Contents/Eclipse/plugins/com.st.stm32cube.ide.mcu.externaltools.gnu-tools-for-stm32.10.3-2021.10.macos64_1.0.0.202111181127/tools/bin/../lib/gcc/arm-none-eabi/10.3.1/../../../../arm-none-eabi/lib/thumb/v6-m/nofp/libc_nano.a(lib_a-closer.o)
 .ARM.attributes
                0x000000000000074c       0x2c /Applications/STM32CubeIDE.app/Contents/Eclipse/plugins/com.st.stm32cube.ide.mcu.externaltools.gnu-tools-for-stm32.10.3-2021.10.macos64_1.0.0.202111181127/tools/bin/../lib/gcc/arm-none-eabi/10.3.1/../../../../arm-none-eabi/lib/thumb/v6-m/nofp/libc_nano.a(lib_a-fstatr.o)
 .ARM.attributes
                0x0000000000000778       0x2c /Applications/STM32CubeIDE.app/Contents/Eclipse/plugins/com.st.stm32cube.ide.mcu.externaltools.gnu-tools-for-stm32.10.3-2021.10.macos64_1.0.0.202111181127/tools/bin/../lib/gcc/arm-none-eabi/10.3.1/../../../../arm-none-eabi/lib/thumb/v6-m/nofp/libc_nano.a(lib_a-isattyr.o)
 .ARM.attributes
                0x00000000000007a4       0x2c /Applications/STM32CubeIDE.app/Contents/Eclipse/plugins/com.st.stm32cube.ide.mcu.externaltools.gnu-tools-for-stm32.10.3-2021.10.macos64_1.0.0.202111181127/tools/bin/../lib/gcc/arm-none-eabi/10.3.1/../../../../arm-none-eabi/lib/thumb/v6-m/nofp/libc_nano.a(lib_a-lseekr.o)
 .ARM.attributes
                0x00000000000007d0       0x2c /Applications/STM32CubeIDE.app/Contents/Eclipse/plugins/com.st.stm32cube.ide.mcu.externaltools.gnu-tools-for-stm32.10.3-2021.10.macos64_1.0.0.202111181127/tools/bin/../lib/gcc/arm-none-eabi/10.3.1/../../../../arm-none-eabi/lib/thumb/v6-m/nofp/libc_nano.a(lib_a-readr.o)
 .ARM.attributes
                0x00000000000007fc       0x1e /Applications/STM32CubeIDE.app/Contents/Eclipse/plugins/com.st.stm32cube.ide.mcu.externaltools.gnu-tools-for-stm32.10.3-2021.10.macos64_1.0.0.202111181127/tools/bin/../lib/gcc/arm-none-eabi/10.3.1/thumb/v6-m/nofp/libgcc.a(_udivsi3.o)
 .ARM.attributes
                0x000000000000081a       0x1e /Applications/STM32CubeIDE.app/Contents/Eclipse/plugins/com.st.stm32cube.ide.mcu.externaltools.gnu-tools-for-stm32.10.3-2021.10.macos64_1.0.0.202111181127/tools/bin/../lib/gcc/arm-none-eabi/10.3.1/thumb/v6-m/nofp/libgcc.a(_divsi3.o)
 .ARM.attributes
                0x0000000000000838       0x1e /Applications/STM32CubeIDE.app/Contents/Eclipse/plugins/com.st.stm32cube.ide.mcu.externaltools.gnu-tools-for-stm32.10.3-2021.10.macos64_1.0.0.202111181127/tools/bin/../lib/gcc/arm-none-eabi/10.3.1/thumb/v6-m/nofp/libgcc.a(_dvmd_tls.o)
 .ARM.attributes
                0x0000000000000856       0x2c /Applications/STM32CubeIDE.app/Contents/Eclipse/plugins/com.st.stm32cube.ide.mcu.externaltools.gnu-tools-for-stm32.10.3-2021.10.macos64_1.0.0.202111181127/tools/bin/../lib/gcc/arm-none-eabi/10.3.1/thumb/v6-m/nofp/libgcc.a(_fixunsdfsi.o)
 .ARM.attributes
                0x0000000000000882       0x2c /Applications/STM32CubeIDE.app/Contents/Eclipse/plugins/com.st.stm32cube.ide.mcu.externaltools.gnu-tools-for-stm32.10.3-2021.10.macos64_1.0.0.202111181127/tools/bin/../lib/gcc/arm-none-eabi/10.3.1/thumb/v6-m/nofp/libgcc.a(divdf3.o)
 .ARM.attributes
                0x00000000000008ae       0x2c /Applications/STM32CubeIDE.app/Contents/Eclipse/plugins/com.st.stm32cube.ide.mcu.externaltools.gnu-tools-for-stm32.10.3-2021.10.macos64_1.0.0.202111181127/tools/bin/../lib/gcc/arm-none-eabi/10.3.1/thumb/v6-m/nofp/libgcc.a(subdf3.o)
 .ARM.attributes
                0x00000000000008da       0x2c /Applications/STM32CubeIDE.app/Contents/Eclipse/plugins/com.st.stm32cube.ide.mcu.externaltools.gnu-tools-for-stm32.10.3-2021.10.macos64_1.0.0.202111181127/tools/bin/../lib/gcc/arm-none-eabi/10.3.1/thumb/v6-m/nofp/libgcc.a(fixdfsi.o)
 .ARM.attributes
                0x0000000000000906       0x2c /Applications/STM32CubeIDE.app/Contents/Eclipse/plugins/com.st.stm32cube.ide.mcu.externaltools.gnu-tools-for-stm32.10.3-2021.10.macos64_1.0.0.202111181127/tools/bin/../lib/gcc/arm-none-eabi/10.3.1/thumb/v6-m/nofp/libgcc.a(extendsfdf2.o)
 .ARM.attributes
                0x0000000000000932       0x1e /Applications/STM32CubeIDE.app/Contents/Eclipse/plugins/com.st.stm32cube.ide.mcu.externaltools.gnu-tools-for-stm32.10.3-2021.10.macos64_1.0.0.202111181127/tools/bin/../lib/gcc/arm-none-eabi/10.3.1/thumb/v6-m/nofp/libgcc.a(_arm_cmpdf2.o)
 .ARM.attributes
                0x0000000000000950       0x1e /Applications/STM32CubeIDE.app/Contents/Eclipse/plugins/com.st.stm32cube.ide.mcu.externaltools.gnu-tools-for-stm32.10.3-2021.10.macos64_1.0.0.202111181127/tools/bin/../lib/gcc/arm-none-eabi/10.3.1/thumb/v6-m/nofp/libgcc.a(_clzsi2.o)
 .ARM.attributes
                0x000000000000096e       0x2c /Applications/STM32CubeIDE.app/Contents/Eclipse/plugins/com.st.stm32cube.ide.mcu.externaltools.gnu-tools-for-stm32.10.3-2021.10.macos64_1.0.0.202111181127/tools/bin/../lib/gcc/arm-none-eabi/10.3.1/thumb/v6-m/nofp/libgcc.a(eqdf2.o)
 .ARM.attributes
                0x000000000000099a       0x2c /Applications/STM32CubeIDE.app/Contents/Eclipse/plugins/com.st.stm32cube.ide.mcu.externaltools.gnu-tools-for-stm32.10.3-2021.10.macos64_1.0.0.202111181127/tools/bin/../lib/gcc/arm-none-eabi/10.3.1/thumb/v6-m/nofp/libgcc.a(gedf2.o)
 .ARM.attributes
                0x00000000000009c6       0x2c /Applications/STM32CubeIDE.app/Contents/Eclipse/plugins/com.st.stm32cube.ide.mcu.externaltools.gnu-tools-for-stm32.10.3-2021.10.macos64_1.0.0.202111181127/tools/bin/../lib/gcc/arm-none-eabi/10.3.1/thumb/v6-m/nofp/libgcc.a(ledf2.o)
 .ARM.attributes
                0x00000000000009f2       0x1e /Applications/STM32CubeIDE.app/Contents/Eclipse/plugins/com.st.stm32cube.ide.mcu.externaltools.gnu-tools-for-stm32.10.3-2021.10.macos64_1.0.0.202111181127/tools/bin/../lib/gcc/arm-none-eabi/10.3.1/thumb/v6-m/nofp/crtn.o
OUTPUT(robot_biere.elf elf32-littlearm)
LOAD linker stubs
LOAD /Applications/STM32CubeIDE.app/Contents/Eclipse/plugins/com.st.stm32cube.ide.mcu.externaltools.gnu-tools-for-stm32.10.3-2021.10.macos64_1.0.0.202111181127/tools/bin/../lib/gcc/arm-none-eabi/10.3.1/../../../../arm-none-eabi/lib/thumb/v6-m/nofp/libc.a
LOAD /Applications/STM32CubeIDE.app/Contents/Eclipse/plugins/com.st.stm32cube.ide.mcu.externaltools.gnu-tools-for-stm32.10.3-2021.10.macos64_1.0.0.202111181127/tools/bin/../lib/gcc/arm-none-eabi/10.3.1/../../../../arm-none-eabi/lib/thumb/v6-m/nofp/libm.a
LOAD /Applications/STM32CubeIDE.app/Contents/Eclipse/plugins/com.st.stm32cube.ide.mcu.externaltools.gnu-tools-for-stm32.10.3-2021.10.macos64_1.0.0.202111181127/tools/bin/../lib/gcc/arm-none-eabi/10.3.1/thumb/v6-m/nofp/libgcc.a

.debug_info     0x0000000000000000     0xc785
 .debug_info    0x0000000000000000      0x3f1 ./Core/Src/gpio.o
 .debug_info    0x00000000000003f1      0xc51 ./Core/Src/main.o
 .debug_info    0x0000000000001042      0x296 ./Core/Src/stm32g0xx_hal_msp.o
 .debug_info    0x00000000000012d8      0x11e ./Core/Src/stm32g0xx_it.o
 .debug_info    0x00000000000013f6      0x6e0 ./Core/Src/syscalls.o
 .debug_info    0x0000000000001ad6      0x171 ./Core/Src/sysmem.o
 .debug_info    0x0000000000001c47      0x34d ./Core/Src/system_stm32g0xx.o
 .debug_info    0x0000000000001f94      0x8cb ./Core/Src/uart_half_duplex_driver.o
 .debug_info    0x000000000000285f      0xcc1 ./Core/Src/usart.o
 .debug_info    0x0000000000003520      0x844 ./Core/Src/xl320_driver.o
 .debug_info    0x0000000000003d64       0x22 ./Core/Startup/startup_stm32g070rbtx.o
 .debug_info    0x0000000000003d86      0x942 ./Drivers/STM32G0xx_HAL_Driver/Src/stm32g0xx_hal.o
 .debug_info    0x00000000000046c8      0x8f5 ./Drivers/STM32G0xx_HAL_Driver/Src/stm32g0xx_hal_cortex.o
 .debug_info    0x0000000000004fbd      0x5d7 ./Drivers/STM32G0xx_HAL_Driver/Src/stm32g0xx_hal_gpio.o
 .debug_info    0x0000000000005594      0x4e8 ./Drivers/STM32G0xx_HAL_Driver/Src/stm32g0xx_hal_pwr_ex.o
 .debug_info    0x0000000000005a7c      0xb1c ./Drivers/STM32G0xx_HAL_Driver/Src/stm32g0xx_hal_rcc.o
 .debug_info    0x0000000000006598      0x7dd ./Drivers/STM32G0xx_HAL_Driver/Src/stm32g0xx_hal_rcc_ex.o
 .debug_info    0x0000000000006d75     0x49de ./Drivers/STM32G0xx_HAL_Driver/Src/stm32g0xx_hal_uart.o
 .debug_info    0x000000000000b753     0x1032 ./Drivers/STM32G0xx_HAL_Driver/Src/stm32g0xx_hal_uart_ex.o

.debug_abbrev   0x0000000000000000     0x21c0
 .debug_abbrev  0x0000000000000000      0x131 ./Core/Src/gpio.o
 .debug_abbrev  0x0000000000000131      0x292 ./Core/Src/main.o
 .debug_abbrev  0x00000000000003c3       0xdb ./Core/Src/stm32g0xx_hal_msp.o
 .debug_abbrev  0x000000000000049e       0xad ./Core/Src/stm32g0xx_it.o
 .debug_abbrev  0x000000000000054b      0x1b3 ./Core/Src/syscalls.o
 .debug_abbrev  0x00000000000006fe       0xbb ./Core/Src/sysmem.o
 .debug_abbrev  0x00000000000007b9      0x116 ./Core/Src/system_stm32g0xx.o
 .debug_abbrev  0x00000000000008cf      0x1a0 ./Core/Src/uart_half_duplex_driver.o
 .debug_abbrev  0x0000000000000a6f      0x1fe ./Core/Src/usart.o
 .debug_abbrev  0x0000000000000c6d      0x1cd ./Core/Src/xl320_driver.o
 .debug_abbrev  0x0000000000000e3a       0x12 ./Core/Startup/startup_stm32g070rbtx.o
 .debug_abbrev  0x0000000000000e4c      0x2a9 ./Drivers/STM32G0xx_HAL_Driver/Src/stm32g0xx_hal.o
 .debug_abbrev  0x00000000000010f5      0x29f ./Drivers/STM32G0xx_HAL_Driver/Src/stm32g0xx_hal_cortex.o
 .debug_abbrev  0x0000000000001394      0x1b9 ./Drivers/STM32G0xx_HAL_Driver/Src/stm32g0xx_hal_gpio.o
 .debug_abbrev  0x000000000000154d      0x1d1 ./Drivers/STM32G0xx_HAL_Driver/Src/stm32g0xx_hal_pwr_ex.o
 .debug_abbrev  0x000000000000171e      0x2a3 ./Drivers/STM32G0xx_HAL_Driver/Src/stm32g0xx_hal_rcc.o
 .debug_abbrev  0x00000000000019c1      0x21a ./Drivers/STM32G0xx_HAL_Driver/Src/stm32g0xx_hal_rcc_ex.o
 .debug_abbrev  0x0000000000001bdb      0x310 ./Drivers/STM32G0xx_HAL_Driver/Src/stm32g0xx_hal_uart.o
 .debug_abbrev  0x0000000000001eeb      0x2d5 ./Drivers/STM32G0xx_HAL_Driver/Src/stm32g0xx_hal_uart_ex.o

.debug_aranges  0x0000000000000000      0x968
 .debug_aranges
                0x0000000000000000       0x20 ./Core/Src/gpio.o
 .debug_aranges
                0x0000000000000020       0x40 ./Core/Src/main.o
 .debug_aranges
                0x0000000000000060       0x20 ./Core/Src/stm32g0xx_hal_msp.o
 .debug_aranges
                0x0000000000000080       0x40 ./Core/Src/stm32g0xx_it.o
 .debug_aranges
                0x00000000000000c0       0xa8 ./Core/Src/syscalls.o
 .debug_aranges
                0x0000000000000168       0x20 ./Core/Src/sysmem.o
 .debug_aranges
                0x0000000000000188       0x28 ./Core/Src/system_stm32g0xx.o
 .debug_aranges
                0x00000000000001b0       0x28 ./Core/Src/uart_half_duplex_driver.o
 .debug_aranges
                0x00000000000001d8       0x38 ./Core/Src/usart.o
 .debug_aranges
                0x0000000000000210       0x98 ./Core/Src/xl320_driver.o
 .debug_aranges
                0x00000000000002a8       0x28 ./Core/Startup/startup_stm32g070rbtx.o
 .debug_aranges
                0x00000000000002d0       0xf8 ./Drivers/STM32G0xx_HAL_Driver/Src/stm32g0xx_hal.o
 .debug_aranges
                0x00000000000003c8       0xd8 ./Drivers/STM32G0xx_HAL_Driver/Src/stm32g0xx_hal_cortex.o
 .debug_aranges
                0x00000000000004a0       0x60 ./Drivers/STM32G0xx_HAL_Driver/Src/stm32g0xx_hal_gpio.o
 .debug_aranges
                0x0000000000000500       0x98 ./Drivers/STM32G0xx_HAL_Driver/Src/stm32g0xx_hal_pwr_ex.o
 .debug_aranges
                0x0000000000000598       0xa0 ./Drivers/STM32G0xx_HAL_Driver/Src/stm32g0xx_hal_rcc.o
 .debug_aranges
                0x0000000000000638       0x40 ./Drivers/STM32G0xx_HAL_Driver/Src/stm32g0xx_hal_rcc_ex.o
 .debug_aranges
                0x0000000000000678      0x248 ./Drivers/STM32G0xx_HAL_Driver/Src/stm32g0xx_hal_uart.o
 .debug_aranges
                0x00000000000008c0       0xa8 ./Drivers/STM32G0xx_HAL_Driver/Src/stm32g0xx_hal_uart_ex.o

.debug_ranges   0x0000000000000000      0x870
 .debug_ranges  0x0000000000000000       0x10 ./Core/Src/gpio.o
 .debug_ranges  0x0000000000000010       0x30 ./Core/Src/main.o
 .debug_ranges  0x0000000000000040       0x10 ./Core/Src/stm32g0xx_hal_msp.o
 .debug_ranges  0x0000000000000050       0x30 ./Core/Src/stm32g0xx_it.o
 .debug_ranges  0x0000000000000080       0x98 ./Core/Src/syscalls.o
 .debug_ranges  0x0000000000000118       0x10 ./Core/Src/sysmem.o
 .debug_ranges  0x0000000000000128       0x18 ./Core/Src/system_stm32g0xx.o
 .debug_ranges  0x0000000000000140       0x18 ./Core/Src/uart_half_duplex_driver.o
 .debug_ranges  0x0000000000000158       0x28 ./Core/Src/usart.o
 .debug_ranges  0x0000000000000180       0x88 ./Core/Src/xl320_driver.o
 .debug_ranges  0x0000000000000208       0x20 ./Core/Startup/startup_stm32g070rbtx.o
 .debug_ranges  0x0000000000000228       0xe8 ./Drivers/STM32G0xx_HAL_Driver/Src/stm32g0xx_hal.o
 .debug_ranges  0x0000000000000310       0xc8 ./Drivers/STM32G0xx_HAL_Driver/Src/stm32g0xx_hal_cortex.o
 .debug_ranges  0x00000000000003d8       0x50 ./Drivers/STM32G0xx_HAL_Driver/Src/stm32g0xx_hal_gpio.o
 .debug_ranges  0x0000000000000428       0x88 ./Drivers/STM32G0xx_HAL_Driver/Src/stm32g0xx_hal_pwr_ex.o
 .debug_ranges  0x00000000000004b0       0x90 ./Drivers/STM32G0xx_HAL_Driver/Src/stm32g0xx_hal_rcc.o
 .debug_ranges  0x0000000000000540       0x30 ./Drivers/STM32G0xx_HAL_Driver/Src/stm32g0xx_hal_rcc_ex.o
 .debug_ranges  0x0000000000000570      0x268 ./Drivers/STM32G0xx_HAL_Driver/Src/stm32g0xx_hal_uart.o
 .debug_ranges  0x00000000000007d8       0x98 ./Drivers/STM32G0xx_HAL_Driver/Src/stm32g0xx_hal_uart_ex.o

.debug_macro    0x0000000000000000    0x1685c
 .debug_macro   0x0000000000000000      0x1df ./Core/Src/gpio.o
 .debug_macro   0x00000000000001df      0xa4e ./Core/Src/gpio.o
 .debug_macro   0x0000000000000c2d      0x117 ./Core/Src/gpio.o
 .debug_macro   0x0000000000000d44       0x2e ./Core/Src/gpio.o
 .debug_macro   0x0000000000000d72       0x28 ./Core/Src/gpio.o
 .debug_macro   0x0000000000000d9a       0x22 ./Core/Src/gpio.o
 .debug_macro   0x0000000000000dbc       0x8e ./Core/Src/gpio.o
 .debug_macro   0x0000000000000e4a       0x51 ./Core/Src/gpio.o
 .debug_macro   0x0000000000000e9b      0x103 ./Core/Src/gpio.o
 .debug_macro   0x0000000000000f9e       0x6a ./Core/Src/gpio.o
 .debug_macro   0x0000000000001008      0x1df ./Core/Src/gpio.o
 .debug_macro   0x00000000000011e7       0x1c ./Core/Src/gpio.o
 .debug_macro   0x0000000000001203       0x22 ./Core/Src/gpio.o
 .debug_macro   0x0000000000001225       0xd1 ./Core/Src/gpio.o
 .debug_macro   0x00000000000012f6      0x4da ./Core/Src/gpio.o
 .debug_macro   0x00000000000017d0      0x11f ./Core/Src/gpio.o
 .debug_macro   0x00000000000018ef     0xa6de ./Core/Src/gpio.o
 .debug_macro   0x000000000000bfcd       0x66 ./Core/Src/gpio.o
 .debug_macro   0x000000000000c033     0x34fd ./Core/Src/gpio.o
 .debug_macro   0x000000000000f530      0x174 ./Core/Src/gpio.o
 .debug_macro   0x000000000000f6a4       0x5c ./Core/Src/gpio.o
 .debug_macro   0x000000000000f700      0x485 ./Core/Src/gpio.o
 .debug_macro   0x000000000000fb85      0xe67 ./Core/Src/gpio.o
 .debug_macro   0x00000000000109ec      0x13e ./Core/Src/gpio.o
 .debug_macro   0x0000000000010b2a      0x1cf ./Core/Src/gpio.o
 .debug_macro   0x0000000000010cf9      0x13e ./Core/Src/gpio.o
 .debug_macro   0x0000000000010e37      0x3a8 ./Core/Src/gpio.o
 .debug_macro   0x00000000000111df      0x280 ./Core/Src/gpio.o
 .debug_macro   0x000000000001145f      0x345 ./Core/Src/gpio.o
 .debug_macro   0x00000000000117a4      0x198 ./Core/Src/gpio.o
 .debug_macro   0x000000000001193c       0x43 ./Core/Src/gpio.o
 .debug_macro   0x000000000001197f      0x1f1 ./Core/Src/gpio.o
 .debug_macro   0x0000000000011b70      0x1d6 ./Core/Src/gpio.o
 .debug_macro   0x0000000000011d46      0x2a3 ./Core/Src/gpio.o
 .debug_macro   0x0000000000011fe9       0x28 ./Core/Src/gpio.o
 .debug_macro   0x0000000000012011       0xcf ./Core/Src/gpio.o
 .debug_macro   0x00000000000120e0      0x118 ./Core/Src/gpio.o
 .debug_macro   0x00000000000121f8      0x10d ./Core/Src/gpio.o
 .debug_macro   0x0000000000012305      0x693 ./Core/Src/gpio.o
 .debug_macro   0x0000000000012998       0xa6 ./Core/Src/gpio.o
 .debug_macro   0x0000000000012a3e      0x43d ./Core/Src/gpio.o
 .debug_macro   0x0000000000012e7b      0x397 ./Core/Src/main.o
 .debug_macro   0x0000000000013212       0x52 ./Core/Src/main.o
 .debug_macro   0x0000000000013264       0x18 ./Core/Src/main.o
 .debug_macro   0x000000000001327c       0x3c ./Core/Src/main.o
 .debug_macro   0x00000000000132b8       0x34 ./Core/Src/main.o
 .debug_macro   0x00000000000132ec       0x16 ./Core/Src/main.o
 .debug_macro   0x0000000000013302       0x35 ./Core/Src/main.o
 .debug_macro   0x0000000000013337      0x341 ./Core/Src/main.o
 .debug_macro   0x0000000000013678       0x10 ./Core/Src/main.o
 .debug_macro   0x0000000000013688       0x16 ./Core/Src/main.o
 .debug_macro   0x000000000001369e       0x43 ./Core/Src/main.o
 .debug_macro   0x00000000000136e1       0x34 ./Core/Src/main.o
 .debug_macro   0x0000000000013715       0x10 ./Core/Src/main.o
 .debug_macro   0x0000000000013725       0x58 ./Core/Src/main.o
 .debug_macro   0x000000000001377d       0x71 ./Core/Src/main.o
 .debug_macro   0x00000000000137ee       0x1c ./Core/Src/main.o
 .debug_macro   0x000000000001380a      0x12a ./Core/Src/main.o
 .debug_macro   0x0000000000013934       0x10 ./Core/Src/main.o
 .debug_macro   0x0000000000013944       0x1c ./Core/Src/main.o
 .debug_macro   0x0000000000013960       0x52 ./Core/Src/main.o
 .debug_macro   0x00000000000139b2       0x22 ./Core/Src/main.o
 .debug_macro   0x00000000000139d4       0x10 ./Core/Src/main.o
 .debug_macro   0x00000000000139e4       0x52 ./Core/Src/main.o
 .debug_macro   0x0000000000013a36       0xd5 ./Core/Src/main.o
 .debug_macro   0x0000000000013b0b       0x1c ./Core/Src/main.o
 .debug_macro   0x0000000000013b27       0x3d ./Core/Src/main.o
 .debug_macro   0x0000000000013b64       0x16 ./Core/Src/main.o
 .debug_macro   0x0000000000013b7a      0x145 ./Core/Src/main.o
 .debug_macro   0x0000000000013cbf       0x16 ./Core/Src/main.o
 .debug_macro   0x0000000000013cd5       0x16 ./Core/Src/main.o
 .debug_macro   0x0000000000013ceb       0x29 ./Core/Src/main.o
 .debug_macro   0x0000000000013d14       0x46 ./Core/Src/main.o
 .debug_macro   0x0000000000013d5a      0x1d5 ./Core/Src/stm32g0xx_hal_msp.o
 .debug_macro   0x0000000000013f2f      0x1df ./Core/Src/stm32g0xx_it.o
 .debug_macro   0x000000000001410e      0x24c ./Core/Src/syscalls.o
 .debug_macro   0x000000000001435a       0x4c ./Core/Src/syscalls.o
 .debug_macro   0x00000000000143a6       0x94 ./Core/Src/syscalls.o
 .debug_macro   0x000000000001443a       0x57 ./Core/Src/syscalls.o
 .debug_macro   0x0000000000014491       0x10 ./Core/Src/syscalls.o
 .debug_macro   0x00000000000144a1       0x10 ./Core/Src/syscalls.o
 .debug_macro   0x00000000000144b1       0x10 ./Core/Src/syscalls.o
 .debug_macro   0x00000000000144c1       0x35 ./Core/Src/syscalls.o
 .debug_macro   0x00000000000144f6      0x12c ./Core/Src/syscalls.o
 .debug_macro   0x0000000000014622       0x10 ./Core/Src/syscalls.o
 .debug_macro   0x0000000000014632      0x241 ./Core/Src/syscalls.o
 .debug_macro   0x0000000000014873       0x1c ./Core/Src/syscalls.o
 .debug_macro   0x000000000001488f       0x10 ./Core/Src/syscalls.o
 .debug_macro   0x000000000001489f      0x189 ./Core/Src/syscalls.o
 .debug_macro   0x0000000000014a28       0x16 ./Core/Src/syscalls.o
 .debug_macro   0x0000000000014a3e       0xce ./Core/Src/syscalls.o
 .debug_macro   0x0000000000014b0c       0xff ./Core/Src/sysmem.o
 .debug_macro   0x0000000000014c0b      0x23b ./Core/Src/sysmem.o
 .debug_macro   0x0000000000014e46      0x1cb ./Core/Src/system_stm32g0xx.o
 .debug_macro   0x0000000000015011      0x1e9 ./Core/Src/uart_half_duplex_driver.o
 .debug_macro   0x00000000000151fa      0x1df ./Core/Src/usart.o
 .debug_macro   0x00000000000153d9      0x37f ./Core/Src/xl320_driver.o
 .debug_macro   0x0000000000015758       0x97 ./Core/Src/xl320_driver.o
 .debug_macro   0x00000000000157ef       0xfd ./Core/Src/xl320_driver.o
 .debug_macro   0x00000000000158ec       0x56 ./Core/Src/xl320_driver.o
 .debug_macro   0x0000000000015942      0x1e9 ./Drivers/STM32G0xx_HAL_Driver/Src/stm32g0xx_hal.o
 .debug_macro   0x0000000000015b2b      0x1cb ./Drivers/STM32G0xx_HAL_Driver/Src/stm32g0xx_hal_cortex.o
 .debug_macro   0x0000000000015cf6      0x1d2 ./Drivers/STM32G0xx_HAL_Driver/Src/stm32g0xx_hal_gpio.o
 .debug_macro   0x0000000000015ec8      0x1dd ./Drivers/STM32G0xx_HAL_Driver/Src/stm32g0xx_hal_pwr_ex.o
 .debug_macro   0x00000000000160a5      0x207 ./Drivers/STM32G0xx_HAL_Driver/Src/stm32g0xx_hal_rcc.o
 .debug_macro   0x00000000000162ac      0x1e3 ./Drivers/STM32G0xx_HAL_Driver/Src/stm32g0xx_hal_rcc_ex.o
 .debug_macro   0x000000000001648f      0x1f6 ./Drivers/STM32G0xx_HAL_Driver/Src/stm32g0xx_hal_uart.o
 .debug_macro   0x0000000000016685      0x1d7 ./Drivers/STM32G0xx_HAL_Driver/Src/stm32g0xx_hal_uart_ex.o

.debug_line     0x0000000000000000     0xd4e1
 .debug_line    0x0000000000000000      0x709 ./Core/Src/gpio.o
 .debug_line    0x0000000000000709      0xa0b ./Core/Src/main.o
 .debug_line    0x0000000000001114      0x6f9 ./Core/Src/stm32g0xx_hal_msp.o
 .debug_line    0x000000000000180d      0x75e ./Core/Src/stm32g0xx_it.o
 .debug_line    0x0000000000001f6b      0x82b ./Core/Src/syscalls.o
 .debug_line    0x0000000000002796      0x521 ./Core/Src/sysmem.o
 .debug_line    0x0000000000002cb7      0x76c ./Core/Src/system_stm32g0xx.o
 .debug_line    0x0000000000003423      0x743 ./Core/Src/uart_half_duplex_driver.o
 .debug_line    0x0000000000003b66      0x831 ./Core/Src/usart.o
 .debug_line    0x0000000000004397      0xc8f ./Core/Src/xl320_driver.o
 .debug_line    0x0000000000005026       0x89 ./Core/Startup/startup_stm32g070rbtx.o
 .debug_line    0x00000000000050af      0xa0f ./Drivers/STM32G0xx_HAL_Driver/Src/stm32g0xx_hal.o
 .debug_line    0x0000000000005abe      0xb23 ./Drivers/STM32G0xx_HAL_Driver/Src/stm32g0xx_hal_cortex.o
 .debug_line    0x00000000000065e1      0xb0f ./Drivers/STM32G0xx_HAL_Driver/Src/stm32g0xx_hal_gpio.o
 .debug_line    0x00000000000070f0      0x93f ./Drivers/STM32G0xx_HAL_Driver/Src/stm32g0xx_hal_pwr_ex.o
 .debug_line    0x0000000000007a2f      0xeb7 ./Drivers/STM32G0xx_HAL_Driver/Src/stm32g0xx_hal_rcc.o
 .debug_line    0x00000000000088e6      0xadb ./Drivers/STM32G0xx_HAL_Driver/Src/stm32g0xx_hal_rcc_ex.o
 .debug_line    0x00000000000093c1     0x337f ./Drivers/STM32G0xx_HAL_Driver/Src/stm32g0xx_hal_uart.o
 .debug_line    0x000000000000c740      0xda1 ./Drivers/STM32G0xx_HAL_Driver/Src/stm32g0xx_hal_uart_ex.o

.debug_str      0x0000000000000000    0x855ea
 .debug_str     0x0000000000000000    0x7d441 ./Core/Src/gpio.o
                                      0x7d940 (size before relaxing)
 .debug_str     0x000000000007d441     0x4755 ./Core/Src/main.o
                                      0x81fc3 (size before relaxing)
 .debug_str     0x0000000000081b96       0x2c ./Core/Src/stm32g0xx_hal_msp.o
                                      0x7d8b1 (size before relaxing)
 .debug_str     0x0000000000081bc2       0x82 ./Core/Src/stm32g0xx_it.o
                                      0x7d82f (size before relaxing)
 .debug_str     0x0000000000081c44     0x166e ./Core/Src/syscalls.o
                                       0x8976 (size before relaxing)
 .debug_str     0x00000000000832b2       0x6b ./Core/Src/sysmem.o
                                       0x5cb2 (size before relaxing)
 .debug_str     0x000000000008331d       0x8e ./Core/Src/system_stm32g0xx.o
                                      0x7d902 (size before relaxing)
 .debug_str     0x00000000000833ab       0x84 ./Core/Src/uart_half_duplex_driver.o
                                      0x7de26 (size before relaxing)
 .debug_str     0x000000000008342f      0x196 ./Core/Src/usart.o
                                      0x7e053 (size before relaxing)
 .debug_str     0x00000000000835c5      0x2f2 ./Core/Src/xl320_driver.o
                                      0x81b34 (size before relaxing)
 .debug_str     0x00000000000838b7       0x36 ./Core/Startup/startup_stm32g070rbtx.o
                                         0x78 (size before relaxing)
 .debug_str     0x00000000000838ed      0x614 ./Drivers/STM32G0xx_HAL_Driver/Src/stm32g0xx_hal.o
                                      0x7dfa4 (size before relaxing)
 .debug_str     0x0000000000083f01      0x286 ./Drivers/STM32G0xx_HAL_Driver/Src/stm32g0xx_hal_cortex.o
                                      0x7dd49 (size before relaxing)
 .debug_str     0x0000000000084187      0x170 ./Drivers/STM32G0xx_HAL_Driver/Src/stm32g0xx_hal_gpio.o
                                      0x7da37 (size before relaxing)
 .debug_str     0x00000000000842f7      0x221 ./Drivers/STM32G0xx_HAL_Driver/Src/stm32g0xx_hal_pwr_ex.o
                                      0x7db56 (size before relaxing)
 .debug_str     0x0000000000084518      0x357 ./Drivers/STM32G0xx_HAL_Driver/Src/stm32g0xx_hal_rcc.o
                                      0x7def3 (size before relaxing)
 .debug_str     0x000000000008486f      0x185 ./Drivers/STM32G0xx_HAL_Driver/Src/stm32g0xx_hal_rcc_ex.o
                                      0x7dc53 (size before relaxing)
 .debug_str     0x00000000000849f4      0x982 ./Drivers/STM32G0xx_HAL_Driver/Src/stm32g0xx_hal_uart.o
                                      0x7e8cd (size before relaxing)
 .debug_str     0x0000000000085376      0x274 ./Drivers/STM32G0xx_HAL_Driver/Src/stm32g0xx_hal_uart_ex.o
                                      0x7e18c (size before relaxing)

.comment        0x0000000000000000       0x50
 .comment       0x0000000000000000       0x50 ./Core/Src/gpio.o
                                         0x51 (size before relaxing)
 .comment       0x0000000000000050       0x51 ./Core/Src/main.o
 .comment       0x0000000000000050       0x51 ./Core/Src/stm32g0xx_hal_msp.o
 .comment       0x0000000000000050       0x51 ./Core/Src/stm32g0xx_it.o
 .comment       0x0000000000000050       0x51 ./Core/Src/syscalls.o
 .comment       0x0000000000000050       0x51 ./Core/Src/sysmem.o
 .comment       0x0000000000000050       0x51 ./Core/Src/system_stm32g0xx.o
 .comment       0x0000000000000050       0x51 ./Core/Src/uart_half_duplex_driver.o
 .comment       0x0000000000000050       0x51 ./Core/Src/usart.o
 .comment       0x0000000000000050       0x51 ./Core/Src/xl320_driver.o
 .comment       0x0000000000000050       0x51 ./Drivers/STM32G0xx_HAL_Driver/Src/stm32g0xx_hal.o
 .comment       0x0000000000000050       0x51 ./Drivers/STM32G0xx_HAL_Driver/Src/stm32g0xx_hal_cortex.o
 .comment       0x0000000000000050       0x51 ./Drivers/STM32G0xx_HAL_Driver/Src/stm32g0xx_hal_gpio.o
 .comment       0x0000000000000050       0x51 ./Drivers/STM32G0xx_HAL_Driver/Src/stm32g0xx_hal_pwr_ex.o
 .comment       0x0000000000000050       0x51 ./Drivers/STM32G0xx_HAL_Driver/Src/stm32g0xx_hal_rcc.o
 .comment       0x0000000000000050       0x51 ./Drivers/STM32G0xx_HAL_Driver/Src/stm32g0xx_hal_rcc_ex.o
 .comment       0x0000000000000050       0x51 ./Drivers/STM32G0xx_HAL_Driver/Src/stm32g0xx_hal_uart.o
 .comment       0x0000000000000050       0x51 ./Drivers/STM32G0xx_HAL_Driver/Src/stm32g0xx_hal_uart_ex.o

.debug_frame    0x0000000000000000     0x2820
 .debug_frame   0x0000000000000000       0x30 ./Core/Src/gpio.o
 .debug_frame   0x0000000000000030       0xa8 ./Core/Src/main.o
 .debug_frame   0x00000000000000d8       0x30 ./Core/Src/stm32g0xx_hal_msp.o
 .debug_frame   0x0000000000000108       0x9c ./Core/Src/stm32g0xx_it.o
 .debug_frame   0x00000000000001a4      0x244 ./Core/Src/syscalls.o
 .debug_frame   0x00000000000003e8       0x30 ./Core/Src/sysmem.o
 .debug_frame   0x0000000000000418       0x4c ./Core/Src/system_stm32g0xx.o
 .debug_frame   0x0000000000000464       0x58 ./Core/Src/uart_half_duplex_driver.o
 .debug_frame   0x00000000000004bc       0x88 ./Core/Src/usart.o
 .debug_frame   0x0000000000000544      0x224 ./Core/Src/xl320_driver.o
 .debug_frame   0x0000000000000768      0x340 ./Drivers/STM32G0xx_HAL_Driver/Src/stm32g0xx_hal.o
 .debug_frame   0x0000000000000aa8      0x2fc ./Drivers/STM32G0xx_HAL_Driver/Src/stm32g0xx_hal_cortex.o
 .debug_frame   0x0000000000000da4      0x130 ./Drivers/STM32G0xx_HAL_Driver/Src/stm32g0xx_hal_gpio.o
 .debug_frame   0x0000000000000ed4      0x1f4 ./Drivers/STM32G0xx_HAL_Driver/Src/stm32g0xx_hal_pwr_ex.o