Archive member included to satisfy reference by file (symbol)

/Applications/STM32CubeIDE.app/Contents/Eclipse/plugins/com.st.stm32cube.ide.mcu.externaltools.gnu-tools-for-stm32.10.3-2021.10.macos64_1.0.0.202111181127/tools/bin/../lib/gcc/arm-none-eabi/10.3.1/../../../../arm-none-eabi/lib/thumb/v6-m/nofp/libc_nano.a(lib_a-errno.o)
                              ./Core/Src/syscalls.o (__errno)
/Applications/STM32CubeIDE.app/Contents/Eclipse/plugins/com.st.stm32cube.ide.mcu.externaltools.gnu-tools-for-stm32.10.3-2021.10.macos64_1.0.0.202111181127/tools/bin/../lib/gcc/arm-none-eabi/10.3.1/../../../../arm-none-eabi/lib/thumb/v6-m/nofp/libc_nano.a(lib_a-exit.o)
                              /Applications/STM32CubeIDE.app/Contents/Eclipse/plugins/com.st.stm32cube.ide.mcu.externaltools.gnu-tools-for-stm32.10.3-2021.10.macos64_1.0.0.202111181127/tools/bin/../lib/gcc/arm-none-eabi/10.3.1/../../../../arm-none-eabi/lib/thumb/v6-m/nofp/crt0.o (exit)
/Applications/STM32CubeIDE.app/Contents/Eclipse/plugins/com.st.stm32cube.ide.mcu.externaltools.gnu-tools-for-stm32.10.3-2021.10.macos64_1.0.0.202111181127/tools/bin/../lib/gcc/arm-none-eabi/10.3.1/../../../../arm-none-eabi/lib/thumb/v6-m/nofp/libc_nano.a(lib_a-impure.o)
                              /Applications/STM32CubeIDE.app/Contents/Eclipse/plugins/com.st.stm32cube.ide.mcu.externaltools.gnu-tools-for-stm32.10.3-2021.10.macos64_1.0.0.202111181127/tools/bin/../lib/gcc/arm-none-eabi/10.3.1/../../../../arm-none-eabi/lib/thumb/v6-m/nofp/libc_nano.a(lib_a-exit.o) (_global_impure_ptr)
/Applications/STM32CubeIDE.app/Contents/Eclipse/plugins/com.st.stm32cube.ide.mcu.externaltools.gnu-tools-for-stm32.10.3-2021.10.macos64_1.0.0.202111181127/tools/bin/../lib/gcc/arm-none-eabi/10.3.1/../../../../arm-none-eabi/lib/thumb/v6-m/nofp/libc_nano.a(lib_a-init.o)
                              /Applications/STM32CubeIDE.app/Contents/Eclipse/plugins/com.st.stm32cube.ide.mcu.externaltools.gnu-tools-for-stm32.10.3-2021.10.macos64_1.0.0.202111181127/tools/bin/../lib/gcc/arm-none-eabi/10.3.1/../../../../arm-none-eabi/lib/thumb/v6-m/nofp/crt0.o (__libc_init_array)
/Applications/STM32CubeIDE.app/Contents/Eclipse/plugins/com.st.stm32cube.ide.mcu.externaltools.gnu-tools-for-stm32.10.3-2021.10.macos64_1.0.0.202111181127/tools/bin/../lib/gcc/arm-none-eabi/10.3.1/../../../../arm-none-eabi/lib/thumb/v6-m/nofp/libc_nano.a(lib_a-malloc.o)
                              ./Core/Src/xl320_driver.o (malloc)
/Applications/STM32CubeIDE.app/Contents/Eclipse/plugins/com.st.stm32cube.ide.mcu.externaltools.gnu-tools-for-stm32.10.3-2021.10.macos64_1.0.0.202111181127/tools/bin/../lib/gcc/arm-none-eabi/10.3.1/../../../../arm-none-eabi/lib/thumb/v6-m/nofp/libc_nano.a(lib_a-memcpy-stub.o)
                              ./Core/Src/color_sensor.o (memcpy)
/Applications/STM32CubeIDE.app/Contents/Eclipse/plugins/com.st.stm32cube.ide.mcu.externaltools.gnu-tools-for-stm32.10.3-2021.10.macos64_1.0.0.202111181127/tools/bin/../lib/gcc/arm-none-eabi/10.3.1/../../../../arm-none-eabi/lib/thumb/v6-m/nofp/libc_nano.a(lib_a-memset.o)
                              /Applications/STM32CubeIDE.app/Contents/Eclipse/plugins/com.st.stm32cube.ide.mcu.externaltools.gnu-tools-for-stm32.10.3-2021.10.macos64_1.0.0.202111181127/tools/bin/../lib/gcc/arm-none-eabi/10.3.1/../../../../arm-none-eabi/lib/thumb/v6-m/nofp/crt0.o (memset)
/Applications/STM32CubeIDE.app/Contents/Eclipse/plugins/com.st.stm32cube.ide.mcu.externaltools.gnu-tools-for-stm32.10.3-2021.10.macos64_1.0.0.202111181127/tools/bin/../lib/gcc/arm-none-eabi/10.3.1/../../../../arm-none-eabi/lib/thumb/v6-m/nofp/libc_nano.a(lib_a-nano-freer.o)
                              /Applications/STM32CubeIDE.app/Contents/Eclipse/plugins/com.st.stm32cube.ide.mcu.externaltools.gnu-tools-for-stm32.10.3-2021.10.macos64_1.0.0.202111181127/tools/bin/../lib/gcc/arm-none-eabi/10.3.1/../../../../arm-none-eabi/lib/thumb/v6-m/nofp/libc_nano.a(lib_a-malloc.o) (_free_r)
/Applications/STM32CubeIDE.app/Contents/Eclipse/plugins/com.st.stm32cube.ide.mcu.externaltools.gnu-tools-for-stm32.10.3-2021.10.macos64_1.0.0.202111181127/tools/bin/../lib/gcc/arm-none-eabi/10.3.1/../../../../arm-none-eabi/lib/thumb/v6-m/nofp/libc_nano.a(lib_a-nano-mallocr.o)
                              /Applications/STM32CubeIDE.app/Contents/Eclipse/plugins/com.st.stm32cube.ide.mcu.externaltools.gnu-tools-for-stm32.10.3-2021.10.macos64_1.0.0.202111181127/tools/bin/../lib/gcc/arm-none-eabi/10.3.1/../../../../arm-none-eabi/lib/thumb/v6-m/nofp/libc_nano.a(lib_a-malloc.o) (_malloc_r)
/Applications/STM32CubeIDE.app/Contents/Eclipse/plugins/com.st.stm32cube.ide.mcu.externaltools.gnu-tools-for-stm32.10.3-2021.10.macos64_1.0.0.202111181127/tools/bin/../lib/gcc/arm-none-eabi/10.3.1/../../../../arm-none-eabi/lib/thumb/v6-m/nofp/libc_nano.a(lib_a-printf.o)
                              ./Core/Src/color_sensor.o (printf)
[...]
Memory Configuration

Name             Origin             Length             Attributes
RAM              0x0000000020000000 0x0000000000009000 xrw
FLASH            0x0000000008000000 0x0000000000020000 xr
*default*        0x0000000000000000 0xffffffffffffffff

Linker script and memory map

LOAD /Applications/STM32CubeIDE.app/Contents/Eclipse/plugins/com.st.stm32cube.ide.mcu.externaltools.gnu-tools-for-stm32.10.3-2021.10.macos64_1.0.0.202111181127/tools/bin/../lib/gcc/arm-none-eabi/10.3.1/thumb/v6-m/nofp/crti.o
LOAD /Applications/STM32CubeIDE.app/Contents/Eclipse/plugins/com.st.stm32cube.ide.mcu.externaltools.gnu-tools-for-stm32.10.3-2021.10.macos64_1.0.0.202111181127/tools/bin/../lib/gcc/arm-none-eabi/10.3.1/thumb/v6-m/nofp/crtbegin.o
LOAD /Applications/STM32CubeIDE.app/Contents/Eclipse/plugins/com.st.stm32cube.ide.mcu.externaltools.gnu-tools-for-stm32.10.3-2021.10.macos64_1.0.0.202111181127/tools/bin/../lib/gcc/arm-none-eabi/10.3.1/../../../../arm-none-eabi/lib/thumb/v6-m/nofp/crt0.o
LOAD ./Core/Src/color_sensor.o
LOAD ./Core/Src/gpio.o
LOAD ./Core/Src/main.o
LOAD ./Core/Src/stm32g0xx_hal_msp.o
LOAD ./Core/Src/stm32g0xx_it.o
LOAD ./Core/Src/syscalls.o
LOAD ./Core/Src/sysmem.o
LOAD ./Core/Src/system_stm32g0xx.o
LOAD ./Core/Src/tim.o
LOAD ./Core/Src/uart_half_duplex_driver.o
LOAD ./Core/Src/usart.o
LOAD ./Core/Src/xl320_driver.o
LOAD ./Core/Startup/startup_stm32g070rbtx.o
LOAD ./Drivers/STM32G0xx_HAL_Driver/Src/stm32g0xx_hal.o
LOAD ./Drivers/STM32G0xx_HAL_Driver/Src/stm32g0xx_hal_cortex.o
LOAD ./Drivers/STM32G0xx_HAL_Driver/Src/stm32g0xx_hal_dma.o
LOAD ./Drivers/STM32G0xx_HAL_Driver/Src/stm32g0xx_hal_dma_ex.o
LOAD ./Drivers/STM32G0xx_HAL_Driver/Src/stm32g0xx_hal_exti.o
LOAD ./Drivers/STM32G0xx_HAL_Driver/Src/stm32g0xx_hal_flash.o
LOAD ./Drivers/STM32G0xx_HAL_Driver/Src/stm32g0xx_hal_flash_ex.o
LOAD ./Drivers/STM32G0xx_HAL_Driver/Src/stm32g0xx_hal_gpio.o
LOAD ./Drivers/STM32G0xx_HAL_Driver/Src/stm32g0xx_hal_pwr.o
LOAD ./Drivers/STM32G0xx_HAL_Driver/Src/stm32g0xx_hal_pwr_ex.o
LOAD ./Drivers/STM32G0xx_HAL_Driver/Src/stm32g0xx_hal_rcc.o
LOAD ./Drivers/STM32G0xx_HAL_Driver/Src/stm32g0xx_hal_rcc_ex.o
LOAD ./Drivers/STM32G0xx_HAL_Driver/Src/stm32g0xx_hal_tim.o
LOAD ./Drivers/STM32G0xx_HAL_Driver/Src/stm32g0xx_hal_tim_ex.o
LOAD ./Drivers/STM32G0xx_HAL_Driver/Src/stm32g0xx_hal_uart.o
LOAD ./Drivers/STM32G0xx_HAL_Driver/Src/stm32g0xx_hal_uart_ex.o
LOAD ./Drivers/STM32G0xx_HAL_Driver/Src/stm32g0xx_ll_dma.o
LOAD ./Drivers/STM32G0xx_HAL_Driver/Src/stm32g0xx_ll_rcc.o
START GROUP
LOAD /Applications/STM32CubeIDE.app/Contents/Eclipse/plugins/com.st.stm32cube.ide.mcu.externaltools.gnu-tools-for-stm32.10.3-2021.10.macos64_1.0.0.202111181127/tools/bin/../lib/gcc/arm-none-eabi/10.3.1/../../../../arm-none-eabi/lib/thumb/v6-m/nofp/libc_nano.a
LOAD /Applications/STM32CubeIDE.app/Contents/Eclipse/plugins/com.st.stm32cube.ide.mcu.externaltools.gnu-tools-for-stm32.10.3-2021.10.macos64_1.0.0.202111181127/tools/bin/../lib/gcc/arm-none-eabi/10.3.1/../../../../arm-none-eabi/lib/thumb/v6-m/nofp/libm.a
END GROUP
START GROUP
LOAD /Applications/STM32CubeIDE.app/Contents/Eclipse/plugins/com.st.stm32cube.ide.mcu.externaltools.gnu-tools-for-stm32.10.3-2021.10.macos64_1.0.0.202111181127/tools/bin/../lib/gcc/arm-none-eabi/10.3.1/thumb/v6-m/nofp/libgcc.a
LOAD /Applications/STM32CubeIDE.app/Contents/Eclipse/plugins/com.st.stm32cube.ide.mcu.externaltools.gnu-tools-for-stm32.10.3-2021.10.macos64_1.0.0.202111181127/tools/bin/../lib/gcc/arm-none-eabi/10.3.1/../../../../arm-none-eabi/lib/thumb/v6-m/nofp/libc_nano.a
END GROUP
START GROUP
LOAD /Applications/STM32CubeIDE.app/Contents/Eclipse/plugins/com.st.stm32cube.ide.mcu.externaltools.gnu-tools-for-stm32.10.3-2021.10.macos64_1.0.0.202111181127/tools/bin/../lib/gcc/arm-none-eabi/10.3.1/thumb/v6-m/nofp/libgcc.a
LOAD /Applications/STM32CubeIDE.app/Contents/Eclipse/plugins/com.st.stm32cube.ide.mcu.externaltools.gnu-tools-for-stm32.10.3-2021.10.macos64_1.0.0.202111181127/tools/bin/../lib/gcc/arm-none-eabi/10.3.1/../../../../arm-none-eabi/lib/thumb/v6-m/nofp/libc_nano.a
LOAD /Applications/STM32CubeIDE.app/Contents/Eclipse/plugins/com.st.stm32cube.ide.mcu.externaltools.gnu-tools-for-stm32.10.3-2021.10.macos64_1.0.0.202111181127/tools/bin/../lib/gcc/arm-none-eabi/10.3.1/../../../../arm-none-eabi/lib/thumb/v6-m/nofp/libnosys.a
END GROUP
START GROUP
LOAD /Applications/STM32CubeIDE.app/Contents/Eclipse/plugins/com.st.stm32cube.ide.mcu.externaltools.gnu-tools-for-stm32.10.3-2021.10.macos64_1.0.0.202111181127/tools/bin/../lib/gcc/arm-none-eabi/10.3.1/thumb/v6-m/nofp/libgcc.a
LOAD /Applications/STM32CubeIDE.app/Contents/Eclipse/plugins/com.st.stm32cube.ide.mcu.externaltools.gnu-tools-for-stm32.10.3-2021.10.macos64_1.0.0.202111181127/tools/bin/../lib/gcc/arm-none-eabi/10.3.1/../../../../arm-none-eabi/lib/thumb/v6-m/nofp/libc_nano.a
LOAD /Applications/STM32CubeIDE.app/Contents/Eclipse/plugins/com.st.stm32cube.ide.mcu.externaltools.gnu-tools-for-stm32.10.3-2021.10.macos64_1.0.0.202111181127/tools/bin/../lib/gcc/arm-none-eabi/10.3.1/../../../../arm-none-eabi/lib/thumb/v6-m/nofp/libnosys.a
END GROUP
LOAD /Applications/STM32CubeIDE.app/Contents/Eclipse/plugins/com.st.stm32cube.ide.mcu.externaltools.gnu-tools-for-stm32.10.3-2021.10.macos64_1.0.0.202111181127/tools/bin/../lib/gcc/arm-none-eabi/10.3.1/thumb/v6-m/nofp/crtend.o
LOAD /Applications/STM32CubeIDE.app/Contents/Eclipse/plugins/com.st.stm32cube.ide.mcu.externaltools.gnu-tools-for-stm32.10.3-2021.10.macos64_1.0.0.202111181127/tools/bin/../lib/gcc/arm-none-eabi/10.3.1/thumb/v6-m/nofp/crtn.o
                0x0000000020009000                _estack = (ORIGIN (RAM) + LENGTH (RAM))
                0x0000000000000200                _Min_Heap_Size = 0x200
                0x0000000000000400                _Min_Stack_Size = 0x400

.isr_vector     0x0000000008000000       0xb8
                0x0000000008000000                . = ALIGN (0x4)
 *(.isr_vector)
 .isr_vector    0x0000000008000000       0xb8 ./Core/Startup/startup_stm32g070rbtx.o
                0x0000000008000000                g_pfnVectors
                0x00000000080000b8                . = ALIGN (0x4)

.text           0x00000000080000b8     0x5200
                0x00000000080000b8                . = ALIGN (0x4)
 *(.text)
 .text          0x00000000080000b8       0x48 /Applications/STM32CubeIDE.app/Contents/Eclipse/plugins/com.st.stm32cube.ide.mcu.externaltools.gnu-tools-for-stm32.10.3-2021.10.macos64_1.0.0.202111181127/tools/bin/../lib/gcc/arm-none-eabi/10.3.1/thumb/v6-m/nofp/crtbegin.o
 .text          0x0000000008000100      0x114 /Applications/STM32CubeIDE.app/Contents/Eclipse/plugins/com.st.stm32cube.ide.mcu.externaltools.gnu-tools-for-stm32.10.3-2021.10.macos64_1.0.0.202111181127/tools/bin/../lib/gcc/arm-none-eabi/10.3.1/thumb/v6-m/nofp/libgcc.a(_udivsi3.o)
                0x0000000008000100                __udivsi3
                0x0000000008000100                __aeabi_uidiv
                0x000000000800020c                __aeabi_uidivmod
 .text          0x0000000008000214      0x1d4 /Applications/STM32CubeIDE.app/Contents/Eclipse/plugins/com.st.stm32cube.ide.mcu.externaltools.gnu-tools-for-stm32.10.3-2021.10.macos64_1.0.0.202111181127/tools/bin/../lib/gcc/arm-none-eabi/10.3.1/thumb/v6-m/nofp/libgcc.a(_divsi3.o)
                0x0000000008000214                __aeabi_idiv
                0x0000000008000214                __divsi3
                0x00000000080003e0                __aeabi_idivmod
 .text          0x00000000080003e8        0x4 /Applications/STM32CubeIDE.app/Contents/Eclipse/plugins/com.st.stm32cube.ide.mcu.externaltools.gnu-tools-for-stm32.10.3-2021.10.macos64_1.0.0.202111181127/tools/bin/../lib/gcc/arm-none-eabi/10.3.1/thumb/v6-m/nofp/libgcc.a(_dvmd_tls.o)
                0x00000000080003e8                __aeabi_ldiv0
                0x00000000080003e8                __aeabi_idiv0
 .text          0x00000000080003ec       0x3c /Applications/STM32CubeIDE.app/Contents/Eclipse/plugins/com.st.stm32cube.ide.mcu.externaltools.gnu-tools-for-stm32.10.3-2021.10.macos64_1.0.0.202111181127/tools/bin/../lib/gcc/arm-none-eabi/10.3.1/thumb/v6-m/nofp/libgcc.a(_fixunsdfsi.o)
                0x00000000080003ec                __fixunsdfsi
                0x00000000080003ec                __aeabi_d2uiz
 .text          0x0000000008000428      0x5ec /Applications/STM32CubeIDE.app/Contents/Eclipse/plugins/com.st.stm32cube.ide.mcu.externaltools.gnu-tools-for-stm32.10.3-2021.10.macos64_1.0.0.202111181127/tools/bin/../lib/gcc/arm-none-eabi/10.3.1/thumb/v6-m/nofp/libgcc.a(divdf3.o)
                0x0000000008000428                __aeabi_ddiv
 .text          0x0000000008000a14      0x724 /Applications/STM32CubeIDE.app/Contents/Eclipse/plugins/com.st.stm32cube.ide.mcu.externaltools.gnu-tools-for-stm32.10.3-2021.10.macos64_1.0.0.202111181127/tools/bin/../lib/gcc/arm-none-eabi/10.3.1/thumb/v6-m/nofp/libgcc.a(subdf3.o)
                0x0000000008000a14                __aeabi_dsub
 .text          0x0000000008001138       0x6c /Applications/STM32CubeIDE.app/Contents/Eclipse/plugins/com.st.stm32cube.ide.mcu.externaltools.gnu-tools-for-stm32.10.3-2021.10.macos64_1.0.0.202111181127/tools/bin/../lib/gcc/arm-none-eabi/10.3.1/thumb/v6-m/nofp/libgcc.a(fixdfsi.o)
                0x0000000008001138                __aeabi_d2iz
 .text          0x00000000080011a4       0x90 /Applications/STM32CubeIDE.app/Contents/Eclipse/plugins/com.st.stm32cube.ide.mcu.externaltools.gnu-tools-for-stm32.10.3-2021.10.macos64_1.0.0.202111181127/tools/bin/../lib/gcc/arm-none-eabi/10.3.1/thumb/v6-m/nofp/libgcc.a(extendsfdf2.o)
                0x00000000080011a4                __aeabi_f2d
 .text          0x0000000008001234       0x7c /Applications/STM32CubeIDE.app/Contents/Eclipse/plugins/com.st.stm32cube.ide.mcu.externaltools.gnu-tools-for-stm32.10.3-2021.10.macos64_1.0.0.202111181127/tools/bin/../lib/gcc/arm-none-eabi/10.3.1/thumb/v6-m/nofp/libgcc.a(_arm_cmpdf2.o)
                0x0000000008001234                __aeabi_cdrcmple
                0x0000000008001244                __aeabi_cdcmple
                0x0000000008001244                __aeabi_cdcmpeq
                0x0000000008001254                __aeabi_dcmpeq
                0x0000000008001260                __aeabi_dcmplt
                0x0000000008001274                __aeabi_dcmple
                0x0000000008001288                __aeabi_dcmpgt
                0x000000000800129c                __aeabi_dcmpge
 .text          0x00000000080012b0       0x3c /Applications/STM32CubeIDE.app/Contents/Eclipse/plugins/com.st.stm32cube.ide.mcu.externaltools.gnu-tools-for-stm32.10.3-2021.10.macos64_1.0.0.202111181127/tools/bin/../lib/gcc/arm-none-eabi/10.3.1/thumb/v6-m/nofp/libgcc.a(_clzsi2.o)
                0x00000000080012b0                __clzsi2
 .text          0x00000000080012ec       0x84 /Applications/STM32CubeIDE.app/Contents/Eclipse/plugins/com.st.stm32cube.ide.mcu.externaltools.gnu-tools-for-stm32.10.3-2021.10.macos64_1.0.0.202111181127/tools/bin/../lib/gcc/arm-none-eabi/10.3.1/thumb/v6-m/nofp/libgcc.a(eqdf2.o)
                0x00000000080012ec                __eqdf2
                0x00000000080012ec                __nedf2
 .text          0x0000000008001370       0xcc /Applications/STM32CubeIDE.app/Contents/Eclipse/plugins/com.st.stm32cube.ide.mcu.externaltools.gnu-tools-for-stm32.10.3-2021.10.macos64_1.0.0.202111181127/tools/bin/../lib/gcc/arm-none-eabi/10.3.1/thumb/v6-m/nofp/libgcc.a(gedf2.o)
                0x0000000008001370                __gtdf2
                0x0000000008001370                __gedf2
 .text          0x000000000800143c       0xc8 /Applications/STM32CubeIDE.app/Contents/Eclipse/plugins/com.st.stm32cube.ide.mcu.externaltools.gnu-tools-for-stm32.10.3-2021.10.macos64_1.0.0.202111181127/tools/bin/../lib/gcc/arm-none-eabi/10.3.1/thumb/v6-m/nofp/libgcc.a(ledf2.o)
                0x000000000800143c                __ltdf2
                0x000000000800143c                __ledf2
 *(.text*)
 .text.MX_GPIO_Init
                0x0000000008001504       0x44 ./Core/Src/gpio.o
                0x0000000008001504                MX_GPIO_Init
 .text.__io_putchar
                0x0000000008001548       0x28 ./Core/Src/main.o
                0x0000000008001548                __io_putchar
 .text.main     0x0000000008001570       0xa0 ./Core/Src/main.o
                0x0000000008001570                main
 .text.SystemClock_Config
                0x0000000008001610       0x90 ./Core/Src/main.o
                0x0000000008001610                SystemClock_Config
 .text.Error_Handler
                0x00000000080016a0        0xa ./Core/Src/main.o
                0x00000000080016a0                Error_Handler
 *fill*         0x00000000080016aa        0x2 
 .text.HAL_MspInit
                0x00000000080016ac       0x48 ./Core/Src/stm32g0xx_hal_msp.o
                0x00000000080016ac                HAL_MspInit
 .text.NMI_Handler
                0x00000000080016f4        0x6 ./Core/Src/stm32g0xx_it.o
                0x00000000080016f4                NMI_Handler
 .text.HardFault_Handler
                0x00000000080016fa        0x6 ./Core/Src/stm32g0xx_it.o
                0x00000000080016fa                HardFault_Handler
 .text.SVC_Handler
                0x0000000008001700        0xa ./Core/Src/stm32g0xx_it.o
                0x0000000008001700                SVC_Handler
 .text.PendSV_Handler
                0x000000000800170a        0xa ./Core/Src/stm32g0xx_it.o
                0x000000000800170a                PendSV_Handler
 .text.SysTick_Handler
                0x0000000008001714        0xe ./Core/Src/stm32g0xx_it.o
                0x0000000008001714                SysTick_Handler
 .text._read    0x0000000008001722       0x3a ./Core/Src/syscalls.o
                0x0000000008001722                _read
 .text._write   0x000000000800175c       0x38 ./Core/Src/syscalls.o
                0x000000000800175c                _write
 .text._close   0x0000000008001794       0x14 ./Core/Src/syscalls.o
                0x0000000008001794                _close
 .text._fstat   0x00000000080017a8       0x1c ./Core/Src/syscalls.o
                0x00000000080017a8                _fstat
 .text._isatty  0x00000000080017c4       0x12 ./Core/Src/syscalls.o
                0x00000000080017c4                _isatty
 .text._lseek   0x00000000080017d6       0x16 ./Core/Src/syscalls.o
                0x00000000080017d6                _lseek
 .text._sbrk    0x00000000080017ec       0x6c ./Core/Src/sysmem.o
                0x00000000080017ec                _sbrk
 .text.SystemInit
                0x0000000008001858        0xa ./Core/Src/system_stm32g0xx.o
                0x0000000008001858                SystemInit
 *fill*         0x0000000008001862        0x2 
 .text.MX_TIM14_Init
                0x0000000008001864       0x98 ./Core/Src/tim.o
                0x0000000008001864                MX_TIM14_Init
 .text.HAL_TIM_Base_MspInit
                0x00000000080018fc       0x94 ./Core/Src/tim.o
                0x00000000080018fc                HAL_TIM_Base_MspInit
 .text.uart_half_duplex_transmit
                0x0000000008001990       0x38 ./Core/Src/uart_half_duplex_driver.o
                0x0000000008001990                uart_half_duplex_transmit
 .text.uart_half_duplex_receive
                0x00000000080019c8       0x38 ./Core/Src/uart_half_duplex_driver.o
                0x00000000080019c8                uart_half_duplex_receive
 .text.MX_USART1_UART_Init
                0x0000000008001a00       0x9c ./Core/Src/usart.o
                0x0000000008001a00                MX_USART1_UART_Init
 .text.MX_USART2_UART_Init
                0x0000000008001a9c       0x9c ./Core/Src/usart.o
                0x0000000008001a9c                MX_USART2_UART_Init
 .text.HAL_UART_MspInit
                0x0000000008001b38      0x154 ./Core/Src/usart.o
                0x0000000008001b38                HAL_UART_MspInit
 .text.xl320_init
                0x0000000008001c8c       0x32 ./Core/Src/xl320_driver.o
                0x0000000008001c8c                xl320_init
 .text.xl320_addHeader2Buff
                0x0000000008001cbe       0x2e ./Core/Src/xl320_driver.o
                0x0000000008001cbe                xl320_addHeader2Buff
 .text.xl320_updateCrc
                0x0000000008001cec       0xe8 ./Core/Src/xl320_driver.o
                0x0000000008001cec                xl320_updateCrc
 .text.xl320_copyParams2Buff
                0x0000000008001dd4       0x58 ./Core/Src/xl320_driver.o
                0x0000000008001dd4                xl320_copyParams2Buff
 .text.xl320_sendCommand
                0x0000000008001e2c      0x110 ./Core/Src/xl320_driver.o
                0x0000000008001e2c                xl320_sendCommand
 .text.xl320_setGoalPosition
                0x0000000008001f3c       0x70 ./Core/Src/xl320_driver.o
                0x0000000008001f3c                xl320_setGoalPosition
 .text.xl320_setSpeed
                0x0000000008001fac       0x84 ./Core/Src/xl320_driver.o
                0x0000000008001fac                xl320_setSpeed
 .text.xl320_executeAction
                0x0000000008002030       0x1e ./Core/Src/xl320_driver.o
                0x0000000008002030                xl320_executeAction
 *fill*         0x000000000800204e        0x2 
 .text.xl320_torqueEnable
                0x0000000008002050       0x30 ./Core/Src/xl320_driver.o
                0x0000000008002050                xl320_torqueEnable
 .text.Reset_Handler
                0x0000000008002080       0x50 ./Core/Startup/startup_stm32g070rbtx.o
                0x0000000008002080                Reset_Handler
 .text.Default_Handler
                0x00000000080020d0        0x2 ./Core/Startup/startup_stm32g070rbtx.o
                0x00000000080020d0                TIM1_BRK_UP_TRG_COM_IRQHandler
                0x00000000080020d0                TIM6_IRQHandler
                0x00000000080020d0                I2C1_IRQHandler
                0x00000000080020d0                RTC_TAMP_IRQHandler
                0x00000000080020d0                SPI1_IRQHandler
                0x00000000080020d0                USART3_4_IRQHandler
                0x00000000080020d0                EXTI2_3_IRQHandler
                0x00000000080020d0                ADC1_IRQHandler
                0x00000000080020d0                I2C2_IRQHandler
                0x00000000080020d0                TIM17_IRQHandler
                0x00000000080020d0                TIM16_IRQHandler
                0x00000000080020d0                TIM3_IRQHandler
                0x00000000080020d0                EXTI4_15_IRQHandler
                0x00000000080020d0                RCC_IRQHandler
                0x00000000080020d0                DMA1_Channel1_IRQHandler
                0x00000000080020d0                Default_Handler
                0x00000000080020d0                TIM14_IRQHandler
                0x00000000080020d0                TIM7_IRQHandler
                0x00000000080020d0                TIM15_IRQHandler
                0x00000000080020d0                EXTI0_1_IRQHandler
                0x00000000080020d0                SPI2_IRQHandler
                0x00000000080020d0                WWDG_IRQHandler
                0x00000000080020d0                DMA1_Ch4_7_DMAMUX1_OVR_IRQHandler
                0x00000000080020d0                DMA1_Channel2_3_IRQHandler
                0x00000000080020d0                USART2_IRQHandler
                0x00000000080020d0                FLASH_IRQHandler
                0x00000000080020d0                USART1_IRQHandler
                0x00000000080020d0                TIM1_CC_IRQHandler
 *fill*         0x00000000080020d2        0x2 
 .text.HAL_Init
                0x00000000080020d4       0x40 ./Drivers/STM32G0xx_HAL_Driver/Src/stm32g0xx_hal.o
                0x00000000080020d4                HAL_Init
 .text.HAL_InitTick
                0x0000000008002114       0x94 ./Drivers/STM32G0xx_HAL_Driver/Src/stm32g0xx_hal.o
                0x0000000008002114                HAL_InitTick
 .text.HAL_IncTick
                0x00000000080021a8       0x24 ./Drivers/STM32G0xx_HAL_Driver/Src/stm32g0xx_hal.o
                0x00000000080021a8                HAL_IncTick
 .text.HAL_GetTick
                0x00000000080021cc       0x14 ./Drivers/STM32G0xx_HAL_Driver/Src/stm32g0xx_hal.o
                0x00000000080021cc                HAL_GetTick
 .text.HAL_Delay
                0x00000000080021e0       0x48 ./Drivers/STM32G0xx_HAL_Driver/Src/stm32g0xx_hal.o
                0x00000000080021e0                HAL_Delay
 .text.__NVIC_SetPriority
                0x0000000008002228       0xdc ./Drivers/STM32G0xx_HAL_Driver/Src/stm32g0xx_hal_cortex.o
 .text.SysTick_Config
                0x0000000008002304       0x48 ./Drivers/STM32G0xx_HAL_Driver/Src/stm32g0xx_hal_cortex.o
 .text.HAL_NVIC_SetPriority
                0x000000000800234c       0x2a ./Drivers/STM32G0xx_HAL_Driver/Src/stm32g0xx_hal_cortex.o
                0x000000000800234c                HAL_NVIC_SetPriority
 .text.HAL_SYSTICK_Config
                0x0000000008002376       0x1a ./Drivers/STM32G0xx_HAL_Driver/Src/stm32g0xx_hal_cortex.o
                0x0000000008002376                HAL_SYSTICK_Config
 .text.HAL_GPIO_Init
                0x0000000008002390      0x2c8 ./Drivers/STM32G0xx_HAL_Driver/Src/stm32g0xx_hal_gpio.o
                0x0000000008002390                HAL_GPIO_Init
 .text.HAL_PWREx_ControlVoltageScaling
                0x0000000008002658       0x80 ./Drivers/STM32G0xx_HAL_Driver/Src/stm32g0xx_hal_pwr_ex.o
                0x0000000008002658                HAL_PWREx_ControlVoltageScaling
 .text.LL_RCC_GetAPB1Prescaler
                0x00000000080026d8       0x18 ./Drivers/STM32G0xx_HAL_Driver/Src/stm32g0xx_hal_rcc.o
 .text.HAL_RCC_OscConfig
                0x00000000080026f0      0x620 ./Drivers/STM32G0xx_HAL_Driver/Src/stm32g0xx_hal_rcc.o
                0x00000000080026f0                HAL_RCC_OscConfig
 .text.HAL_RCC_ClockConfig
                0x0000000008002d10      0x210 ./Drivers/STM32G0xx_HAL_Driver/Src/stm32g0xx_hal_rcc.o
                0x0000000008002d10                HAL_RCC_ClockConfig
 .text.HAL_RCC_GetSysClockFreq
                0x0000000008002f20      0x104 ./Drivers/STM32G0xx_HAL_Driver/Src/stm32g0xx_hal_rcc.o
                0x0000000008002f20                HAL_RCC_GetSysClockFreq
 .text.HAL_RCC_GetHCLKFreq
                0x0000000008003024       0x14 ./Drivers/STM32G0xx_HAL_Driver/Src/stm32g0xx_hal_rcc.o
                0x0000000008003024                HAL_RCC_GetHCLKFreq
 .text.HAL_RCC_GetPCLK1Freq
                0x0000000008003038       0x2c ./Drivers/STM32G0xx_HAL_Driver/Src/stm32g0xx_hal_rcc.o
                0x0000000008003038                HAL_RCC_GetPCLK1Freq
 .text.HAL_RCCEx_PeriphCLKConfig
                0x0000000008003064      0x268 ./Drivers/STM32G0xx_HAL_Driver/Src/stm32g0xx_hal_rcc_ex.o
                0x0000000008003064                HAL_RCCEx_PeriphCLKConfig
 .text.HAL_TIM_Base_Init
                0x00000000080032cc       0xb0 ./Drivers/STM32G0xx_HAL_Driver/Src/stm32g0xx_hal_tim.o
                0x00000000080032cc                HAL_TIM_Base_Init
 .text.HAL_TIM_IC_Init
                0x000000000800337c       0xb0 ./Drivers/STM32G0xx_HAL_Driver/Src/stm32g0xx_hal_tim.o
                0x000000000800337c                HAL_TIM_IC_Init
 .text.HAL_TIM_IC_MspInit
                0x000000000800342c       0x10 ./Drivers/STM32G0xx_HAL_Driver/Src/stm32g0xx_hal_tim.o
                0x000000000800342c                HAL_TIM_IC_MspInit
 .text.HAL_TIM_IC_ConfigChannel
                0x000000000800343c      0x148 ./Drivers/STM32G0xx_HAL_Driver/Src/stm32g0xx_hal_tim.o
                0x000000000800343c                HAL_TIM_IC_ConfigChannel
 .text.TIM_Base_SetConfig
                0x0000000008003584       0xec ./Drivers/STM32G0xx_HAL_Driver/Src/stm32g0xx_hal_tim.o
                0x0000000008003584                TIM_Base_SetConfig
 .text.TIM_TI1_SetConfig
                0x0000000008003670       0xb0 ./Drivers/STM32G0xx_HAL_Driver/Src/stm32g0xx_hal_tim.o
                0x0000000008003670                TIM_TI1_SetConfig
 .text.TIM_TI2_SetConfig
                0x0000000008003720       0x84 ./Drivers/STM32G0xx_HAL_Driver/Src/stm32g0xx_hal_tim.o
 .text.TIM_TI3_SetConfig
                0x00000000080037a4       0x80 ./Drivers/STM32G0xx_HAL_Driver/Src/stm32g0xx_hal_tim.o
 .text.TIM_TI4_SetConfig
                0x0000000008003824       0x8c ./Drivers/STM32G0xx_HAL_Driver/Src/stm32g0xx_hal_tim.o
 .text.HAL_UART_Init
                0x00000000080038b0       0xac ./Drivers/STM32G0xx_HAL_Driver/Src/stm32g0xx_hal_uart.o
                0x00000000080038b0                HAL_UART_Init
 .text.HAL_HalfDuplex_Init
                0x000000000800395c       0xbc ./Drivers/STM32G0xx_HAL_Driver/Src/stm32g0xx_hal_uart.o
                0x000000000800395c                HAL_HalfDuplex_Init
 .text.HAL_UART_Transmit
                0x0000000008003a18      0x138 ./Drivers/STM32G0xx_HAL_Driver/Src/stm32g0xx_hal_uart.o
                0x0000000008003a18                HAL_UART_Transmit
 .text.HAL_UART_Receive
                0x0000000008003b50      0x1c4 ./Drivers/STM32G0xx_HAL_Driver/Src/stm32g0xx_hal_uart.o
                0x0000000008003b50                HAL_UART_Receive
 .text.HAL_HalfDuplex_EnableTransmitter
                0x0000000008003d14       0xa4 ./Drivers/STM32G0xx_HAL_Driver/Src/stm32g0xx_hal_uart.o
                0x0000000008003d14                HAL_HalfDuplex_EnableTransmitter
 .text.HAL_HalfDuplex_EnableReceiver
                0x0000000008003db8       0xa4 ./Drivers/STM32G0xx_HAL_Driver/Src/stm32g0xx_hal_uart.o
                0x0000000008003db8                HAL_HalfDuplex_EnableReceiver
 .text.UART_SetConfig
                0x0000000008003e5c      0x348 ./Drivers/STM32G0xx_HAL_Driver/Src/stm32g0xx_hal_uart.o
                0x0000000008003e5c                UART_SetConfig
 .text.UART_AdvFeatureConfig
                0x00000000080041a4      0x168 ./Drivers/STM32G0xx_HAL_Driver/Src/stm32g0xx_hal_uart.o
                0x00000000080041a4                UART_AdvFeatureConfig
 .text.UART_CheckIdleState
                0x000000000800430c       0x9c ./Drivers/STM32G0xx_HAL_Driver/Src/stm32g0xx_hal_uart.o
                0x000000000800430c                UART_CheckIdleState
 .text.UART_WaitOnFlagUntilTimeout
                0x00000000080043a8      0x190 ./Drivers/STM32G0xx_HAL_Driver/Src/stm32g0xx_hal_uart.o
                0x00000000080043a8                UART_WaitOnFlagUntilTimeout
 .text.HAL_UARTEx_DisableFifoMode
                0x0000000008004538       0x74 ./Drivers/STM32G0xx_HAL_Driver/Src/stm32g0xx_hal_uart_ex.o
                0x0000000008004538                HAL_UARTEx_DisableFifoMode
 .text.HAL_UARTEx_SetTxFifoThreshold
                0x00000000080045ac       0x7e ./Drivers/STM32G0xx_HAL_Driver/Src/stm32g0xx_hal_uart_ex.o
                0x00000000080045ac                HAL_UARTEx_SetTxFifoThreshold
 *fill*         0x000000000800462a        0x2 
 .text.HAL_UARTEx_SetRxFifoThreshold
                0x000000000800462c       0x84 ./Drivers/STM32G0xx_HAL_Driver/Src/stm32g0xx_hal_uart_ex.o
                0x000000000800462c                HAL_UARTEx_SetRxFifoThreshold
 .text.UARTEx_SetNbDataToProcess
                0x00000000080046b0       0xbc ./Drivers/STM32G0xx_HAL_Driver/Src/stm32g0xx_hal_uart_ex.o
 .text.__errno  0x000000000800476c        0xc /Applications/STM32CubeIDE.app/Contents/Eclipse/plugins/com.st.stm32cube.ide.mcu.externaltools.gnu-tools-for-stm32.10.3-2021.10.macos64_1.0.0.202111181127/tools/bin/../lib/gcc/arm-none-eabi/10.3.1/../../../../arm-none-eabi/lib/thumb/v6-m/nofp/libc_nano.a(lib_a-errno.o)
                0x000000000800476c                __errno
 .text.__libc_init_array
                0x0000000008004778       0x48 /Applications/STM32CubeIDE.app/Contents/Eclipse/plugins/com.st.stm32cube.ide.mcu.externaltools.gnu-tools-for-stm32.10.3-2021.10.macos64_1.0.0.202111181127/tools/bin/../lib/gcc/arm-none-eabi/10.3.1/../../../../arm-none-eabi/lib/thumb/v6-m/nofp/libc_nano.a(lib_a-init.o)
                0x0000000008004778                __libc_init_array
 .text.malloc   0x00000000080047c0       0x14 /Applications/STM32CubeIDE.app/Contents/Eclipse/plugins/com.st.stm32cube.ide.mcu.externaltools.gnu-tools-for-stm32.10.3-2021.10.macos64_1.0.0.202111181127/tools/bin/../lib/gcc/arm-none-eabi/10.3.1/../../../../arm-none-eabi/lib/thumb/v6-m/nofp/libc_nano.a(lib_a-malloc.o)
                0x00000000080047c0                malloc
 .text.free     0x00000000080047d4       0x14 /Applications/STM32CubeIDE.app/Contents/Eclipse/plugins/com.st.stm32cube.ide.mcu.externaltools.gnu-tools-for-stm32.10.3-2021.10.macos64_1.0.0.202111181127/tools/bin/../lib/gcc/arm-none-eabi/10.3.1/../../../../arm-none-eabi/lib/thumb/v6-m/nofp/libc_nano.a(lib_a-malloc.o)
                0x00000000080047d4                free
 .text.memcpy   0x00000000080047e8       0x12 /Applications/STM32CubeIDE.app/Contents/Eclipse/plugins/com.st.stm32cube.ide.mcu.externaltools.gnu-tools-for-stm32.10.3-2021.10.macos64_1.0.0.202111181127/tools/bin/../lib/gcc/arm-none-eabi/10.3.1/../../../../arm-none-eabi/lib/thumb/v6-m/nofp/libc_nano.a(lib_a-memcpy-stub.o)
                0x00000000080047e8                memcpy
 .text.memset   0x00000000080047fa       0x10 /Applications/STM32CubeIDE.app/Contents/Eclipse/plugins/com.st.stm32cube.ide.mcu.externaltools.gnu-tools-for-stm32.10.3-2021.10.macos64_1.0.0.202111181127/tools/bin/../lib/gcc/arm-none-eabi/10.3.1/../../../../arm-none-eabi/lib/thumb/v6-m/nofp/libc_nano.a(lib_a-memset.o)
                0x00000000080047fa                memset
 *fill*         0x000000000800480a        0x2 
 .text._free_r  0x000000000800480c       0x94 /Applications/STM32CubeIDE.app/Contents/Eclipse/plugins/com.st.stm32cube.ide.mcu.externaltools.gnu-tools-for-stm32.10.3-2021.10.macos64_1.0.0.202111181127/tools/bin/../lib/gcc/arm-none-eabi/10.3.1/../../../../arm-none-eabi/lib/thumb/v6-m/nofp/libc_nano.a(lib_a-nano-freer.o)
                0x000000000800480c                _free_r
 .text.sbrk_aligned
                0x00000000080048a0       0x44 /Applications/STM32CubeIDE.app/Contents/Eclipse/plugins/com.st.stm32cube.ide.mcu.externaltools.gnu-tools-for-stm32.10.3-2021.10.macos64_1.0.0.202111181127/tools/bin/../lib/gcc/arm-none-eabi/10.3.1/../../../../arm-none-eabi/lib/thumb/v6-m/nofp/libc_nano.a(lib_a-nano-mallocr.o)
 .text._malloc_r
                0x00000000080048e4       0xec /Applications/STM32CubeIDE.app/Contents/Eclipse/plugins/com.st.stm32cube.ide.mcu.externaltools.gnu-tools-for-stm32.10.3-2021.10.macos64_1.0.0.202111181127/tools/bin/../lib/gcc/arm-none-eabi/10.3.1/../../../../arm-none-eabi/lib/thumb/v6-m/nofp/libc_nano.a(lib_a-nano-mallocr.o)
                0x00000000080048e4                _malloc_r
 .text._puts_r  0x00000000080049d0       0xe4 /Applications/STM32CubeIDE.app/Contents/Eclipse/plugins/com.st.stm32cube.ide.mcu.externaltools.gnu-tools-for-stm32.10.3-2021.10.macos64_1.0.0.202111181127/tools/bin/../lib/gcc/arm-none-eabi/10.3.1/../../../../arm-none-eabi/lib/thumb/v6-m/nofp/libc_nano.a(lib_a-puts.o)
                0x00000000080049d0                _puts_r
 .text.puts     0x0000000008004ab4       0x14 /Applications/STM32CubeIDE.app/Contents/Eclipse/plugins/com.st.stm32cube.ide.mcu.externaltools.gnu-tools-for-stm32.10.3-2021.10.macos64_1.0.0.202111181127/tools/bin/../lib/gcc/arm-none-eabi/10.3.1/../../../../arm-none-eabi/lib/thumb/v6-m/nofp/libc_nano.a(lib_a-puts.o)
                0x0000000008004ab4                puts
 .text._sbrk_r  0x0000000008004ac8       0x24 /Applications/STM32CubeIDE.app/Contents/Eclipse/plugins/com.st.stm32cube.ide.mcu.externaltools.gnu-tools-for-stm32.10.3-2021.10.macos64_1.0.0.202111181127/tools/bin/../lib/gcc/arm-none-eabi/10.3.1/../../../../arm-none-eabi/lib/thumb/v6-m/nofp/libc_nano.a(lib_a-sbrkr.o)
                0x0000000008004ac8                _sbrk_r
 .text.__swbuf_r
                0x0000000008004aec       0xac /Applications/STM32CubeIDE.app/Contents/Eclipse/plugins/com.st.stm32cube.ide.mcu.externaltools.gnu-tools-for-stm32.10.3-2021.10.macos64_1.0.0.202111181127/tools/bin/../lib/gcc/arm-none-eabi/10.3.1/../../../../arm-none-eabi/lib/thumb/v6-m/nofp/libc_nano.a(lib_a-wbuf.o)
                0x0000000008004aec                __swbuf_r
 .text.__swsetup_r
                0x0000000008004b98       0xf0 /Applications/STM32CubeIDE.app/Contents/Eclipse/plugins/com.st.stm32cube.ide.mcu.externaltools.gnu-tools-for-stm32.10.3-2021.10.macos64_1.0.0.202111181127/tools/bin/../lib/gcc/arm-none-eabi/10.3.1/../../../../arm-none-eabi/lib/thumb/v6-m/nofp/libc_nano.a(lib_a-wsetup.o)
                0x0000000008004b98                __swsetup_r
 .text.__sflush_r
                0x0000000008004c88      0x118 /Applications/STM32CubeIDE.app/Contents/Eclipse/plugins/com.st.stm32cube.ide.mcu.externaltools.gnu-tools-for-stm32.10.3-2021.10.macos64_1.0.0.202111181127/tools/bin/../lib/gcc/arm-none-eabi/10.3.1/../../../../arm-none-eabi/lib/thumb/v6-m/nofp/libc_nano.a(lib_a-fflush.o)
                0x0000000008004c88                __sflush_r
 .text._fflush_r
                0x0000000008004da0       0x80 /Applications/STM32CubeIDE.app/Contents/Eclipse/plugins/com.st.stm32cube.ide.mcu.externaltools.gnu-tools-for-stm32.10.3-2021.10.macos64_1.0.0.202111181127/tools/bin/../lib/gcc/arm-none-eabi/10.3.1/../../../../arm-none-eabi/lib/thumb/v6-m/nofp/libc_nano.a(lib_a-fflush.o)
                0x0000000008004da0                _fflush_r
 .text.std      0x0000000008004e20       0x48 /Applications/STM32CubeIDE.app/Contents/Eclipse/plugins/com.st.stm32cube.ide.mcu.externaltools.gnu-tools-for-stm32.10.3-2021.10.macos64_1.0.0.202111181127/tools/bin/../lib/gcc/arm-none-eabi/10.3.1/../../../../arm-none-eabi/lib/thumb/v6-m/nofp/libc_nano.a(lib_a-findfp.o)
 .text._cleanup_r
                0x0000000008004e68       0x10 /Applications/STM32CubeIDE.app/Contents/Eclipse/plugins/com.st.stm32cube.ide.mcu.externaltools.gnu-tools-for-stm32.10.3-2021.10.macos64_1.0.0.202111181127/tools/bin/../lib/gcc/arm-none-eabi/10.3.1/../../../../arm-none-eabi/lib/thumb/v6-m/nofp/libc_nano.a(lib_a-findfp.o)
                0x0000000008004e68                _cleanup_r
 .text.__sfmoreglue
                0x0000000008004e78       0x2c /Applications/STM32CubeIDE.app/Contents/Eclipse/plugins/com.st.stm32cube.ide.mcu.externaltools.gnu-tools-for-stm32.10.3-2021.10.macos64_1.0.0.202111181127/tools/bin/../lib/gcc/arm-none-eabi/10.3.1/../../../../arm-none-eabi/lib/thumb/v6-m/nofp/libc_nano.a(lib_a-findfp.o)
                0x0000000008004e78                __sfmoreglue
 .text.__sfp_lock_acquire
                0x0000000008004ea4       0x10 /Applications/STM32CubeIDE.app/Contents/Eclipse/plugins/com.st.stm32cube.ide.mcu.externaltools.gnu-tools-for-stm32.10.3-2021.10.macos64_1.0.0.202111181127/tools/bin/../lib/gcc/arm-none-eabi/10.3.1/../../../../arm-none-eabi/lib/thumb/v6-m/nofp/libc_nano.a(lib_a-findfp.o)
                0x0000000008004ea4                __sfp_lock_acquire
 .text.__sfp_lock_release
                0x0000000008004eb4       0x10 /Applications/STM32CubeIDE.app/Contents/Eclipse/plugins/com.st.stm32cube.ide.mcu.externaltools.gnu-tools-for-stm32.10.3-2021.10.macos64_1.0.0.202111181127/tools/bin/../lib/gcc/arm-none-eabi/10.3.1/../../../../arm-none-eabi/lib/thumb/v6-m/nofp/libc_nano.a(lib_a-findfp.o)
                0x0000000008004eb4                __sfp_lock_release
 .text.__sinit_lock_acquire
                0x0000000008004ec4       0x10 /Applications/STM32CubeIDE.app/Contents/Eclipse/plugins/com.st.stm32cube.ide.mcu.externaltools.gnu-tools-for-stm32.10.3-2021.10.macos64_1.0.0.202111181127/tools/bin/../lib/gcc/arm-none-eabi/10.3.1/../../../../arm-none-eabi/lib/thumb/v6-m/nofp/libc_nano.a(lib_a-findfp.o)
                0x0000000008004ec4                __sinit_lock_acquire
 .text.__sinit_lock_release
                0x0000000008004ed4       0x10 /Applications/STM32CubeIDE.app/Contents/Eclipse/plugins/com.st.stm32cube.ide.mcu.externaltools.gnu-tools-for-stm32.10.3-2021.10.macos64_1.0.0.202111181127/tools/bin/../lib/gcc/arm-none-eabi/10.3.1/../../../../arm-none-eabi/lib/thumb/v6-m/nofp/libc_nano.a(lib_a-findfp.o)
                0x0000000008004ed4                __sinit_lock_release
 .text.__sinit  0x0000000008004ee4       0x70 /Applications/STM32CubeIDE.app/Contents/Eclipse/plugins/com.st.stm32cube.ide.mcu.externaltools.gnu-tools-for-stm32.10.3-2021.10.macos64_1.0.0.202111181127/tools/bin/../lib/gcc/arm-none-eabi/10.3.1/../../../../arm-none-eabi/lib/thumb/v6-m/nofp/libc_nano.a(lib_a-findfp.o)
                0x0000000008004ee4                __sinit
 .text.__sfp    0x0000000008004f54       0x90 /Applications/STM32CubeIDE.app/Contents/Eclipse/plugins/com.st.stm32cube.ide.mcu.externaltools.gnu-tools-for-stm32.10.3-2021.10.macos64_1.0.0.202111181127/tools/bin/../lib/gcc/arm-none-eabi/10.3.1/../../../../arm-none-eabi/lib/thumb/v6-m/nofp/libc_nano.a(lib_a-findfp.o)
                0x0000000008004f54                __sfp
 .text._fwalk_reent
                0x0000000008004fe4       0x40 /Applications/STM32CubeIDE.app/Contents/Eclipse/plugins/com.st.stm32cube.ide.mcu.externaltools.gnu-tools-for-stm32.10.3-2021.10.macos64_1.0.0.202111181127/tools/bin/../lib/gcc/arm-none-eabi/10.3.1/../../../../arm-none-eabi/lib/thumb/v6-m/nofp/libc_nano.a(lib_a-fwalk.o)
                0x0000000008004fe4                _fwalk_reent
 .text.__retarget_lock_init_recursive
                0x0000000008005024        0x2 /Applications/STM32CubeIDE.app/Contents/Eclipse/plugins/com.st.stm32cube.ide.mcu.externaltools.gnu-tools-for-stm32.10.3-2021.10.macos64_1.0.0.202111181127/tools/bin/../lib/gcc/arm-none-eabi/10.3.1/../../../../arm-none-eabi/lib/thumb/v6-m/nofp/libc_nano.a(lib_a-lock.o)
                0x0000000008005024                __retarget_lock_init_recursive
 .text.__retarget_lock_acquire_recursive
                0x0000000008005026        0x2 /Applications/STM32CubeIDE.app/Contents/Eclipse/plugins/com.st.stm32cube.ide.mcu.externaltools.gnu-tools-for-stm32.10.3-2021.10.macos64_1.0.0.202111181127/tools/bin/../lib/gcc/arm-none-eabi/10.3.1/../../../../arm-none-eabi/lib/thumb/v6-m/nofp/libc_nano.a(lib_a-lock.o)
                0x0000000008005026                __retarget_lock_acquire_recursive
 .text.__retarget_lock_release_recursive
                0x0000000008005028        0x2 /Applications/STM32CubeIDE.app/Contents/Eclipse/plugins/com.st.stm32cube.ide.mcu.externaltools.gnu-tools-for-stm32.10.3-2021.10.macos64_1.0.0.202111181127/tools/bin/../lib/gcc/arm-none-eabi/10.3.1/../../../../arm-none-eabi/lib/thumb/v6-m/nofp/libc_nano.a(lib_a-lock.o)
                0x0000000008005028                __retarget_lock_release_recursive
 *fill*         0x000000000800502a        0x2 
 .text.__swhatbuf_r
                0x000000000800502c       0x50 /Applications/STM32CubeIDE.app/Contents/Eclipse/plugins/com.st.stm32cube.ide.mcu.externaltools.gnu-tools-for-stm32.10.3-2021.10.macos64_1.0.0.202111181127/tools/bin/../lib/gcc/arm-none-eabi/10.3.1/../../../../arm-none-eabi/lib/thumb/v6-m/nofp/libc_nano.a(lib_a-makebuf.o)
                0x000000000800502c                __swhatbuf_r
 .text.__smakebuf_r
                0x000000000800507c       0x88 /Applications/STM32CubeIDE.app/Contents/Eclipse/plugins/com.st.stm32cube.ide.mcu.externaltools.gnu-tools-for-stm32.10.3-2021.10.macos64_1.0.0.202111181127/tools/bin/../lib/gcc/arm-none-eabi/10.3.1/../../../../arm-none-eabi/lib/thumb/v6-m/nofp/libc_nano.a(lib_a-makebuf.o)
                0x000000000800507c                __smakebuf_r
 .text.__malloc_lock
                0x0000000008005104       0x10 /Applications/STM32CubeIDE.app/Contents/Eclipse/plugins/com.st.stm32cube.ide.mcu.externaltools.gnu-tools-for-stm32.10.3-2021.10.macos64_1.0.0.202111181127/tools/bin/../lib/gcc/arm-none-eabi/10.3.1/../../../../arm-none-eabi/lib/thumb/v6-m/nofp/libc_nano.a(lib_a-mlock.o)
                0x0000000008005104                __malloc_lock
 .text.__malloc_unlock
                0x0000000008005114       0x10 /Applications/STM32CubeIDE.app/Contents/Eclipse/plugins/com.st.stm32cube.ide.mcu.externaltools.gnu-tools-for-stm32.10.3-2021.10.macos64_1.0.0.202111181127/tools/bin/../lib/gcc/arm-none-eabi/10.3.1/../../../../arm-none-eabi/lib/thumb/v6-m/nofp/libc_nano.a(lib_a-mlock.o)
                0x0000000008005114                __malloc_unlock
 .text.__sread  0x0000000008005124       0x28 /Applications/STM32CubeIDE.app/Contents/Eclipse/plugins/com.st.stm32cube.ide.mcu.externaltools.gnu-tools-for-stm32.10.3-2021.10.macos64_1.0.0.202111181127/tools/bin/../lib/gcc/arm-none-eabi/10.3.1/../../../../arm-none-eabi/lib/thumb/v6-m/nofp/libc_nano.a(lib_a-stdio.o)
                0x0000000008005124                __sread
 .text.__swrite
                0x000000000800514c       0x38 /Applications/STM32CubeIDE.app/Contents/Eclipse/plugins/com.st.stm32cube.ide.mcu.externaltools.gnu-tools-for-stm32.10.3-2021.10.macos64_1.0.0.202111181127/tools/bin/../lib/gcc/arm-none-eabi/10.3.1/../../../../arm-none-eabi/lib/thumb/v6-m/nofp/libc_nano.a(lib_a-stdio.o)
                0x000000000800514c                __swrite
 .text.__sseek  0x0000000008005184       0x2c /Applications/STM32CubeIDE.app/Contents/Eclipse/plugins/com.st.stm32cube.ide.mcu.externaltools.gnu-tools-for-stm32.10.3-2021.10.macos64_1.0.0.202111181127/tools/bin/../lib/gcc/arm-none-eabi/10.3.1/../../../../arm-none-eabi/lib/thumb/v6-m/nofp/libc_nano.a(lib_a-stdio.o)
                0x0000000008005184                __sseek
 .text.__sclose
                0x00000000080051b0        0xc /Applications/STM32CubeIDE.app/Contents/Eclipse/plugins/com.st.stm32cube.ide.mcu.externaltools.gnu-tools-for-stm32.10.3-2021.10.macos64_1.0.0.202111181127/tools/bin/../lib/gcc/arm-none-eabi/10.3.1/../../../../arm-none-eabi/lib/thumb/v6-m/nofp/libc_nano.a(lib_a-stdio.o)
                0x00000000080051b0                __sclose
 .text._write_r
                0x00000000080051bc       0x28 /Applications/STM32CubeIDE.app/Contents/Eclipse/plugins/com.st.stm32cube.ide.mcu.externaltools.gnu-tools-for-stm32.10.3-2021.10.macos64_1.0.0.202111181127/tools/bin/../lib/gcc/arm-none-eabi/10.3.1/../../../../arm-none-eabi/lib/thumb/v6-m/nofp/libc_nano.a(lib_a-writer.o)
                0x00000000080051bc                _write_r
 .text._close_r
                0x00000000080051e4       0x24 /Applications/STM32CubeIDE.app/Contents/Eclipse/plugins/com.st.stm32cube.ide.mcu.externaltools.gnu-tools-for-stm32.10.3-2021.10.macos64_1.0.0.202111181127/tools/bin/../lib/gcc/arm-none-eabi/10.3.1/../../../../arm-none-eabi/lib/thumb/v6-m/nofp/libc_nano.a(lib_a-closer.o)
                0x00000000080051e4                _close_r
 .text._fstat_r
                0x0000000008005208       0x24 /Applications/STM32CubeIDE.app/Contents/Eclipse/plugins/com.st.stm32cube.ide.mcu.externaltools.gnu-tools-for-stm32.10.3-2021.10.macos64_1.0.0.202111181127/tools/bin/../lib/gcc/arm-none-eabi/10.3.1/../../../../arm-none-eabi/lib/thumb/v6-m/nofp/libc_nano.a(lib_a-fstatr.o)
                0x0000000008005208                _fstat_r
 .text._isatty_r
                0x000000000800522c       0x24 /Applications/STM32CubeIDE.app/Contents/Eclipse/plugins/com.st.stm32cube.ide.mcu.externaltools.gnu-tools-for-stm32.10.3-2021.10.macos64_1.0.0.202111181127/tools/bin/../lib/gcc/arm-none-eabi/10.3.1/../../../../arm-none-eabi/lib/thumb/v6-m/nofp/libc_nano.a(lib_a-isattyr.o)
                0x000000000800522c                _isatty_r
 .text._lseek_r
                0x0000000008005250       0x28 /Applications/STM32CubeIDE.app/Contents/Eclipse/plugins/com.st.stm32cube.ide.mcu.externaltools.gnu-tools-for-stm32.10.3-2021.10.macos64_1.0.0.202111181127/tools/bin/../lib/gcc/arm-none-eabi/10.3.1/../../../../arm-none-eabi/lib/thumb/v6-m/nofp/libc_nano.a(lib_a-lseekr.o)
                0x0000000008005250                _lseek_r
 .text._read_r  0x0000000008005278       0x28 /Applications/STM32CubeIDE.app/Contents/Eclipse/plugins/com.st.stm32cube.ide.mcu.externaltools.gnu-tools-for-stm32.10.3-2021.10.macos64_1.0.0.202111181127/tools/bin/../lib/gcc/arm-none-eabi/10.3.1/../../../../arm-none-eabi/lib/thumb/v6-m/nofp/libc_nano.a(lib_a-readr.o)
                0x0000000008005278                _read_r
 *(.glue_7)
 .glue_7        0x00000000080052a0        0x0 linker stubs
 *(.glue_7t)
 .glue_7t       0x00000000080052a0        0x0 linker stubs
 *(.eh_frame)
 .eh_frame      0x00000000080052a0        0x0 /Applications/STM32CubeIDE.app/Contents/Eclipse/plugins/com.st.stm32cube.ide.mcu.externaltools.gnu-tools-for-stm32.10.3-2021.10.macos64_1.0.0.202111181127/tools/bin/../lib/gcc/arm-none-eabi/10.3.1/thumb/v6-m/nofp/crtbegin.o
 *(.init)
 .init          0x00000000080052a0        0x4 /Applications/STM32CubeIDE.app/Contents/Eclipse/plugins/com.st.stm32cube.ide.mcu.externaltools.gnu-tools-for-stm32.10.3-2021.10.macos64_1.0.0.202111181127/tools/bin/../lib/gcc/arm-none-eabi/10.3.1/thumb/v6-m/nofp/crti.o
                0x00000000080052a0                _init
 .init          0x00000000080052a4        0x8 /Applications/STM32CubeIDE.app/Contents/Eclipse/plugins/com.st.stm32cube.ide.mcu.externaltools.gnu-tools-for-stm32.10.3-2021.10.macos64_1.0.0.202111181127/tools/bin/../lib/gcc/arm-none-eabi/10.3.1/thumb/v6-m/nofp/crtn.o
 *(.fini)
 .fini          0x00000000080052ac        0x4 /Applications/STM32CubeIDE.app/Contents/Eclipse/plugins/com.st.stm32cube.ide.mcu.externaltools.gnu-tools-for-stm32.10.3-2021.10.macos64_1.0.0.202111181127/tools/bin/../lib/gcc/arm-none-eabi/10.3.1/thumb/v6-m/nofp/crti.o
                0x00000000080052ac                _fini
 .fini          0x00000000080052b0        0x8 /Applications/STM32CubeIDE.app/Contents/Eclipse/plugins/com.st.stm32cube.ide.mcu.externaltools.gnu-tools-for-stm32.10.3-2021.10.macos64_1.0.0.202111181127/tools/bin/../lib/gcc/arm-none-eabi/10.3.1/thumb/v6-m/nofp/crtn.o
                0x00000000080052b8                . = ALIGN (0x4)
                0x00000000080052b8                _etext = .

.vfp11_veneer   0x00000000080052b8        0x0
 .vfp11_veneer  0x00000000080052b8        0x0 linker stubs

.v4_bx          0x00000000080052b8        0x0
 .v4_bx         0x00000000080052b8        0x0 linker stubs

.iplt           0x00000000080052b8        0x0
 .iplt          0x00000000080052b8        0x0 /Applications/STM32CubeIDE.app/Contents/Eclipse/plugins/com.st.stm32cube.ide.mcu.externaltools.gnu-tools-for-stm32.10.3-2021.10.macos64_1.0.0.202111181127/tools/bin/../lib/gcc/arm-none-eabi/10.3.1/thumb/v6-m/nofp/crtbegin.o

.rodata         0x00000000080052b8      0x6e0
                0x00000000080052b8                . = ALIGN (0x4)
 *(.rodata)
 .rodata        0x00000000080052b8      0x5b3 ./Core/Src/xl320_driver.o
 *fill*         0x000000000800586b        0x1 
 .rodata        0x000000000800586c       0x40 /Applications/STM32CubeIDE.app/Contents/Eclipse/plugins/com.st.stm32cube.ide.mcu.externaltools.gnu-tools-for-stm32.10.3-2021.10.macos64_1.0.0.202111181127/tools/bin/../lib/gcc/arm-none-eabi/10.3.1/thumb/v6-m/nofp/libgcc.a(divdf3.o)
 *(.rodata*)
 .rodata.AHBPrescTable
                0x00000000080058ac       0x40 ./Core/Src/system_stm32g0xx.o
                0x00000000080058ac                AHBPrescTable
 .rodata.APBPrescTable
                0x00000000080058ec       0x20 ./Core/Src/system_stm32g0xx.o
                0x00000000080058ec                APBPrescTable
 .rodata.UARTPrescTable
                0x000000000800590c       0x18 ./Drivers/STM32G0xx_HAL_Driver/Src/stm32g0xx_hal_uart.o
                0x000000000800590c                UARTPrescTable
 .rodata.numerator.1
                0x0000000008005924        0x8 ./Drivers/STM32G0xx_HAL_Driver/Src/stm32g0xx_hal_uart_ex.o
 .rodata.denominator.0
                0x000000000800592c        0x8 ./Drivers/STM32G0xx_HAL_Driver/Src/stm32g0xx_hal_uart_ex.o
 .rodata._global_impure_ptr
                0x0000000008005934        0x4 /Applications/STM32CubeIDE.app/Contents/Eclipse/plugins/com.st.stm32cube.ide.mcu.externaltools.gnu-tools-for-stm32.10.3-2021.10.macos64_1.0.0.202111181127/tools/bin/../lib/gcc/arm-none-eabi/10.3.1/../../../../arm-none-eabi/lib/thumb/v6-m/nofp/libc_nano.a(lib_a-impure.o)
                0x0000000008005934                _global_impure_ptr
 .rodata.__sf_fake_stderr
                0x0000000008005938       0x20 /Applications/STM32CubeIDE.app/Contents/Eclipse/plugins/com.st.stm32cube.ide.mcu.externaltools.gnu-tools-for-stm32.10.3-2021.10.macos64_1.0.0.202111181127/tools/bin/../lib/gcc/arm-none-eabi/10.3.1/../../../../arm-none-eabi/lib/thumb/v6-m/nofp/libc_nano.a(lib_a-findfp.o)
                0x0000000008005938                __sf_fake_stderr
 .rodata.__sf_fake_stdin
                0x0000000008005958       0x20 /Applications/STM32CubeIDE.app/Contents/Eclipse/plugins/com.st.stm32cube.ide.mcu.externaltools.gnu-tools-for-stm32.10.3-2021.10.macos64_1.0.0.202111181127/tools/bin/../lib/gcc/arm-none-eabi/10.3.1/../../../../arm-none-eabi/lib/thumb/v6-m/nofp/libc_nano.a(lib_a-findfp.o)
                0x0000000008005958                __sf_fake_stdin
 .rodata.__sf_fake_stdout
                0x0000000008005978       0x20 /Applications/STM32CubeIDE.app/Contents/Eclipse/plugins/com.st.stm32cube.ide.mcu.externaltools.gnu-tools-for-stm32.10.3-2021.10.macos64_1.0.0.202111181127/tools/bin/../lib/gcc/arm-none-eabi/10.3.1/../../../../arm-none-eabi/lib/thumb/v6-m/nofp/libc_nano.a(lib_a-findfp.o)
                0x0000000008005978                __sf_fake_stdout
                0x0000000008005998                . = ALIGN (0x4)

.rel.dyn        0x0000000008005998        0x0
 .rel.iplt      0x0000000008005998        0x0 /Applications/STM32CubeIDE.app/Contents/Eclipse/plugins/com.st.stm32cube.ide.mcu.externaltools.gnu-tools-for-stm32.10.3-2021.10.macos64_1.0.0.202111181127/tools/bin/../lib/gcc/arm-none-eabi/10.3.1/thumb/v6-m/nofp/crtbegin.o

.ARM.extab      0x0000000008005998        0x0
                0x0000000008005998                . = ALIGN (0x4)
 *(.ARM.extab* .gnu.linkonce.armextab.*)
                0x0000000008005998                . = ALIGN (0x4)

.ARM            0x0000000008005998        0x0
                0x0000000008005998                . = ALIGN (0x4)
                0x0000000008005998                __exidx_start = .
 *(.ARM.exidx*)
                0x0000000008005998                __exidx_end = .
                0x0000000008005998                . = ALIGN (0x4)

.preinit_array  0x0000000008005998        0x0
                0x0000000008005998                . = ALIGN (0x4)
                0x0000000008005998                PROVIDE (__preinit_array_start = .)
 *(.preinit_array*)
                0x0000000008005998                PROVIDE (__preinit_array_end = .)
                0x0000000008005998                . = ALIGN (0x4)

.init_array     0x0000000008005998        0x4
                0x0000000008005998                . = ALIGN (0x4)
                0x0000000008005998                PROVIDE (__init_array_start = .)
 *(SORT_BY_NAME(.init_array.*))
 *(.init_array*)
 .init_array    0x0000000008005998        0x4 /Applications/STM32CubeIDE.app/Contents/Eclipse/plugins/com.st.stm32cube.ide.mcu.externaltools.gnu-tools-for-stm32.10.3-2021.10.macos64_1.0.0.202111181127/tools/bin/../lib/gcc/arm-none-eabi/10.3.1/thumb/v6-m/nofp/crtbegin.o
                0x000000000800599c                PROVIDE (__init_array_end = .)
                0x000000000800599c                . = ALIGN (0x4)

.fini_array     0x000000000800599c        0x4
                0x000000000800599c                . = ALIGN (0x4)
                [!provide]                        PROVIDE (__fini_array_start = .)
 *(SORT_BY_NAME(.fini_array.*))
 *(.fini_array*)
 .fini_array    0x000000000800599c        0x4 /Applications/STM32CubeIDE.app/Contents/Eclipse/plugins/com.st.stm32cube.ide.mcu.externaltools.gnu-tools-for-stm32.10.3-2021.10.macos64_1.0.0.202111181127/tools/bin/../lib/gcc/arm-none-eabi/10.3.1/thumb/v6-m/nofp/crtbegin.o
                [!provide]                        PROVIDE (__fini_array_end = .)
                0x00000000080059a0                . = ALIGN (0x4)
                0x00000000080059a0                _sidata = LOADADDR (.data)

.data           0x0000000020000000       0x70 load address 0x00000000080059a0
                0x0000000020000000                . = ALIGN (0x4)
                0x0000000020000000                _sdata = .
 *(.data)
 *(.data*)
 .data.SystemCoreClock
                0x0000000020000000        0x4 ./Core/Src/system_stm32g0xx.o
                0x0000000020000000                SystemCoreClock
 .data.uwTickPrio
                0x0000000020000004        0x4 ./Drivers/STM32G0xx_HAL_Driver/Src/stm32g0xx_hal.o
                0x0000000020000004                uwTickPrio
 .data.uwTickFreq
                0x0000000020000008        0x1 ./Drivers/STM32G0xx_HAL_Driver/Src/stm32g0xx_hal.o
                0x0000000020000008                uwTickFreq
 *fill*         0x0000000020000009        0x3 
 .data._impure_ptr
                0x000000002000000c        0x4 /Applications/STM32CubeIDE.app/Contents/Eclipse/plugins/com.st.stm32cube.ide.mcu.externaltools.gnu-tools-for-stm32.10.3-2021.10.macos64_1.0.0.202111181127/tools/bin/../lib/gcc/arm-none-eabi/10.3.1/../../../../arm-none-eabi/lib/thumb/v6-m/nofp/libc_nano.a(lib_a-impure.o)
                0x000000002000000c                _impure_ptr
 .data.impure_data
                0x0000000020000010       0x60 /Applications/STM32CubeIDE.app/Contents/Eclipse/plugins/com.st.stm32cube.ide.mcu.externaltools.gnu-tools-for-stm32.10.3-2021.10.macos64_1.0.0.202111181127/tools/bin/../lib/gcc/arm-none-eabi/10.3.1/../../../../arm-none-eabi/lib/thumb/v6-m/nofp/libc_nano.a(lib_a-impure.o)
 *(.RamFunc)
 *(.RamFunc*)
                0x0000000020000070                . = ALIGN (0x4)
                0x0000000020000070                _edata = .

.igot.plt       0x0000000020000070        0x0 load address 0x0000000008005a10
 .igot.plt      0x0000000020000070        0x0 /Applications/STM32CubeIDE.app/Contents/Eclipse/plugins/com.st.stm32cube.ide.mcu.externaltools.gnu-tools-for-stm32.10.3-2021.10.macos64_1.0.0.202111181127/tools/bin/../lib/gcc/arm-none-eabi/10.3.1/thumb/v6-m/nofp/crtbegin.o
                0x0000000020000070                . = ALIGN (0x4)

.bss            0x0000000020000070      0x1b4 load address 0x0000000008005a10
                0x0000000020000070                _sbss = .
                0x0000000020000070                __bss_start__ = _sbss
 *(.bss)
 .bss           0x0000000020000070       0x1c /Applications/STM32CubeIDE.app/Contents/Eclipse/plugins/com.st.stm32cube.ide.mcu.externaltools.gnu-tools-for-stm32.10.3-2021.10.macos64_1.0.0.202111181127/tools/bin/../lib/gcc/arm-none-eabi/10.3.1/thumb/v6-m/nofp/crtbegin.o
 *(.bss*)
 .bss.xl320     0x000000002000008c        0xc ./Core/Src/main.o
                0x000000002000008c                xl320
 .bss.__sbrk_heap_end
                0x0000000020000098        0x4 ./Core/Src/sysmem.o
 .bss.htim14    0x000000002000009c       0x4c ./Core/Src/tim.o
                0x000000002000009c                htim14
 .bss.huart1    0x00000000200000e8       0x94 ./Core/Src/usart.o
                0x00000000200000e8                huart1
 .bss.huart2    0x000000002000017c       0x94 ./Core/Src/usart.o
                0x000000002000017c                huart2
 .bss.uwTick    0x0000000020000210        0x4 ./Drivers/STM32G0xx_HAL_Driver/Src/stm32g0xx_hal.o
                0x0000000020000210                uwTick
 .bss.__malloc_free_list
                0x0000000020000214        0x4 /Applications/STM32CubeIDE.app/Contents/Eclipse/plugins/com.st.stm32cube.ide.mcu.externaltools.gnu-tools-for-stm32.10.3-2021.10.macos64_1.0.0.202111181127/tools/bin/../lib/gcc/arm-none-eabi/10.3.1/../../../../arm-none-eabi/lib/thumb/v6-m/nofp/libc_nano.a(lib_a-nano-mallocr.o)
                0x0000000020000214                __malloc_free_list
 .bss.__malloc_sbrk_start
                0x0000000020000218        0x4 /Applications/STM32CubeIDE.app/Contents/Eclipse/plugins/com.st.stm32cube.ide.mcu.externaltools.gnu-tools-for-stm32.10.3-2021.10.macos64_1.0.0.202111181127/tools/bin/../lib/gcc/arm-none-eabi/10.3.1/../../../../arm-none-eabi/lib/thumb/v6-m/nofp/libc_nano.a(lib_a-nano-mallocr.o)
                0x0000000020000218                __malloc_sbrk_start
 .bss.__lock___malloc_recursive_mutex
                0x000000002000021c        0x1 /Applications/STM32CubeIDE.app/Contents/Eclipse/plugins/com.st.stm32cube.ide.mcu.externaltools.gnu-tools-for-stm32.10.3-2021.10.macos64_1.0.0.202111181127/tools/bin/../lib/gcc/arm-none-eabi/10.3.1/../../../../arm-none-eabi/lib/thumb/v6-m/nofp/libc_nano.a(lib_a-lock.o)
                0x000000002000021c                __lock___malloc_recursive_mutex
 .bss.__lock___sfp_recursive_mutex
                0x000000002000021d        0x1 /Applications/STM32CubeIDE.app/Contents/Eclipse/plugins/com.st.stm32cube.ide.mcu.externaltools.gnu-tools-for-stm32.10.3-2021.10.macos64_1.0.0.202111181127/tools/bin/../lib/gcc/arm-none-eabi/10.3.1/../../../../arm-none-eabi/lib/thumb/v6-m/nofp/libc_nano.a(lib_a-lock.o)
                0x000000002000021d                __lock___sfp_recursive_mutex
 .bss.__lock___sinit_recursive_mutex
                0x000000002000021e        0x1 /Applications/STM32CubeIDE.app/Contents/Eclipse/plugins/com.st.stm32cube.ide.mcu.externaltools.gnu-tools-for-stm32.10.3-2021.10.macos64_1.0.0.202111181127/tools/bin/../lib/gcc/arm-none-eabi/10.3.1/../../../../arm-none-eabi/lib/thumb/v6-m/nofp/libc_nano.a(lib_a-lock.o)
                0x000000002000021e                __lock___sinit_recursive_mutex
 *fill*         0x000000002000021f        0x1 
 .bss.errno     0x0000000020000220        0x4 /Applications/STM32CubeIDE.app/Contents/Eclipse/plugins/com.st.stm32cube.ide.mcu.externaltools.gnu-tools-for-stm32.10.3-2021.10.macos64_1.0.0.202111181127/tools/bin/../lib/gcc/arm-none-eabi/10.3.1/../../../../arm-none-eabi/lib/thumb/v6-m/nofp/libc_nano.a(lib_a-reent.o)
                0x0000000020000220                errno
 *(COMMON)
                0x0000000020000224                . = ALIGN (0x4)
                0x0000000020000224                _ebss = .
                0x0000000020000224                __bss_end__ = _ebss

._user_heap_stack
                0x0000000020000224      0x604 load address 0x0000000008005a10
                0x0000000020000228                . = ALIGN (0x8)
 *fill*         0x0000000020000224        0x4 
                [!provide]                        PROVIDE (end = .)
                0x0000000020000228                PROVIDE (_end = .)
                0x0000000020000428                . = (. + _Min_Heap_Size)
 *fill*         0x0000000020000228      0x200 
                0x0000000020000828                . = (. + _Min_Stack_Size)
 *fill*         0x0000000020000428      0x400 
                0x0000000020000828                . = ALIGN (0x8)

/DISCARD/
 libc.a(*)
 libm.a(*)
 libgcc.a(*)

.ARM.attributes
                0x0000000000000000       0x28
 *(.ARM.attributes)
 .ARM.attributes
                0x0000000000000000       0x1e /Applications/STM32CubeIDE.app/Contents/Eclipse/plugins/com.st.stm32cube.ide.mcu.externaltools.gnu-tools-for-stm32.10.3-2021.10.macos64_1.0.0.202111181127/tools/bin/../lib/gcc/arm-none-eabi/10.3.1/thumb/v6-m/nofp/crti.o
 .ARM.attributes
                0x000000000000001e       0x2c /Applications/STM32CubeIDE.app/Contents/Eclipse/plugins/com.st.stm32cube.ide.mcu.externaltools.gnu-tools-for-stm32.10.3-2021.10.macos64_1.0.0.202111181127/tools/bin/../lib/gcc/arm-none-eabi/10.3.1/thumb/v6-m/nofp/crtbegin.o
 .ARM.attributes
                0x000000000000004a       0x2c ./Core/Src/gpio.o
 .ARM.attributes
                0x0000000000000076       0x2c ./Core/Src/main.o
 .ARM.attributes
                0x00000000000000a2       0x2c ./Core/Src/stm32g0xx_hal_msp.o
 .ARM.attributes
                0x00000000000000ce       0x2c ./Core/Src/stm32g0xx_it.o
 .ARM.attributes
                0x00000000000000fa       0x2c ./Core/Src/syscalls.o
 .ARM.attributes
                0x0000000000000126       0x2c ./Core/Src/sysmem.o
 .ARM.attributes
                0x0000000000000152       0x2c ./Core/Src/system_stm32g0xx.o
 .ARM.attributes
                0x000000000000017e       0x2c ./Core/Src/tim.o
 .ARM.attributes
                0x00000000000001aa       0x2c ./Core/Src/uart_half_duplex_driver.o
 .ARM.attributes
                0x00000000000001d6       0x2c ./Core/Src/usart.o
 .ARM.attributes
                0x0000000000000202       0x2c ./Core/Src/xl320_driver.o
 .ARM.attributes
                0x000000000000022e       0x22 ./Core/Startup/startup_stm32g070rbtx.o
 .ARM.attributes
                0x0000000000000250       0x2c ./Drivers/STM32G0xx_HAL_Driver/Src/stm32g0xx_hal.o
 .ARM.attributes
                0x000000000000027c       0x2c ./Drivers/STM32G0xx_HAL_Driver/Src/stm32g0xx_hal_cortex.o
 .ARM.attributes
                0x00000000000002a8       0x2c ./Drivers/STM32G0xx_HAL_Driver/Src/stm32g0xx_hal_gpio.o
 .ARM.attributes
                0x00000000000002d4       0x2c ./Drivers/STM32G0xx_HAL_Driver/Src/stm32g0xx_hal_pwr_ex.o
 .ARM.attributes
                0x0000000000000300       0x2c ./Drivers/STM32G0xx_HAL_Driver/Src/stm32g0xx_hal_rcc.o
 .ARM.attributes
                0x000000000000032c       0x2c ./Drivers/STM32G0xx_HAL_Driver/Src/stm32g0xx_hal_rcc_ex.o
 .ARM.attributes
                0x0000000000000358       0x2c ./Drivers/STM32G0xx_HAL_Driver/Src/stm32g0xx_hal_tim.o
 .ARM.attributes
                0x0000000000000384       0x2c ./Drivers/STM32G0xx_HAL_Driver/Src/stm32g0xx_hal_uart.o
 .ARM.attributes
                0x00000000000003b0       0x2c ./Drivers/STM32G0xx_HAL_Driver/Src/stm32g0xx_hal_uart_ex.o
 .ARM.attributes
                0x00000000000003dc       0x2c /Applications/STM32CubeIDE.app/Contents/Eclipse/plugins/com.st.stm32cube.ide.mcu.externaltools.gnu-tools-for-stm32.10.3-2021.10.macos64_1.0.0.202111181127/tools/bin/../lib/gcc/arm-none-eabi/10.3.1/../../../../arm-none-eabi/lib/thumb/v6-m/nofp/libc_nano.a(lib_a-errno.o)
 .ARM.attributes
                0x0000000000000408       0x2c /Applications/STM32CubeIDE.app/Contents/Eclipse/plugins/com.st.stm32cube.ide.mcu.externaltools.gnu-tools-for-stm32.10.3-2021.10.macos64_1.0.0.202111181127/tools/bin/../lib/gcc/arm-none-eabi/10.3.1/../../../../arm-none-eabi/lib/thumb/v6-m/nofp/libc_nano.a(lib_a-impure.o)
 .ARM.attributes
                0x0000000000000434       0x2c /Applications/STM32CubeIDE.app/Contents/Eclipse/plugins/com.st.stm32cube.ide.mcu.externaltools.gnu-tools-for-stm32.10.3-2021.10.macos64_1.0.0.202111181127/tools/bin/../lib/gcc/arm-none-eabi/10.3.1/../../../../arm-none-eabi/lib/thumb/v6-m/nofp/libc_nano.a(lib_a-init.o)
 .ARM.attributes
                0x0000000000000460       0x2c /Applications/STM32CubeIDE.app/Contents/Eclipse/plugins/com.st.stm32cube.ide.mcu.externaltools.gnu-tools-for-stm32.10.3-2021.10.macos64_1.0.0.202111181127/tools/bin/../lib/gcc/arm-none-eabi/10.3.1/../../../../arm-none-eabi/lib/thumb/v6-m/nofp/libc_nano.a(lib_a-malloc.o)
 .ARM.attributes
                0x000000000000048c       0x2c /Applications/STM32CubeIDE.app/Contents/Eclipse/plugins/com.st.stm32cube.ide.mcu.externaltools.gnu-tools-for-stm32.10.3-2021.10.macos64_1.0.0.202111181127/tools/bin/../lib/gcc/arm-none-eabi/10.3.1/../../../../arm-none-eabi/lib/thumb/v6-m/nofp/libc_nano.a(lib_a-memcpy-stub.o)
 .ARM.attributes
                0x00000000000004b8       0x2c /Applications/STM32CubeIDE.app/Contents/Eclipse/plugins/com.st.stm32cube.ide.mcu.externaltools.gnu-tools-for-stm32.10.3-2021.10.macos64_1.0.0.202111181127/tools/bin/../lib/gcc/arm-none-eabi/10.3.1/../../../../arm-none-eabi/lib/thumb/v6-m/nofp/libc_nano.a(lib_a-memset.o)
 .ARM.attributes
                0x00000000000004e4       0x2c /Applications/STM32CubeIDE.app/Contents/Eclipse/plugins/com.st.stm32cube.ide.mcu.externaltools.gnu-tools-for-stm32.10.3-2021.10.macos64_1.0.0.202111181127/tools/bin/../lib/gcc/arm-none-eabi/10.3.1/../../../../arm-none-eabi/lib/thumb/v6-m/nofp/libc_nano.a(lib_a-nano-freer.o)
 .ARM.attributes
                0x0000000000000510       0x2c /Applications/STM32CubeIDE.app/Contents/Eclipse/plugins/com.st.stm32cube.ide.mcu.externaltools.gnu-tools-for-stm32.10.3-2021.10.macos64_1.0.0.202111181127/tools/bin/../lib/gcc/arm-none-eabi/10.3.1/../../../../arm-none-eabi/lib/thumb/v6-m/nofp/libc_nano.a(lib_a-nano-mallocr.o)
 .ARM.attributes
                0x000000000000053c       0x2c /Applications/STM32CubeIDE.app/Contents/Eclipse/plugins/com.st.stm32cube.ide.mcu.externaltools.gnu-tools-for-stm32.10.3-2021.10.macos64_1.0.0.202111181127/tools/bin/../lib/gcc/arm-none-eabi/10.3.1/../../../../arm-none-eabi/lib/thumb/v6-m/nofp/libc_nano.a(lib_a-puts.o)
 .ARM.attributes
                0x0000000000000568       0x2c /Applications/STM32CubeIDE.app/Contents/Eclipse/plugins/com.st.stm32cube.ide.mcu.externaltools.gnu-tools-for-stm32.10.3-2021.10.macos64_1.0.0.202111181127/tools/bin/../lib/gcc/arm-none-eabi/10.3.1/../../../../arm-none-eabi/lib/thumb/v6-m/nofp/libc_nano.a(lib_a-sbrkr.o)
 .ARM.attributes
                0x0000000000000594       0x2c /Applications/STM32CubeIDE.app/Contents/Eclipse/plugins/com.st.stm32cube.ide.mcu.externaltools.gnu-tools-for-stm32.10.3-2021.10.macos64_1.0.0.202111181127/tools/bin/../lib/gcc/arm-none-eabi/10.3.1/../../../../arm-none-eabi/lib/thumb/v6-m/nofp/libc_nano.a(lib_a-wbuf.o)
 .ARM.attributes
                0x00000000000005c0       0x2c /Applications/STM32CubeIDE.app/Contents/Eclipse/plugins/com.st.stm32cube.ide.mcu.externaltools.gnu-tools-for-stm32.10.3-2021.10.macos64_1.0.0.202111181127/tools/bin/../lib/gcc/arm-none-eabi/10.3.1/../../../../arm-none-eabi/lib/thumb/v6-m/nofp/libc_nano.a(lib_a-wsetup.o)
 .ARM.attributes
                0x00000000000005ec       0x2c /Applications/STM32CubeIDE.app/Contents/Eclipse/plugins/com.st.stm32cube.ide.mcu.externaltools.gnu-tools-for-stm32.10.3-2021.10.macos64_1.0.0.202111181127/tools/bin/../lib/gcc/arm-none-eabi/10.3.1/../../../../arm-none-eabi/lib/thumb/v6-m/nofp/libc_nano.a(lib_a-fflush.o)
 .ARM.attributes
                0x0000000000000618       0x2c /Applications/STM32CubeIDE.app/Contents/Eclipse/plugins/com.st.stm32cube.ide.mcu.externaltools.gnu-tools-for-stm32.10.3-2021.10.macos64_1.0.0.202111181127/tools/bin/../lib/gcc/arm-none-eabi/10.3.1/../../../../arm-none-eabi/lib/thumb/v6-m/nofp/libc_nano.a(lib_a-findfp.o)
 .ARM.attributes
                0x0000000000000644       0x2c /Applications/STM32CubeIDE.app/Contents/Eclipse/plugins/com.st.stm32cube.ide.mcu.externaltools.gnu-tools-for-stm32.10.3-2021.10.macos64_1.0.0.202111181127/tools/bin/../lib/gcc/arm-none-eabi/10.3.1/../../../../arm-none-eabi/lib/thumb/v6-m/nofp/libc_nano.a(lib_a-fwalk.o)
 .ARM.attributes
                0x0000000000000670       0x2c /Applications/STM32CubeIDE.app/Contents/Eclipse/plugins/com.st.stm32cube.ide.mcu.externaltools.gnu-tools-for-stm32.10.3-2021.10.macos64_1.0.0.202111181127/tools/bin/../lib/gcc/arm-none-eabi/10.3.1/../../../../arm-none-eabi/lib/thumb/v6-m/nofp/libc_nano.a(lib_a-lock.o)
 .ARM.attributes
                0x000000000000069c       0x2c /Applications/STM32CubeIDE.app/Contents/Eclipse/plugins/com.st.stm32cube.ide.mcu.externaltools.gnu-tools-for-stm32.10.3-2021.10.macos64_1.0.0.202111181127/tools/bin/../lib/gcc/arm-none-eabi/10.3.1/../../../../arm-none-eabi/lib/thumb/v6-m/nofp/libc_nano.a(lib_a-makebuf.o)
 .ARM.attributes
                0x00000000000006c8       0x2c /Applications/STM32CubeIDE.app/Contents/Eclipse/plugins/com.st.stm32cube.ide.mcu.externaltools.gnu-tools-for-stm32.10.3-2021.10.macos64_1.0.0.202111181127/tools/bin/../lib/gcc/arm-none-eabi/10.3.1/../../../../arm-none-eabi/lib/thumb/v6-m/nofp/libc_nano.a(lib_a-mlock.o)
 .ARM.attributes
                0x00000000000006f4       0x2c /Applications/STM32CubeIDE.app/Contents/Eclipse/plugins/com.st.stm32cube.ide.mcu.externaltools.gnu-tools-for-stm32.10.3-2021.10.macos64_1.0.0.202111181127/tools/bin/../lib/gcc/arm-none-eabi/10.3.1/../../../../arm-none-eabi/lib/thumb/v6-m/nofp/libc_nano.a(lib_a-reent.o)
 .ARM.attributes
                0x0000000000000720       0x2c /Applications/STM32CubeIDE.app/Contents/Eclipse/plugins/com.st.stm32cube.ide.mcu.externaltools.gnu-tools-for-stm32.10.3-2021.10.macos64_1.0.0.202111181127/tools/bin/../lib/gcc/arm-none-eabi/10.3.1/../../../../arm-none-eabi/lib/thumb/v6-m/nofp/libc_nano.a(lib_a-stdio.o)
 .ARM.attributes
                0x000000000000074c       0x2c /Applications/STM32CubeIDE.app/Contents/Eclipse/plugins/com.st.stm32cube.ide.mcu.externaltools.gnu-tools-for-stm32.10.3-2021.10.macos64_1.0.0.202111181127/tools/bin/../lib/gcc/arm-none-eabi/10.3.1/../../../../arm-none-eabi/lib/thumb/v6-m/nofp/libc_nano.a(lib_a-writer.o)
 .ARM.attributes
                0x0000000000000778       0x2c /Applications/STM32CubeIDE.app/Contents/Eclipse/plugins/com.st.stm32cube.ide.mcu.externaltools.gnu-tools-for-stm32.10.3-2021.10.macos64_1.0.0.202111181127/tools/bin/../lib/gcc/arm-none-eabi/10.3.1/../../../../arm-none-eabi/lib/thumb/v6-m/nofp/libc_nano.a(lib_a-closer.o)
 .ARM.attributes
                0x00000000000007a4       0x2c /Applications/STM32CubeIDE.app/Contents/Eclipse/plugins/com.st.stm32cube.ide.mcu.externaltools.gnu-tools-for-stm32.10.3-2021.10.macos64_1.0.0.202111181127/tools/bin/../lib/gcc/arm-none-eabi/10.3.1/../../../../arm-none-eabi/lib/thumb/v6-m/nofp/libc_nano.a(lib_a-fstatr.o)
 .ARM.attributes
                0x00000000000007d0       0x2c /Applications/STM32CubeIDE.app/Contents/Eclipse/plugins/com.st.stm32cube.ide.mcu.externaltools.gnu-tools-for-stm32.10.3-2021.10.macos64_1.0.0.202111181127/tools/bin/../lib/gcc/arm-none-eabi/10.3.1/../../../../arm-none-eabi/lib/thumb/v6-m/nofp/libc_nano.a(lib_a-isattyr.o)
 .ARM.attributes
                0x00000000000007fc       0x2c /Applications/STM32CubeIDE.app/Contents/Eclipse/plugins/com.st.stm32cube.ide.mcu.externaltools.gnu-tools-for-stm32.10.3-2021.10.macos64_1.0.0.202111181127/tools/bin/../lib/gcc/arm-none-eabi/10.3.1/../../../../arm-none-eabi/lib/thumb/v6-m/nofp/libc_nano.a(lib_a-lseekr.o)
 .ARM.attributes
                0x0000000000000828       0x2c /Applications/STM32CubeIDE.app/Contents/Eclipse/plugins/com.st.stm32cube.ide.mcu.externaltools.gnu-tools-for-stm32.10.3-2021.10.macos64_1.0.0.202111181127/tools/bin/../lib/gcc/arm-none-eabi/10.3.1/../../../../arm-none-eabi/lib/thumb/v6-m/nofp/libc_nano.a(lib_a-readr.o)
 .ARM.attributes
                0x0000000000000854       0x1e /Applications/STM32CubeIDE.app/Contents/Eclipse/plugins/com.st.stm32cube.ide.mcu.externaltools.gnu-tools-for-stm32.10.3-2021.10.macos64_1.0.0.202111181127/tools/bin/../lib/gcc/arm-none-eabi/10.3.1/thumb/v6-m/nofp/libgcc.a(_udivsi3.o)
 .ARM.attributes
                0x0000000000000872       0x1e /Applications/STM32CubeIDE.app/Contents/Eclipse/plugins/com.st.stm32cube.ide.mcu.externaltools.gnu-tools-for-stm32.10.3-2021.10.macos64_1.0.0.202111181127/tools/bin/../lib/gcc/arm-none-eabi/10.3.1/thumb/v6-m/nofp/libgcc.a(_divsi3.o)
 .ARM.attributes
                0x0000000000000890       0x1e /Applications/STM32CubeIDE.app/Contents/Eclipse/plugins/com.st.stm32cube.ide.mcu.externaltools.gnu-tools-for-stm32.10.3-2021.10.macos64_1.0.0.202111181127/tools/bin/../lib/gcc/arm-none-eabi/10.3.1/thumb/v6-m/nofp/libgcc.a(_dvmd_tls.o)
 .ARM.attributes
                0x00000000000008ae       0x2c /Applications/STM32CubeIDE.app/Contents/Eclipse/plugins/com.st.stm32cube.ide.mcu.externaltools.gnu-tools-for-stm32.10.3-2021.10.macos64_1.0.0.202111181127/tools/bin/../lib/gcc/arm-none-eabi/10.3.1/thumb/v6-m/nofp/libgcc.a(_fixunsdfsi.o)
 .ARM.attributes
                0x00000000000008da       0x2c /Applications/STM32CubeIDE.app/Contents/Eclipse/plugins/com.st.stm32cube.ide.mcu.externaltools.gnu-tools-for-stm32.10.3-2021.10.macos64_1.0.0.202111181127/tools/bin/../lib/gcc/arm-none-eabi/10.3.1/thumb/v6-m/nofp/libgcc.a(divdf3.o)
 .ARM.attributes
                0x0000000000000906       0x2c /Applications/STM32CubeIDE.app/Contents/Eclipse/plugins/com.st.stm32cube.ide.mcu.externaltools.gnu-tools-for-stm32.10.3-2021.10.macos64_1.0.0.202111181127/tools/bin/../lib/gcc/arm-none-eabi/10.3.1/thumb/v6-m/nofp/libgcc.a(subdf3.o)
 .ARM.attributes
                0x0000000000000932       0x2c /Applications/STM32CubeIDE.app/Contents/Eclipse/plugins/com.st.stm32cube.ide.mcu.externaltools.gnu-tools-for-stm32.10.3-2021.10.macos64_1.0.0.202111181127/tools/bin/../lib/gcc/arm-none-eabi/10.3.1/thumb/v6-m/nofp/libgcc.a(fixdfsi.o)
 .ARM.attributes
                0x000000000000095e       0x2c /Applications/STM32CubeIDE.app/Contents/Eclipse/plugins/com.st.stm32cube.ide.mcu.externaltools.gnu-tools-for-stm32.10.3-2021.10.macos64_1.0.0.202111181127/tools/bin/../lib/gcc/arm-none-eabi/10.3.1/thumb/v6-m/nofp/libgcc.a(extendsfdf2.o)
 .ARM.attributes
                0x000000000000098a       0x1e /Applications/STM32CubeIDE.app/Contents/Eclipse/plugins/com.st.stm32cube.ide.mcu.externaltools.gnu-tools-for-stm32.10.3-2021.10.macos64_1.0.0.202111181127/tools/bin/../lib/gcc/arm-none-eabi/10.3.1/thumb/v6-m/nofp/libgcc.a(_arm_cmpdf2.o)
 .ARM.attributes
                0x00000000000009a8       0x1e /Applications/STM32CubeIDE.app/Contents/Eclipse/plugins/com.st.stm32cube.ide.mcu.externaltools.gnu-tools-for-stm32.10.3-2021.10.macos64_1.0.0.202111181127/tools/bin/../lib/gcc/arm-none-eabi/10.3.1/thumb/v6-m/nofp/libgcc.a(_clzsi2.o)
 .ARM.attributes
                0x00000000000009c6       0x2c /Applications/STM32CubeIDE.app/Contents/Eclipse/plugins/com.st.stm32cube.ide.mcu.externaltools.gnu-tools-for-stm32.10.3-2021.10.macos64_1.0.0.202111181127/tools/bin/../lib/gcc/arm-none-eabi/10.3.1/thumb/v6-m/nofp/libgcc.a(eqdf2.o)
 .ARM.attributes
                0x00000000000009f2       0x2c /Applications/STM32CubeIDE.app/Contents/Eclipse/plugins/com.st.stm32cube.ide.mcu.externaltools.gnu-tools-for-stm32.10.3-2021.10.macos64_1.0.0.202111181127/tools/bin/../lib/gcc/arm-none-eabi/10.3.1/thumb/v6-m/nofp/libgcc.a(gedf2.o)
 .ARM.attributes
                0x0000000000000a1e       0x2c /Applications/STM32CubeIDE.app/Contents/Eclipse/plugins/com.st.stm32cube.ide.mcu.externaltools.gnu-tools-for-stm32.10.3-2021.10.macos64_1.0.0.202111181127/tools/bin/../lib/gcc/arm-none-eabi/10.3.1/thumb/v6-m/nofp/libgcc.a(ledf2.o)
 .ARM.attributes
                0x0000000000000a4a       0x1e /Applications/STM32CubeIDE.app/Contents/Eclipse/plugins/com.st.stm32cube.ide.mcu.externaltools.gnu-tools-for-stm32.10.3-2021.10.macos64_1.0.0.202111181127/tools/bin/../lib/gcc/arm-none-eabi/10.3.1/thumb/v6-m/nofp/crtn.o
OUTPUT(robot_biere.elf elf32-littlearm)
LOAD linker stubs
LOAD /Applications/STM32CubeIDE.app/Contents/Eclipse/plugins/com.st.stm32cube.ide.mcu.externaltools.gnu-tools-for-stm32.10.3-2021.10.macos64_1.0.0.202111181127/tools/bin/../lib/gcc/arm-none-eabi/10.3.1/../../../../arm-none-eabi/lib/thumb/v6-m/nofp/libc.a
LOAD /Applications/STM32CubeIDE.app/Contents/Eclipse/plugins/com.st.stm32cube.ide.mcu.externaltools.gnu-tools-for-stm32.10.3-2021.10.macos64_1.0.0.202111181127/tools/bin/../lib/gcc/arm-none-eabi/10.3.1/../../../../arm-none-eabi/lib/thumb/v6-m/nofp/libm.a
LOAD /Applications/STM32CubeIDE.app/Contents/Eclipse/plugins/com.st.stm32cube.ide.mcu.externaltools.gnu-tools-for-stm32.10.3-2021.10.macos64_1.0.0.202111181127/tools/bin/../lib/gcc/arm-none-eabi/10.3.1/thumb/v6-m/nofp/libgcc.a

.debug_info     0x0000000000000000    0x10065
 .debug_info    0x0000000000000000      0x296 ./Core/Src/gpio.o
 .debug_info    0x0000000000000296      0xc59 ./Core/Src/main.o
 .debug_info    0x0000000000000eef      0x296 ./Core/Src/stm32g0xx_hal_msp.o
 .debug_info    0x0000000000001185      0x11e ./Core/Src/stm32g0xx_it.o
 .debug_info    0x00000000000012a3      0x6e0 ./Core/Src/syscalls.o
 .debug_info    0x0000000000001983      0x171 ./Core/Src/sysmem.o
 .debug_info    0x0000000000001af4      0x34d ./Core/Src/system_stm32g0xx.o
 .debug_info    0x0000000000001e41      0xc1e ./Core/Src/tim.o
 .debug_info    0x0000000000002a5f      0x8cb ./Core/Src/uart_half_duplex_driver.o
 .debug_info    0x000000000000332a      0xcc1 ./Core/Src/usart.o
 .debug_info    0x0000000000003feb      0x844 ./Core/Src/xl320_driver.o
 .debug_info    0x000000000000482f       0x22 ./Core/Startup/startup_stm32g070rbtx.o
 .debug_info    0x0000000000004851      0x942 ./Drivers/STM32G0xx_HAL_Driver/Src/stm32g0xx_hal.o
 .debug_info    0x0000000000005193      0x8f5 ./Drivers/STM32G0xx_HAL_Driver/Src/stm32g0xx_hal_cortex.o
 .debug_info    0x0000000000005a88      0x5d7 ./Drivers/STM32G0xx_HAL_Driver/Src/stm32g0xx_hal_gpio.o
 .debug_info    0x000000000000605f      0x4e8 ./Drivers/STM32G0xx_HAL_Driver/Src/stm32g0xx_hal_pwr_ex.o
 .debug_info    0x0000000000006547      0xb1c ./Drivers/STM32G0xx_HAL_Driver/Src/stm32g0xx_hal_rcc.o
 .debug_info    0x0000000000007063      0x7dd ./Drivers/STM32G0xx_HAL_Driver/Src/stm32g0xx_hal_rcc_ex.o
 .debug_info    0x0000000000007840     0x2e15 ./Drivers/STM32G0xx_HAL_Driver/Src/stm32g0xx_hal_tim.o
 .debug_info    0x000000000000a655     0x49de ./Drivers/STM32G0xx_HAL_Driver/Src/stm32g0xx_hal_uart.o
 .debug_info    0x000000000000f033     0x1032 ./Drivers/STM32G0xx_HAL_Driver/Src/stm32g0xx_hal_uart_ex.o

.debug_abbrev   0x0000000000000000     0x25ea
 .debug_abbrev  0x0000000000000000       0xdb ./Core/Src/gpio.o
 .debug_abbrev  0x00000000000000db      0x292 ./Core/Src/main.o
 .debug_abbrev  0x000000000000036d       0xdb ./Core/Src/stm32g0xx_hal_msp.o
 .debug_abbrev  0x0000000000000448       0xad ./Core/Src/stm32g0xx_it.o
 .debug_abbrev  0x00000000000004f5      0x1b3 ./Core/Src/syscalls.o
 .debug_abbrev  0x00000000000006a8       0xbb ./Core/Src/sysmem.o
 .debug_abbrev  0x0000000000000763      0x116 ./Core/Src/system_stm32g0xx.o
 .debug_abbrev  0x0000000000000879      0x1fa ./Core/Src/tim.o
 .debug_abbrev  0x0000000000000a73      0x1a0 ./Core/Src/uart_half_duplex_driver.o
 .debug_abbrev  0x0000000000000c13      0x1fe ./Core/Src/usart.o
 .debug_abbrev  0x0000000000000e11      0x1cd ./Core/Src/xl320_driver.o
 .debug_abbrev  0x0000000000000fde       0x12 ./Core/Startup/startup_stm32g070rbtx.o
 .debug_abbrev  0x0000000000000ff0      0x2a9 ./Drivers/STM32G0xx_HAL_Driver/Src/stm32g0xx_hal.o
 .debug_abbrev  0x0000000000001299      0x29f ./Drivers/STM32G0xx_HAL_Driver/Src/stm32g0xx_hal_cortex.o
 .debug_abbrev  0x0000000000001538      0x1b9 ./Drivers/STM32G0xx_HAL_Driver/Src/stm32g0xx_hal_gpio.o
 .debug_abbrev  0x00000000000016f1      0x1d1 ./Drivers/STM32G0xx_HAL_Driver/Src/stm32g0xx_hal_pwr_ex.o
 .debug_abbrev  0x00000000000018c2      0x2a3 ./Drivers/STM32G0xx_HAL_Driver/Src/stm32g0xx_hal_rcc.o
 .debug_abbrev  0x0000000000001b65      0x21a ./Drivers/STM32G0xx_HAL_Driver/Src/stm32g0xx_hal_rcc_ex.o
 .debug_abbrev  0x0000000000001d7f      0x286 ./Drivers/STM32G0xx_HAL_Driver/Src/stm32g0xx_hal_tim.o
 .debug_abbrev  0x0000000000002005      0x310 ./Drivers/STM32G0xx_HAL_Driver/Src/stm32g0xx_hal_uart.o
 .debug_abbrev  0x0000000000002315      0x2d5 ./Drivers/STM32G0xx_HAL_Driver/Src/stm32g0xx_hal_uart_ex.o

.debug_aranges  0x0000000000000000      0xd78
 .debug_aranges
                0x0000000000000000       0x20 ./Core/Src/gpio.o
 .debug_aranges
                0x0000000000000020       0x40 ./Core/Src/main.o
 .debug_aranges
                0x0000000000000060       0x20 ./Core/Src/stm32g0xx_hal_msp.o
 .debug_aranges
                0x0000000000000080       0x40 ./Core/Src/stm32g0xx_it.o
 .debug_aranges
                0x00000000000000c0       0xa8 ./Core/Src/syscalls.o
 .debug_aranges
                0x0000000000000168       0x20 ./Core/Src/sysmem.o
 .debug_aranges
                0x0000000000000188       0x28 ./Core/Src/system_stm32g0xx.o
 .debug_aranges
                0x00000000000001b0       0x30 ./Core/Src/tim.o
 .debug_aranges
                0x00000000000001e0       0x28 ./Core/Src/uart_half_duplex_driver.o
 .debug_aranges
                0x0000000000000208       0x38 ./Core/Src/usart.o
 .debug_aranges
                0x0000000000000240       0x98 ./Core/Src/xl320_driver.o
 .debug_aranges
                0x00000000000002d8       0x28 ./Core/Startup/startup_stm32g070rbtx.o
 .debug_aranges
                0x0000000000000300       0xf8 ./Drivers/STM32G0xx_HAL_Driver/Src/stm32g0xx_hal.o
 .debug_aranges
                0x00000000000003f8       0xd8 ./Drivers/STM32G0xx_HAL_Driver/Src/stm32g0xx_hal_cortex.o
 .debug_aranges
                0x00000000000004d0       0x60 ./Drivers/STM32G0xx_HAL_Driver/Src/stm32g0xx_hal_gpio.o
 .debug_aranges
                0x0000000000000530       0x98 ./Drivers/STM32G0xx_HAL_Driver/Src/stm32g0xx_hal_pwr_ex.o
 .debug_aranges
                0x00000000000005c8       0xa0 ./Drivers/STM32G0xx_HAL_Driver/Src/stm32g0xx_hal_rcc.o
 .debug_aranges
                0x0000000000000668       0x40 ./Drivers/STM32G0xx_HAL_Driver/Src/stm32g0xx_hal_rcc_ex.o
 .debug_aranges
                0x00000000000006a8      0x3e0 ./Drivers/STM32G0xx_HAL_Driver/Src/stm32g0xx_hal_tim.o
 .debug_aranges
                0x0000000000000a88      0x248 ./Drivers/STM32G0xx_HAL_Driver/Src/stm32g0xx_hal_uart.o
 .debug_aranges
                0x0000000000000cd0       0xa8 ./Drivers/STM32G0xx_HAL_Driver/Src/stm32g0xx_hal_uart_ex.o

.debug_ranges   0x0000000000000000      0xc60
 .debug_ranges  0x0000000000000000       0x10 ./Core/Src/gpio.o
 .debug_ranges  0x0000000000000010       0x30 ./Core/Src/main.o
 .debug_ranges  0x0000000000000040       0x10 ./Core/Src/stm32g0xx_hal_msp.o
 .debug_ranges  0x0000000000000050       0x30 ./Core/Src/stm32g0xx_it.o
 .debug_ranges  0x0000000000000080       0x98 ./Core/Src/syscalls.o
 .debug_ranges  0x0000000000000118       0x10 ./Core/Src/sysmem.o
 .debug_ranges  0x0000000000000128       0x18 ./Core/Src/system_stm32g0xx.o
 .debug_ranges  0x0000000000000140       0x20 ./Core/Src/tim.o
 .debug_ranges  0x0000000000000160       0x18 ./Core/Src/uart_half_duplex_driver.o
 .debug_ranges  0x0000000000000178       0x28 ./Core/Src/usart.o
 .debug_ranges  0x00000000000001a0       0x88 ./Core/Src/xl320_driver.o
 .debug_ranges  0x0000000000000228       0x20 ./Core/Startup/startup_stm32g070rbtx.o
 .debug_ranges  0x0000000000000248       0xe8 ./Drivers/STM32G0xx_HAL_Driver/Src/stm32g0xx_hal.o
 .debug_ranges  0x0000000000000330       0xc8 ./Drivers/STM32G0xx_HAL_Driver/Src/stm32g0xx_hal_cortex.o
 .debug_ranges  0x00000000000003f8       0x50 ./Drivers/STM32G0xx_HAL_Driver/Src/stm32g0xx_hal_gpio.o
 .debug_ranges  0x0000000000000448       0x88 ./Drivers/STM32G0xx_HAL_Driver/Src/stm32g0xx_hal_pwr_ex.o
 .debug_ranges  0x00000000000004d0       0x90 ./Drivers/STM32G0xx_HAL_Driver/Src/stm32g0xx_hal_rcc.o
 .debug_ranges  0x0000000000000560       0x30 ./Drivers/STM32G0xx_HAL_Driver/Src/stm32g0xx_hal_rcc_ex.o
 .debug_ranges  0x0000000000000590      0x3d0 ./Drivers/STM32G0xx_HAL_Driver/Src/stm32g0xx_hal_tim.o
 .debug_ranges  0x0000000000000960      0x268 ./Drivers/STM32G0xx_HAL_Driver/Src/stm32g0xx_hal_uart.o
 .debug_ranges  0x0000000000000bc8       0x98 ./Drivers/STM32G0xx_HAL_Driver/Src/stm32g0xx_hal_uart_ex.o

.debug_macro    0x0000000000000000     0x3631
 .debug_macro   0x0000000000000000      0x1f3 ./Core/Src/gpio.o
 .debug_macro   0x00000000000001f3      0x3b5 ./Core/Src/main.o
 .debug_macro   0x00000000000005a8       0x16 ./Core/Src/main.o
 .debug_macro   0x00000000000005be       0x16 ./Core/Src/main.o
 .debug_macro   0x00000000000005d4       0x16 ./Core/Src/main.o
 .debug_macro   0x00000000000005ea       0x29 ./Core/Src/main.o
 .debug_macro   0x0000000000000613       0x46 ./Core/Src/main.o
 .debug_macro   0x0000000000000659      0x1e9 ./Core/Src/stm32g0xx_hal_msp.o
 .debug_macro   0x0000000000000842      0x1f3 ./Core/Src/stm32g0xx_it.o
 .debug_macro   0x0000000000000a35      0x24c ./Core/Src/syscalls.o
 .debug_macro   0x0000000000000c81       0x4c ./Core/Src/syscalls.o
 .debug_macro   0x0000000000000ccd       0x94 ./Core/Src/syscalls.o
 .debug_macro   0x0000000000000d61       0x57 ./Core/Src/syscalls.o
 .debug_macro   0x0000000000000db8       0x10 ./Core/Src/syscalls.o
 .debug_macro   0x0000000000000dc8       0x10 ./Core/Src/syscalls.o
 .debug_macro   0x0000000000000dd8       0x10 ./Core/Src/syscalls.o
 .debug_macro   0x0000000000000de8       0x35 ./Core/Src/syscalls.o
 .debug_macro   0x0000000000000e1d      0x12c ./Core/Src/syscalls.o
 .debug_macro   0x0000000000000f49       0x10 ./Core/Src/syscalls.o
 .debug_macro   0x0000000000000f59      0x241 ./Core/Src/syscalls.o
 .debug_macro   0x000000000000119a       0x10 ./Core/Src/syscalls.o
 .debug_macro   0x00000000000011aa      0x189 ./Core/Src/syscalls.o
 .debug_macro   0x0000000000001333       0x16 ./Core/Src/syscalls.o
 .debug_macro   0x0000000000001349       0xce ./Core/Src/syscalls.o
 .debug_macro   0x0000000000001417       0xff ./Core/Src/sysmem.o
 .debug_macro   0x0000000000001516      0x23b ./Core/Src/sysmem.o
 .debug_macro   0x0000000000001751      0x1df ./Core/Src/system_stm32g0xx.o
 .debug_macro   0x0000000000001930      0x1f3 ./Core/Src/tim.o
 .debug_macro   0x0000000000001b23      0x1fd ./Core/Src/uart_half_duplex_driver.o
 .debug_macro   0x0000000000001d20      0x1f3 ./Core/Src/usart.o
 .debug_macro   0x0000000000001f13      0x393 ./Core/Src/xl320_driver.o
 .debug_macro   0x00000000000022a6       0x97 ./Core/Src/xl320_driver.o
 .debug_macro   0x000000000000233d       0xfd ./Core/Src/xl320_driver.o
 .debug_macro   0x000000000000243a       0x56 ./Core/Src/xl320_driver.o
 .debug_macro   0x0000000000002490      0x1fd ./Drivers/STM32G0xx_HAL_Driver/Src/stm32g0xx_hal.o
 .debug_macro   0x000000000000268d      0x1df ./Drivers/STM32G0xx_HAL_Driver/Src/stm32g0xx_hal_cortex.o
 .debug_macro   0x000000000000286c      0x1e6 ./Drivers/STM32G0xx_HAL_Driver/Src/stm32g0xx_hal_gpio.o
 .debug_macro   0x0000000000002a52      0x1f1 ./Drivers/STM32G0xx_HAL_Driver/Src/stm32g0xx_hal_pwr_ex.o
 .debug_macro   0x0000000000002c43      0x21b ./Drivers/STM32G0xx_HAL_Driver/Src/stm32g0xx_hal_rcc.o
 .debug_macro   0x0000000000002e5e      0x1f7 ./Drivers/STM32G0xx_HAL_Driver/Src/stm32g0xx_hal_rcc_ex.o
 .debug_macro   0x0000000000003055      0x1e7 ./Drivers/STM32G0xx_HAL_Driver/Src/stm32g0xx_hal_tim.o
 .debug_macro   0x000000000000323c      0x20a ./Drivers/STM32G0xx_HAL_Driver/Src/stm32g0xx_hal_uart.o
 .debug_macro   0x0000000000003446      0x1eb ./Drivers/STM32G0xx_HAL_Driver/Src/stm32g0xx_hal_uart_ex.o

.debug_line     0x0000000000000000    0x11b67
 .debug_line    0x0000000000000000      0x727 ./Core/Src/gpio.o
 .debug_line    0x0000000000000727      0xa47 ./Core/Src/main.o
 .debug_line    0x000000000000116e      0x72a ./Core/Src/stm32g0xx_hal_msp.o
 .debug_line    0x0000000000001898      0x78f ./Core/Src/stm32g0xx_it.o
 .debug_line    0x0000000000002027      0x82b ./Core/Src/syscalls.o
 .debug_line    0x0000000000002852      0x521 ./Core/Src/sysmem.o
 .debug_line    0x0000000000002d73      0x79d ./Core/Src/system_stm32g0xx.o
 .debug_line    0x0000000000003510      0x7a6 ./Core/Src/tim.o
 .debug_line    0x0000000000003cb6      0x774 ./Core/Src/uart_half_duplex_driver.o
 .debug_line    0x000000000000442a      0x862 ./Core/Src/usart.o
 .debug_line    0x0000000000004c8c      0xcc0 ./Core/Src/xl320_driver.o
 .debug_line    0x000000000000594c       0x89 ./Core/Startup/startup_stm32g070rbtx.o
 .debug_line    0x00000000000059d5      0xa40 ./Drivers/STM32G0xx_HAL_Driver/Src/stm32g0xx_hal.o
 .debug_line    0x0000000000006415      0xb54 ./Drivers/STM32G0xx_HAL_Driver/Src/stm32g0xx_hal_cortex.o
 .debug_line    0x0000000000006f69      0xb40 ./Drivers/STM32G0xx_HAL_Driver/Src/stm32g0xx_hal_gpio.o
 .debug_line    0x0000000000007aa9      0x970 ./Drivers/STM32G0xx_HAL_Driver/Src/stm32g0xx_hal_pwr_ex.o
 .debug_line    0x0000000000008419      0xee8 ./Drivers/STM32G0xx_HAL_Driver/Src/stm32g0xx_hal_rcc.o
 .debug_line    0x0000000000009301      0xb0c ./Drivers/STM32G0xx_HAL_Driver/Src/stm32g0xx_hal_rcc_ex.o
 .debug_line    0x0000000000009e0d     0x3bd8 ./Drivers/STM32G0xx_HAL_Driver/Src/stm32g0xx_hal_tim.o
 .debug_line    0x000000000000d9e5     0x33b0 ./Drivers/STM32G0xx_HAL_Driver/Src/stm32g0xx_hal_uart.o
 .debug_line    0x0000000000010d95      0xdd2 ./Drivers/STM32G0xx_HAL_Driver/Src/stm32g0xx_hal_uart_ex.o

.debug_str      0x0000000000000000    0x8f6b4
 .debug_str     0x0000000000000000    0x862cf ./Core/Src/gpio.o
                                      0x867ba (size before relaxing)
 .debug_str     0x00000000000862cf     0x4779 ./Core/Src/main.o
                                      0x8aee5 (size before relaxing)
 .debug_str     0x000000000008aa48       0x2c ./Core/Src/stm32g0xx_hal_msp.o
                                      0x867ba (size before relaxing)
 .debug_str     0x000000000008aa74       0x82 ./Core/Src/stm32g0xx_it.o
                                      0x86738 (size before relaxing)
 .debug_str     0x000000000008aaf6     0x166e ./Core/Src/syscalls.o
                                       0x8976 (size before relaxing)
 .debug_str     0x000000000008c164       0x6b ./Core/Src/sysmem.o
                                       0x5cb2 (size before relaxing)
 .debug_str     0x000000000008c1cf       0x8e ./Core/Src/system_stm32g0xx.o
                                      0x8680b (size before relaxing)
 .debug_str     0x000000000008c25d      0x3e7 ./Core/Src/tim.o
                                      0x86f3e (size before relaxing)
 .debug_str     0x000000000008c644       0x84 ./Core/Src/uart_half_duplex_driver.o
                                      0x86d2f (size before relaxing)
 .debug_str     0x000000000008c6c8      0x186 ./Core/Src/usart.o
                                      0x86f5c (size before relaxing)
 .debug_str     0x000000000008c84e      0x2f2 ./Core/Src/xl320_driver.o
                                      0x8aa3d (size before relaxing)
 .debug_str     0x000000000008cb40       0x36 ./Core/Startup/startup_stm32g070rbtx.o
                                         0x78 (size before relaxing)
 .debug_str     0x000000000008cb76      0x614 ./Drivers/STM32G0xx_HAL_Driver/Src/stm32g0xx_hal.o
                                      0x86ead (size before relaxing)
 .debug_str     0x000000000008d18a      0x27a ./Drivers/STM32G0xx_HAL_Driver/Src/stm32g0xx_hal_cortex.o
                                      0x86c52 (size before relaxing)
 .debug_str     0x000000000008d404      0x170 ./Drivers/STM32G0xx_HAL_Driver/Src/stm32g0xx_hal_gpio.o
                                      0x86940 (size before relaxing)
 .debug_str     0x000000000008d574      0x221 ./Drivers/STM32G0xx_HAL_Driver/Src/stm32g0xx_hal_pwr_ex.o
                                      0x86a5f (size before relaxing)
 .debug_str     0x000000000008d795      0x357 ./Drivers/STM32G0xx_HAL_Driver/Src/stm32g0xx_hal_rcc.o
                                      0x86dfc (size before relaxing)
 .debug_str     0x000000000008daec      0x185 ./Drivers/STM32G0xx_HAL_Driver/Src/stm32g0xx_hal_rcc_ex.o
                                      0x86b5c (size before relaxing)
 .debug_str     0x000000000008dc71      0xe8a ./Drivers/STM32G0xx_HAL_Driver/Src/stm32g0xx_hal_tim.o
                                      0x87d3d (size before relaxing)
 .debug_str     0x000000000008eafb      0x955 ./Drivers/STM32G0xx_HAL_Driver/Src/stm32g0xx_hal_uart.o
                                      0x877d6 (size before relaxing)
 .debug_str     0x000000000008f450      0x264 ./Drivers/STM32G0xx_HAL_Driver/Src/stm32g0xx_hal_uart_ex.o
                                      0x87095 (size before relaxing)

.comment        0x0000000000000000       0x50
 .comment       0x0000000000000000       0x50 ./Core/Src/gpio.o
                                         0x51 (size before relaxing)
 .comment       0x0000000000000050       0x51 ./Core/Src/main.o
 .comment       0x0000000000000050       0x51 ./Core/Src/stm32g0xx_hal_msp.o
 .comment       0x0000000000000050       0x51 ./Core/Src/stm32g0xx_it.o
 .comment       0x0000000000000050       0x51 ./Core/Src/syscalls.o
 .comment       0x0000000000000050       0x51 ./Core/Src/sysmem.o
 .comment       0x0000000000000050       0x51 ./Core/Src/system_stm32g0xx.o
 .comment       0x0000000000000050       0x51 ./Core/Src/tim.o
 .comment       0x0000000000000050       0x51 ./Core/Src/uart_half_duplex_driver.o
 .comment       0x0000000000000050       0x51 ./Core/Src/usart.o
 .comment       0x0000000000000050       0x51 ./Core/Src/xl320_driver.o
 .comment       0x0000000000000050       0x51 ./Drivers/STM32G0xx_HAL_Driver/Src/stm32g0xx_hal.o
 .comment       0x0000000000000050       0x51 ./Drivers/STM32G0xx_HAL_Driver/Src/stm32g0xx_hal_cortex.o
 .comment       0x0000000000000050       0x51 ./Drivers/STM32G0xx_HAL_Driver/Src/stm32g0xx_hal_gpio.o
 .comment       0x0000000000000050       0x51 ./Drivers/STM32G0xx_HAL_Driver/Src/stm32g0xx_hal_pwr_ex.o
 .comment       0x0000000000000050       0x51 ./Drivers/STM32G0xx_HAL_Driver/Src/stm32g0xx_hal_rcc.o
 .comment       0x0000000000000050       0x51 ./Drivers/STM32G0xx_HAL_Driver/Src/stm32g0xx_hal_rcc_ex.o
 .comment       0x0000000000000050       0x51 ./Drivers/STM32G0xx_HAL_Driver/Src/stm32g0xx_hal_tim.o
 .comment       0x0000000000000050       0x51 ./Drivers/STM32G0xx_HAL_Driver/Src/stm32g0xx_hal_uart.o
 .comment       0x0000000000000050       0x51 ./Drivers/STM32G0xx_HAL_Driver/Src/stm32g0xx_hal_uart_ex.o

.debug_frame    0x0000000000000000     0x37d0
 .debug_frame   0x0000000000000000       0x30 ./Core/Src/gpio.o
 .debug_frame   0x0000000000000030       0xa8 ./Core/Src/main.o
 .debug_frame   0x00000000000000d8       0x30 ./Core/Src/stm32g0xx_hal_msp.o
 .debug_frame   0x0000000000000108       0x9c ./Core/Src/stm32g0xx_it.o
 .debug_frame   0x00000000000001a4      0x244 ./Core/Src/syscalls.o
 .debug_frame   0x00000000000003e8       0x30 ./Core/Src/sysmem.o
 .debug_frame   0x0000000000000418       0x4c ./Core/Src/system_stm32g0xx.o
 .debug_frame   0x0000000000000464       0x70 ./Core/Src/tim.o
 .debug_frame   0x00000000000004d4       0x58 ./Core/Src/uart_half_duplex_driver.o
 .debug_frame   0x000000000000052c       0x88 ./Core/Src/usart.o
 .debug_frame   0x00000000000005b4      0x224 ./Core/Src/xl320_driver.o
 .debug_frame   0x00000000000007d8      0x340 ./Drivers/STM32G0xx_HAL_Driver/Src/stm32g0xx_hal.o
 .debug_frame   0x0000000000000b18      0x2fc ./Drivers/STM32G0xx_HAL_Driver/Src/stm32g0xx_hal_cortex.o
 .debug_frame   0x0000000000000e14      0x130 ./Drivers/STM32G0xx_HAL_Driver/Src/stm32g0xx_hal_gpio.o
 .debug_frame   0x0000000000000f44      0x1f4 ./Drivers/STM32G0xx_HAL_Driver/Src/stm32g0xx_hal_pwr_ex.o
 .debug_frame   0x0000000000001138      0x214 ./Drivers/STM32G0xx_HAL_Driver/Src/stm32g0xx_hal_rcc.o
 .debug_frame   0x000000000000134c       0xb0 ./Drivers/STM32G0xx_HAL_Driver/Src/stm32g0xx_hal_rcc_ex.o
 .debug_frame   0x00000000000013fc      0xf40 ./Drivers/STM32G0xx_HAL_Driver/Src/stm32g0xx_hal_tim.o
 .debug_frame   0x000000000000233c      0x8d4 ./Drivers/STM32G0xx_HAL_Driver/Src/stm32g0xx_hal_uart.o